******************************************************************************
            TI ARM Clang Linker PC v4.0.4                      
******************************************************************************
>> Linked Wed Apr 22 22:33:09 2026

OUTPUT FILE NAME:   <M0G3507_TB6612_TT2.out>
ENTRY POINT SYMBOL: "_c_int00_noargs"  address: 000015dd


MEMORY CONFIGURATION

         name            origin    length      used     unused   attr    fill
----------------------  --------  ---------  --------  --------  ----  --------
  FLASH                 00000000   00020000  000017a0  0001e860  R  X
  SRAM                  20200000   00008000  00000293  00007d6d  RW X
  BCR_CONFIG            41c00000   000000ff  00000000  000000ff  R   
  BSL_CONFIG            41c00100   00000080  00000000  00000080  R   


SEGMENT ALLOCATION MAP

run origin  load origin   length   init length attrs members
----------  ----------- ---------- ----------- ----- -------
00000000    00000000    000017a0   000017a0    r-x
  00000000    00000000    000000c0   000000c0    r-- .intvecs
  000000c0    000000c0    00001680   00001680    r-x .text
  00001740    00001740    00000028   00000028    r-- .rodata
  00001768    00001768    00000038   00000038    r-- .cinit
20200000    20200000    00000093   00000000    rw-
  20200000    20200000    00000064   00000000    rw- .bss
  20200064    20200064    0000002f   00000000    rw- .data
20207e00    20207e00    00000200   00000000    rw-
  20207e00    20207e00    00000200   00000000    rw- .stack


SECTION ALLOCATION MAP

 output                                  attributes/
section   page    origin      length       input sections
--------  ----  ----------  ----------   ----------------
.intvecs   0    00000000    000000c0     
                  00000000    000000c0     startup_mspm0g350x_ticlang.o (.intvecs)

.text      0    000000c0    00001680     
                  000000c0    000001a8     uart.o (.text.uart0_send_float)
                  00000268    00000192     libclang_rt.builtins.a : adddf3.S.obj (.text.adddf3_subdf3)
                  000003fa    00000002     startup_mspm0g350x_ticlang.o (.text.Default_Handler)
                  000003fc    00000140     Encoder.o (.text.MEASURE_MOTORS_SPEED)
                  0000053c    0000011c     motor.o (.text.SetSpeed)
                  00000658    0000010c     libclang_rt.builtins.a : divdf3.S.obj (.text.__divdf3)
                  00000764    00000104     driverlib.a : dl_timer.o (.text.DL_Timer_initFourCCPWMMode)
                  00000868    00000100     motor.o (.text.Motor_Init)
                  00000968    000000e4     libclang_rt.builtins.a : muldf3.S.obj (.text.__muldf3)
                  00000a4c    000000d8                            : addsf3.S.obj (.text)
                  00000b24    000000d4     Encoder.o (.text.GROUP1_IRQHandler)
                  00000bf8    000000a8     ti_msp_dl_config.o (.text.SYSCFG_DL_GPIO_init)
                  00000ca0    0000009a     libc.a : memcpy16.S.obj (.text:memcpy)
                  00000d3a    00000002     libclang_rt.builtins.a : aeabi_div0.c.obj (.text.__aeabi_idiv0)
                  00000d3c    00000090     ti_msp_dl_config.o (.text.SYSCFG_DL_TB6612_PWM_init)
                  00000dcc    0000008c     libclang_rt.builtins.a : mulsf3.S.obj (.text.__mulsf3)
                  00000e58    00000082                            : divsf3.S.obj (.text.__divsf3)
                  00000eda    00000002     --HOLE-- [fill = 0]
                  00000edc    0000007c     empty.o (.text.main)
                  00000f58    0000007c     libc.a : copy_decompress_lzss.c.obj (.text:decompress:lzss)
                  00000fd4    00000078     uart.o (.text.Uartinit)
                  0000104c    00000004     libsysbm.a : hostexit.c.obj (.text.HOSTexit)
                  00001050    00000074     libclang_rt.builtins.a : truncdfsf2.S.obj (.text.__truncdfsf2)
                  000010c4    00000070     ti_msp_dl_config.o (.text.SYSCFG_DL_UART_0_init)
                  00001134    00000070     uart.o (.text.uart0_send_vofa)
                  000011a4    0000006c     pid.o (.text.PID_Calc_Incremental)
                  00001210    00000062     libclang_rt.builtins.a : aeabi_fcmp.S.obj (.text.__aeabi_fcmp)
                  00001272    00000002     --HOLE-- [fill = 0]
                  00001274    00000048     driverlib.a : dl_uart.o (.text.DL_UART_init)
                  000012bc    00000040     ti_msp_dl_config.o (.text.SYSCFG_DL_initPower)
                  000012fc    00000040     libclang_rt.builtins.a : aeabi_uidivmod.S.obj (.text.__aeabi_uidivmod)
                  0000133c    00000040                            : extendsfdf2.S.obj (.text.__extendsfdf2)
                  0000137c    0000003c                            : floatsisf.S.obj (.text.__floatsisf)
                  000013b8    0000003c                            : comparesf2.S.obj (.text.__gtsf2)
                  000013f4    0000003c     libc.a : autoinit.c.obj (.text:__TI_auto_init_nobinit_nopinit)
                  00001430    0000003a     libclang_rt.builtins.a : comparesf2.S.obj (.text.__eqsf2)
                  0000146a    00000002     --HOLE-- [fill = 0]
                  0000146c    0000003a                            : muldsi3.S.obj (.text.__muldsi3)
                  000014a6    00000002     --HOLE-- [fill = 0]
                  000014a8    00000038     clock.o (.text.SysTick_Init)
                  000014e0    00000038     uart.o (.text.UART0_IRQHandler)
                  00001518    00000038     libclang_rt.builtins.a : fixsfsi.S.obj (.text.__fixsfsi)
                  00001550    00000032                            : fixunssfsi.S.obj (.text.__fixunssfsi)
                  00001582    00000002     --HOLE-- [fill = 0]
                  00001584    00000030     ti_msp_dl_config.o (.text.SYSCFG_DL_SYSTICK_init)
                  000015b4    00000028     libclang_rt.builtins.a : floatunsisf.S.obj (.text.__floatunsisf)
                  000015dc    00000028     libc.a : boot_cortex_m.c.obj (.text:_c_int00_noargs)
                  00001604    0000001c     driverlib.a : dl_timer.o (.text.DL_Timer_setCaptCompUpdateMethod)
                  00001620    0000001c                 : dl_timer.o (.text.DL_Timer_setClockConfig)
                  0000163c    0000001c     graph.o (.text.GRAPH_SENSOR_Init)
                  00001658    0000001c     ti_msp_dl_config.o (.text.SYSCFG_DL_SYSCTL_init)
                  00001674    0000001c     ti_msp_dl_config.o (.text.SYSCFG_DL_init)
                  00001690    00000018     driverlib.a : dl_timer.o (.text.DL_Timer_setCaptureCompareOutCtl)
                  000016a8    00000016     pid.o (.text.PID_Init)
                  000016be    00000016     libc.a : copy_zero_init.c.obj (.text:decompress:ZI:__TI_zero_init_nomemset)
                  000016d4    00000012     driverlib.a : dl_uart.o (.text.DL_UART_setClockConfig)
                  000016e6    00000012     libc.a : copy_decompress_none.c.obj (.text:decompress:none)
                  000016f8    00000010     driverlib.a : dl_timer.o (.text.DL_Timer_setCaptureCompareValue)
                  00001708    00000010     clock.o (.text.SysTick_Handler)
                  00001718    0000000a     driverlib.a : dl_common.o (.text.DL_Common_delayCycles)
                  00001722    00000002     --HOLE-- [fill = 0]
                  00001724    00000008     libclang_rt.builtins.a : aeabi_memcpy.S.obj (.text.__aeabi_memcpy)
                  0000172c    00000006     libc.a : exit.c.obj (.text:abort)
                  00001732    00000004     startup_mspm0g350x_ticlang.o (.text.Reset_Handler)
                  00001736    00000004     libc.a : pre_init.c.obj (.text._system_pre_init)
                  0000173a    00000006     --HOLE-- [fill = 0]

.cinit     0    00001768    00000038     
                  00001768    00000012     (.cinit..data.load) [load image, compression = lzss]
                  0000177a    00000002     --HOLE-- [fill = 0]
                  0000177c    0000000c     (__TI_handler_table)
                  00001788    00000008     (.cinit..bss.load) [load image, compression = zero_init]
                  00001790    00000010     (__TI_cinit_table)

.rodata    0    00001740    00000028     
                  00001740    0000000e     uart.o (.rodata.str1.14464947116831474962.1)
                  0000174e    0000000a     ti_msp_dl_config.o (.rodata.gUART_0Config)
                  00001758    00000008     ti_msp_dl_config.o (.rodata.gTB6612_PWMConfig)
                  00001760    00000003     ti_msp_dl_config.o (.rodata.gTB6612_PWMClockConfig)
                  00001763    00000002     ti_msp_dl_config.o (.rodata.gUART_0ClockConfig)
                  00001765    00000003     --HOLE-- [fill = 0]

.init_array 
*          0    00000000    00000000     UNINITIALIZED

.binit     0    00000000    00000000     

.bss       0    20200000    00000064     UNINITIALIZED
                  20200000    00000030     (.common:pid_motor1)
                  20200030    00000030     (.common:pid_motor2)
                  20200060    00000004     (.common:tick_ms)

.data      0    20200064    0000002f     UNINITIALIZED
                  20200064    00000004     Encoder.o (.data.Measure_Distance)
                  20200068    00000004     Encoder.o (.data.Motor1_Encoder_Value)
                  2020006c    00000004     Encoder.o (.data.Motor1_Lucheng)
                  20200070    00000004     Encoder.o (.data.Motor1_Speed)
                  20200074    00000004     Encoder.o (.data.Motor2_Encoder_Value)
                  20200078    00000004     Encoder.o (.data.Motor2_Lucheng)
                  2020007c    00000004     Encoder.o (.data.Motor2_Speed)
                  20200080    00000004     motor.o (.data.g_pwm1)
                  20200084    00000004     motor.o (.data.g_pwm2)
                  20200088    00000004     empty.o (.data.main.last_measure)
                  2020008c    00000004     empty.o (.data.main.last_uart)
                  20200090    00000001     motor.o (.data.g_dir1)
                  20200091    00000001     motor.o (.data.g_dir2)
                  20200092    00000001     uart.o (.data.uart_data)

.stack     0    20207e00    00000200     UNINITIALIZED
                  20207e00    00000004     libc.a : boot_cortex_m.c.obj (.stack)
                  20207e04    000001fc     --HOLE--

__llvm_prf_cnts 
*          0    20200000    00000000     UNINITIALIZED

__llvm_prf_bits 
*          0    20200000    00000000     UNINITIALIZED

MODULE SUMMARY

       Module                         code   ro data   rw data
       ------                         ----   -------   -------
    .\
       ti_msp_dl_config.o             592    23        0      
       startup_mspm0g350x_ticlang.o   6      192       0      
       empty.o                        124    0         8      
    +--+------------------------------+------+---------+---------+
       Total:                         722    215       8      
                                                              
    .\Encoder\
       Encoder.o                      532    0         28     
    +--+------------------------------+------+---------+---------+
       Total:                         532    0         28     
                                                              
    .\GRAPH\
       graph.o                        28     0         0      
    +--+------------------------------+------+---------+---------+
       Total:                         28     0         0      
                                                              
    .\Motor\
       motor.o                        540    0         106    
    +--+------------------------------+------+---------+---------+
       Total:                         540    0         106    
                                                              
    .\PID\
       pid.o                          130    0         0      
    +--+------------------------------+------+---------+---------+
       Total:                         130    0         0      
                                                              
    .\Uart\
       uart.o                         712    14        1      
    +--+------------------------------+------+---------+---------+
       Total:                         712    14        1      
                                                              
    .\clock\
       clock.o                        72     0         4      
    +--+------------------------------+------+---------+---------+
       Total:                         72     0         4      
                                                              
    C:/ti/mspm0_sdk_2_10_00_04/source/ti/driverlib/lib/ticlang/m0p/mspm0g1x0x_g3x0x/driverlib.a
       dl_timer.o                     356    0         0      
       dl_uart.o                      90     0         0      
       dl_common.o                    10     0         0      
    +--+------------------------------+------+---------+---------+
       Total:                         456    0         0      
                                                              
    D:\Study\DianSai\M0_software_info\CCS Theia\ccs\tools\compiler\ti-cgt-armllvm_4.0.4.LTS\lib\armv6m-ti-none-eabi/c/libc.a
       memcpy16.S.obj                 154    0         0      
       copy_decompress_lzss.c.obj     124    0         0      
       autoinit.c.obj                 60     0         0      
       boot_cortex_m.c.obj            40     0         0      
       copy_zero_init.c.obj           22     0         0      
       copy_decompress_none.c.obj     18     0         0      
       exit.c.obj                     6      0         0      
       pre_init.c.obj                 4      0         0      
    +--+------------------------------+------+---------+---------+
       Total:                         428    0         0      
                                                              
    D:\Study\DianSai\M0_software_info\CCS Theia\ccs\tools\compiler\ti-cgt-armllvm_4.0.4.LTS\lib\armv6m-ti-none-eabi/c/libsysbm.a
       hostexit.c.obj                 4      0         0      
    +--+------------------------------+------+---------+---------+
       Total:                         4      0         0      
                                                              
    D:\Study\DianSai\M0_software_info\CCS Theia\ccs\tools\compiler\ti-cgt-armllvm_4.0.4.LTS\lib\armv6m-ti-none-eabi/libclang_rt.builtins.a
       adddf3.S.obj                   402    0         0      
       divdf3.S.obj                   268    0         0      
       muldf3.S.obj                   228    0         0      
       addsf3.S.obj                   216    0         0      
       mulsf3.S.obj                   140    0         0      
       divsf3.S.obj                   130    0         0      
       comparesf2.S.obj               118    0         0      
       truncdfsf2.S.obj               116    0         0      
       aeabi_fcmp.S.obj               98     0         0      
       aeabi_uidivmod.S.obj           64     0         0      
       extendsfdf2.S.obj              64     0         0      
       floatsisf.S.obj                60     0         0      
       muldsi3.S.obj                  58     0         0      
       fixsfsi.S.obj                  56     0         0      
       fixunssfsi.S.obj               50     0         0      
       floatunsisf.S.obj              40     0         0      
       aeabi_memcpy.S.obj             8      0         0      
       aeabi_div0.c.obj               2      0         0      
    +--+------------------------------+------+---------+---------+
       Total:                         2118   0         0      
                                                              
       Stack:                         0      0         512    
       Linker Generated:              0      54        0      
    +--+------------------------------+------+---------+---------+
       Grand Total:                   5742   283       659    


LINKER GENERATED COPY TABLES

__TI_cinit_table @ 00001790 records: 2, size/record: 8, table size: 16
	.data: load addr=00001768, load size=00000012 bytes, run addr=20200064, run size=0000002f bytes, compression=lzss
	.bss: load addr=00001788, load size=00000008 bytes, run addr=20200000, run size=00000064 bytes, compression=zero_init


LINKER GENERATED HANDLER TABLE

__TI_handler_table @ 0000177c records: 3, size/record: 4, table size: 12
	index: 0, handler: __TI_decompress_lzss
	index: 1, handler: __TI_decompress_none
	index: 2, handler: __TI_zero_init


GLOBAL SYMBOLS: SORTED ALPHABETICALLY BY Name 

address   name                            
-------   ----                            
000003fb  ADC0_IRQHandler                 
000003fb  ADC1_IRQHandler                 
000003fb  AES_IRQHandler                  
0000104c  C$$EXIT                         
000003fb  CANFD0_IRQHandler               
000003fb  DAC0_IRQHandler                 
00001719  DL_Common_delayCycles           
00000765  DL_Timer_initFourCCPWMMode      
00001605  DL_Timer_setCaptCompUpdateMethod
00001691  DL_Timer_setCaptureCompareOutCtl
000016f9  DL_Timer_setCaptureCompareValue 
00001621  DL_Timer_setClockConfig         
00001275  DL_UART_init                    
000016d5  DL_UART_setClockConfig          
000003fb  DMA_IRQHandler                  
000003fb  Default_Handler                 
0000163d  GRAPH_SENSOR_Init               
000003fb  GROUP0_IRQHandler               
00000b25  GROUP1_IRQHandler               
0000104d  HOSTexit                        
000003fb  HardFault_Handler               
000003fb  I2C0_IRQHandler                 
000003fb  I2C1_IRQHandler                 
000003fd  MEASURE_MOTORS_SPEED            
20200064  Measure_Distance                
20200068  Motor1_Encoder_Value            
2020006c  Motor1_Lucheng                  
20200070  Motor1_Speed                    
20200074  Motor2_Encoder_Value            
20200078  Motor2_Lucheng                  
2020007c  Motor2_Speed                    
00000869  Motor_Init                      
000003fb  NMI_Handler                     
000011a5  PID_Calc_Incremental            
000016a9  PID_Init                        
000003fb  PendSV_Handler                  
000003fb  RTC_IRQHandler                  
00001733  Reset_Handler                   
000003fb  SPI0_IRQHandler                 
000003fb  SPI1_IRQHandler                 
000003fb  SVC_Handler                     
00000bf9  SYSCFG_DL_GPIO_init             
00001659  SYSCFG_DL_SYSCTL_init           
00001585  SYSCFG_DL_SYSTICK_init          
00000d3d  SYSCFG_DL_TB6612_PWM_init       
000010c5  SYSCFG_DL_UART_0_init           
00001675  SYSCFG_DL_init                  
000012bd  SYSCFG_DL_initPower             
0000053d  SetSpeed                        
00001709  SysTick_Handler                 
000014a9  SysTick_Init                    
000003fb  TIMA0_IRQHandler                
000003fb  TIMA1_IRQHandler                
000003fb  TIMG0_IRQHandler                
000003fb  TIMG12_IRQHandler               
000003fb  TIMG6_IRQHandler                
000003fb  TIMG7_IRQHandler                
000003fb  TIMG8_IRQHandler                
000014e1  UART0_IRQHandler                
000003fb  UART1_IRQHandler                
000003fb  UART2_IRQHandler                
000003fb  UART3_IRQHandler                
00000fd5  Uartinit                        
20208000  __STACK_END                     
00000200  __STACK_SIZE                    
00000000  __TI_ATRegion0_region_sz        
00000000  __TI_ATRegion0_src_addr         
00000000  __TI_ATRegion0_trg_addr         
00000000  __TI_ATRegion1_region_sz        
00000000  __TI_ATRegion1_src_addr         
00000000  __TI_ATRegion1_trg_addr         
00000000  __TI_ATRegion2_region_sz        
00000000  __TI_ATRegion2_src_addr         
00000000  __TI_ATRegion2_trg_addr         
00001790  __TI_CINIT_Base                 
000017a0  __TI_CINIT_Limit                
000017a0  __TI_CINIT_Warm                 
0000177c  __TI_Handler_Table_Base         
00001788  __TI_Handler_Table_Limit        
000013f5  __TI_auto_init_nobinit_nopinit  
00000f59  __TI_decompress_lzss            
000016e7  __TI_decompress_none            
ffffffff  __TI_pprof_out_hndl             
ffffffff  __TI_prof_data_size             
ffffffff  __TI_prof_data_start            
00000000  __TI_static_base__              
000016bf  __TI_zero_init_nomemset         
00000273  __adddf3                        
00000a57  __addsf3                        
00001051  __aeabi_d2f                     
00000273  __aeabi_dadd                    
00000659  __aeabi_ddiv                    
00000969  __aeabi_dmul                    
00000269  __aeabi_dsub                    
0000133d  __aeabi_f2d                     
00001519  __aeabi_f2iz                    
00001551  __aeabi_f2uiz                   
00000a57  __aeabi_fadd                    
00001211  __aeabi_fcmpeq                  
0000124d  __aeabi_fcmpge                  
00001261  __aeabi_fcmpgt                  
00001239  __aeabi_fcmple                  
00001225  __aeabi_fcmplt                  
00000e59  __aeabi_fdiv                    
00000dcd  __aeabi_fmul                    
00000a4d  __aeabi_fsub                    
0000137d  __aeabi_i2f                     
00000d3b  __aeabi_idiv0                   
00001725  __aeabi_memcpy                  
00001725  __aeabi_memcpy4                 
00001725  __aeabi_memcpy8                 
000015b5  __aeabi_ui2f                    
000012fd  __aeabi_uidiv                   
000012fd  __aeabi_uidivmod                
ffffffff  __binit__                       
00001431  __cmpsf2                        
00000659  __divdf3                        
00000e59  __divsf3                        
00001431  __eqsf2                         
0000133d  __extendsfdf2                   
00001519  __fixsfsi                       
00001551  __fixunssfsi                    
0000137d  __floatsisf                     
000015b5  __floatunsisf                   
000013b9  __gesf2                         
000013b9  __gtsf2                         
00001431  __lesf2                         
00001431  __ltsf2                         
UNDEFED   __mpu_init                      
00000969  __muldf3                        
0000146d  __muldsi3                       
00000dcd  __mulsf3                        
00001431  __nesf2                         
20207e00  __stack                         
20200000  __start___llvm_prf_bits         
20200000  __start___llvm_prf_cnts         
20200000  __stop___llvm_prf_bits          
20200000  __stop___llvm_prf_cnts          
00000269  __subdf3                        
00000a4d  __subsf3                        
00001051  __truncdfsf2                    
000015dd  _c_int00_noargs                 
UNDEFED   _system_post_cinit              
00001737  _system_pre_init                
0000172d  abort                           
ffffffff  binit                           
20200090  g_dir1                          
20200091  g_dir2                          
20200080  g_pwm1                          
20200084  g_pwm2                          
00000000  interruptVectors                
00000edd  main                            
00000ca1  memcpy                          
20200000  pid_motor1                      
20200030  pid_motor2                      
20200060  tick_ms                         
000000c1  uart0_send_float                
00001135  uart0_send_vofa                 
20200092  uart_data                       


GLOBAL SYMBOLS: SORTED BY Symbol Address 

address   name                            
-------   ----                            
00000000  __TI_ATRegion0_region_sz        
00000000  __TI_ATRegion0_src_addr         
00000000  __TI_ATRegion0_trg_addr         
00000000  __TI_ATRegion1_region_sz        
00000000  __TI_ATRegion1_src_addr         
00000000  __TI_ATRegion1_trg_addr         
00000000  __TI_ATRegion2_region_sz        
00000000  __TI_ATRegion2_src_addr         
00000000  __TI_ATRegion2_trg_addr         
00000000  __TI_static_base__              
00000000  interruptVectors                
000000c1  uart0_send_float                
00000200  __STACK_SIZE                    
00000269  __aeabi_dsub                    
00000269  __subdf3                        
00000273  __adddf3                        
00000273  __aeabi_dadd                    
000003fb  ADC0_IRQHandler                 
000003fb  ADC1_IRQHandler                 
000003fb  AES_IRQHandler                  
000003fb  CANFD0_IRQHandler               
000003fb  DAC0_IRQHandler                 
000003fb  DMA_IRQHandler                  
000003fb  Default_Handler                 
000003fb  GROUP0_IRQHandler               
000003fb  HardFault_Handler               
000003fb  I2C0_IRQHandler                 
000003fb  I2C1_IRQHandler                 
000003fb  NMI_Handler                     
000003fb  PendSV_Handler                  
000003fb  RTC_IRQHandler                  
000003fb  SPI0_IRQHandler                 
000003fb  SPI1_IRQHandler                 
000003fb  SVC_Handler                     
000003fb  TIMA0_IRQHandler                
000003fb  TIMA1_IRQHandler                
000003fb  TIMG0_IRQHandler                
000003fb  TIMG12_IRQHandler               
000003fb  TIMG6_IRQHandler                
000003fb  TIMG7_IRQHandler                
000003fb  TIMG8_IRQHandler                
000003fb  UART1_IRQHandler                
000003fb  UART2_IRQHandler                
000003fb  UART3_IRQHandler                
000003fd  MEASURE_MOTORS_SPEED            
0000053d  SetSpeed                        
00000659  __aeabi_ddiv                    
00000659  __divdf3                        
00000765  DL_Timer_initFourCCPWMMode      
00000869  Motor_Init                      
00000969  __aeabi_dmul                    
00000969  __muldf3                        
00000a4d  __aeabi_fsub                    
00000a4d  __subsf3                        
00000a57  __addsf3                        
00000a57  __aeabi_fadd                    
00000b25  GROUP1_IRQHandler               
00000bf9  SYSCFG_DL_GPIO_init             
00000ca1  memcpy                          
00000d3b  __aeabi_idiv0                   
00000d3d  SYSCFG_DL_TB6612_PWM_init       
00000dcd  __aeabi_fmul                    
00000dcd  __mulsf3                        
00000e59  __aeabi_fdiv                    
00000e59  __divsf3                        
00000edd  main                            
00000f59  __TI_decompress_lzss            
00000fd5  Uartinit                        
0000104c  C$$EXIT                         
0000104d  HOSTexit                        
00001051  __aeabi_d2f                     
00001051  __truncdfsf2                    
000010c5  SYSCFG_DL_UART_0_init           
00001135  uart0_send_vofa                 
000011a5  PID_Calc_Incremental            
00001211  __aeabi_fcmpeq                  
00001225  __aeabi_fcmplt                  
00001239  __aeabi_fcmple                  
0000124d  __aeabi_fcmpge                  
00001261  __aeabi_fcmpgt                  
00001275  DL_UART_init                    
000012bd  SYSCFG_DL_initPower             
000012fd  __aeabi_uidiv                   
000012fd  __aeabi_uidivmod                
0000133d  __aeabi_f2d                     
0000133d  __extendsfdf2                   
0000137d  __aeabi_i2f                     
0000137d  __floatsisf                     
000013b9  __gesf2                         
000013b9  __gtsf2                         
000013f5  __TI_auto_init_nobinit_nopinit  
00001431  __cmpsf2                        
00001431  __eqsf2                         
00001431  __lesf2                         
00001431  __ltsf2                         
00001431  __nesf2                         
0000146d  __muldsi3                       
000014a9  SysTick_Init                    
000014e1  UART0_IRQHandler                
00001519  __aeabi_f2iz                    
00001519  __fixsfsi                       
00001551  __aeabi_f2uiz                   
00001551  __fixunssfsi                    
00001585  SYSCFG_DL_SYSTICK_init          
000015b5  __aeabi_ui2f                    
000015b5  __floatunsisf                   
000015dd  _c_int00_noargs                 
00001605  DL_Timer_setCaptCompUpdateMethod
00001621  DL_Timer_setClockConfig         
0000163d  GRAPH_SENSOR_Init               
00001659  SYSCFG_DL_SYSCTL_init           
00001675  SYSCFG_DL_init                  
00001691  DL_Timer_setCaptureCompareOutCtl
000016a9  PID_Init                        
000016bf  __TI_zero_init_nomemset         
000016d5  DL_UART_setClockConfig          
000016e7  __TI_decompress_none            
000016f9  DL_Timer_setCaptureCompareValue 
00001709  SysTick_Handler                 
00001719  DL_Common_delayCycles           
00001725  __aeabi_memcpy                  
00001725  __aeabi_memcpy4                 
00001725  __aeabi_memcpy8                 
0000172d  abort                           
00001733  Reset_Handler                   
00001737  _system_pre_init                
0000177c  __TI_Handler_Table_Base         
00001788  __TI_Handler_Table_Limit        
00001790  __TI_CINIT_Base                 
000017a0  __TI_CINIT_Limit                
000017a0  __TI_CINIT_Warm                 
20200000  __start___llvm_prf_bits         
20200000  __start___llvm_prf_cnts         
20200000  __stop___llvm_prf_bits          
20200000  __stop___llvm_prf_cnts          
20200000  pid_motor1                      
20200030  pid_motor2                      
20200060  tick_ms                         
20200064  Measure_Distance                
20200068  Motor1_Encoder_Value            
2020006c  Motor1_Lucheng                  
20200070  Motor1_Speed                    
20200074  Motor2_Encoder_Value            
20200078  Motor2_Lucheng                  
2020007c  Motor2_Speed                    
20200080  g_pwm1                          
20200084  g_pwm2                          
20200090  g_dir1                          
20200091  g_dir2                          
20200092  uart_data                       
20207e00  __stack                         
20208000  __STACK_END                     
ffffffff  __TI_pprof_out_hndl             
ffffffff  __TI_prof_data_size             
ffffffff  __TI_prof_data_start            
ffffffff  __binit__                       
ffffffff  binit                           
UNDEFED   __mpu_init                      
UNDEFED   _system_post_cinit              

[159 symbols]
