******************************************************************************
            TI ARM Clang Linker PC v4.0.4                      
******************************************************************************
>> Linked Wed Apr 22 20:59:01 2026

OUTPUT FILE NAME:   <M0G3507_TB6612_TT2.out>
ENTRY POINT SYMBOL: "_c_int00_noargs"  address: 00001595


MEMORY CONFIGURATION

         name            origin    length      used     unused   attr    fill
----------------------  --------  ---------  --------  --------  ----  --------
  FLASH                 00000000   00020000  00001768  0001e898  R  X
  SRAM                  20200000   00008000  00000293  00007d6d  RW X
  BCR_CONFIG            41c00000   000000ff  00000000  000000ff  R   
  BSL_CONFIG            41c00100   00000080  00000000  00000080  R   


SEGMENT ALLOCATION MAP

run origin  load origin   length   init length attrs members
----------  ----------- ---------- ----------- ----- -------
00000000    00000000    00001768   00001768    r-x
  00000000    00000000    000000c0   000000c0    r-- .intvecs
  000000c0    000000c0    00001630   00001630    r-x .text
  000016f0    000016f0    00000040   00000040    r-- .rodata
  00001730    00001730    00000038   00000038    r-- .cinit
20200000    20200000    00000093   00000000    rw-
  20200000    20200000    00000064   00000000    rw- .bss
  20200064    20200064    0000002f   00000000    rw- .data
20207e00    20207e00    00000200   00000000    rw-
  20207e00    20207e00    00000200   00000000    rw- .stack


SECTION ALLOCATION MAP

 output                                  attributes/
section   page    origin      length       input sections
--------  ----  ----------  ----------   ----------------
.intvecs   0    00000000    000000c0     
                  00000000    000000c0     startup_mspm0g350x_ticlang.o (.intvecs)

.text      0    000000c0    00001630     
                  000000c0    00000192     libclang_rt.builtins.a : adddf3.S.obj (.text.adddf3_subdf3)
                  00000252    00000002     startup_mspm0g350x_ticlang.o (.text.Default_Handler)
                  00000254    00000140     Encoder.o (.text.MEASURE_MOTORS_SPEED)
                  00000394    0000011c     motor.o (.text.SetSpeed)
                  000004b0    0000010c     libclang_rt.builtins.a : divdf3.S.obj (.text.__divdf3)
                  000005bc    00000104     driverlib.a : dl_timer.o (.text.DL_Timer_initFourCCPWMMode)
                  000006c0    00000100     motor.o (.text.Motor_Init)
                  000007c0    000000e4     libclang_rt.builtins.a : muldf3.S.obj (.text.__muldf3)
                  000008a4    000000e4     uart.o (.text.uart0_send_speed)
                  00000988    000000dc     empty.o (.text.main)
                  00000a64    000000d8     libclang_rt.builtins.a : addsf3.S.obj (.text)
                  00000b3c    000000d4     Encoder.o (.text.GROUP1_IRQHandler)
                  00000c10    000000a8     ti_msp_dl_config.o (.text.SYSCFG_DL_GPIO_init)
                  00000cb8    0000009a     libc.a : memcpy16.S.obj (.text:memcpy)
                  00000d52    00000002     libclang_rt.builtins.a : aeabi_div0.c.obj (.text.__aeabi_idiv0)
                  00000d54    00000090     ti_msp_dl_config.o (.text.SYSCFG_DL_TB6612_PWM_init)
                  00000de4    0000008c     libclang_rt.builtins.a : mulsf3.S.obj (.text.__mulsf3)
                  00000e70    00000082                            : divsf3.S.obj (.text.__divsf3)
                  00000ef2    00000002     --HOLE-- [fill = 0]
                  00000ef4    0000007c     libc.a : copy_decompress_lzss.c.obj (.text:decompress:lzss)
                  00000f70    00000078     uart.o (.text.Uartinit)
                  00000fe8    00000008     libclang_rt.builtins.a : aeabi_memcpy.S.obj (.text.__aeabi_memcpy)
                  00000ff0    00000074                            : truncdfsf2.S.obj (.text.__truncdfsf2)
                  00001064    00000070     ti_msp_dl_config.o (.text.SYSCFG_DL_UART_0_init)
                  000010d4    0000006c     pid.o (.text.PID_Calc_Incremental)
                  00001140    00000062     libclang_rt.builtins.a : aeabi_fcmp.S.obj (.text.__aeabi_fcmp)
                  000011a2    00000002     --HOLE-- [fill = 0]
                  000011a4    00000056                            : aeabi_idivmod.S.obj (.text.__aeabi_idivmod)
                  000011fa    00000002     --HOLE-- [fill = 0]
                  000011fc    00000048     driverlib.a : dl_uart.o (.text.DL_UART_init)
                  00001244    00000040     ti_msp_dl_config.o (.text.SYSCFG_DL_initPower)
                  00001284    00000040     libclang_rt.builtins.a : aeabi_uidivmod.S.obj (.text.__aeabi_uidivmod)
                  000012c4    00000040                            : extendsfdf2.S.obj (.text.__extendsfdf2)
                  00001304    0000003c                            : floatsisf.S.obj (.text.__floatsisf)
                  00001340    0000003c                            : comparesf2.S.obj (.text.__gtsf2)
                  0000137c    0000003c     libc.a : autoinit.c.obj (.text:__TI_auto_init_nobinit_nopinit)
                  000013b8    0000003a     libclang_rt.builtins.a : comparesf2.S.obj (.text.__eqsf2)
                  000013f2    00000002     --HOLE-- [fill = 0]
                  000013f4    0000003a                            : muldsi3.S.obj (.text.__muldsi3)
                  0000142e    00000002     --HOLE-- [fill = 0]
                  00001430    00000038     clock.o (.text.SysTick_Init)
                  00001468    00000038     uart.o (.text.UART0_IRQHandler)
                  000014a0    00000038     libclang_rt.builtins.a : fixsfsi.S.obj (.text.__fixsfsi)
                  000014d8    00000032                            : fixunssfsi.S.obj (.text.__fixunssfsi)
                  0000150a    00000002     --HOLE-- [fill = 0]
                  0000150c    00000030     ti_msp_dl_config.o (.text.SYSCFG_DL_SYSTICK_init)
                  0000153c    00000030     uart.o (.text.uart0_send_string)
                  0000156c    00000028     libclang_rt.builtins.a : floatunsisf.S.obj (.text.__floatunsisf)
                  00001594    00000028     libc.a : boot_cortex_m.c.obj (.text:_c_int00_noargs)
                  000015bc    0000001c     driverlib.a : dl_timer.o (.text.DL_Timer_setCaptCompUpdateMethod)
                  000015d8    0000001c                 : dl_timer.o (.text.DL_Timer_setClockConfig)
                  000015f4    0000001c     graph.o (.text.GRAPH_SENSOR_Init)
                  00001610    0000001c     ti_msp_dl_config.o (.text.SYSCFG_DL_SYSCTL_init)
                  0000162c    0000001c     ti_msp_dl_config.o (.text.SYSCFG_DL_init)
                  00001648    00000018     driverlib.a : dl_timer.o (.text.DL_Timer_setCaptureCompareOutCtl)
                  00001660    00000016     pid.o (.text.PID_Init)
                  00001676    00000016     libc.a : copy_zero_init.c.obj (.text:decompress:ZI:__TI_zero_init_nomemset)
                  0000168c    00000012     driverlib.a : dl_uart.o (.text.DL_UART_setClockConfig)
                  0000169e    00000012     libc.a : copy_decompress_none.c.obj (.text:decompress:none)
                  000016b0    00000010     driverlib.a : dl_timer.o (.text.DL_Timer_setCaptureCompareValue)
                  000016c0    00000010     clock.o (.text.SysTick_Handler)
                  000016d0    0000000a     driverlib.a : dl_common.o (.text.DL_Common_delayCycles)
                  000016da    00000006     libc.a : exit.c.obj (.text:abort)
                  000016e0    00000004     libsysbm.a : hostexit.c.obj (.text.HOSTexit)
                  000016e4    00000004     startup_mspm0g350x_ticlang.o (.text.Reset_Handler)
                  000016e8    00000004     libc.a : pre_init.c.obj (.text._system_pre_init)
                  000016ec    00000004     --HOLE-- [fill = 0]

.cinit     0    00001730    00000038     
                  00001730    00000012     (.cinit..data.load) [load image, compression = lzss]
                  00001742    00000002     --HOLE-- [fill = 0]
                  00001744    0000000c     (__TI_handler_table)
                  00001750    00000008     (.cinit..bss.load) [load image, compression = zero_init]
                  00001758    00000010     (__TI_cinit_table)

.rodata    0    000016f0    00000040     
                  000016f0    0000000e     uart.o (.rodata.str1.14464947116831474962.1)
                  000016fe    0000000a     ti_msp_dl_config.o (.rodata.gUART_0Config)
                  00001708    00000008     ti_msp_dl_config.o (.rodata.gTB6612_PWMConfig)
                  00001710    00000006     empty.o (.rodata.str1.17669528882079347314.1)
                  00001716    00000006     empty.o (.rodata.str1.9517790425240694019.1)
                  0000171c    00000005     empty.o (.rodata.str1.14685083708502177989.1)
                  00001721    00000005     empty.o (.rodata.str1.254342170260855183.1)
                  00001726    00000003     ti_msp_dl_config.o (.rodata.gTB6612_PWMClockConfig)
                  00001729    00000003     empty.o (.rodata.str1.11898133897667081452.1)
                  0000172c    00000002     ti_msp_dl_config.o (.rodata.gUART_0ClockConfig)
                  0000172e    00000002     --HOLE-- [fill = 0]

.init_array 
*          0    00000000    00000000     UNINITIALIZED

.binit     0    00000000    00000000     

.bss       0    20200000    00000064     UNINITIALIZED
                  20200000    00000030     (.common:pid_motor1)
                  20200030    00000030     (.common:pid_motor2)
                  20200060    00000004     (.common:tick_ms)

.data      0    20200064    0000002f     UNINITIALIZED
                  20200064    00000004     Encoder.o (.data.Measure_Distance)
                  20200068    00000004     Encoder.o (.data.Motor1_Encoder_Value)
                  2020006c    00000004     Encoder.o (.data.Motor1_Lucheng)
                  20200070    00000004     Encoder.o (.data.Motor1_Speed)
                  20200074    00000004     Encoder.o (.data.Motor2_Encoder_Value)
                  20200078    00000004     Encoder.o (.data.Motor2_Lucheng)
                  2020007c    00000004     Encoder.o (.data.Motor2_Speed)
                  20200080    00000004     motor.o (.data.g_pwm1)
                  20200084    00000004     motor.o (.data.g_pwm2)
                  20200088    00000004     empty.o (.data.main.last_measure)
                  2020008c    00000004     empty.o (.data.main.last_uart)
                  20200090    00000001     motor.o (.data.g_dir1)
                  20200091    00000001     motor.o (.data.g_dir2)
                  20200092    00000001     uart.o (.data.uart_data)

.stack     0    20207e00    00000200     UNINITIALIZED
                  20207e00    00000004     libc.a : boot_cortex_m.c.obj (.stack)
                  20207e04    000001fc     --HOLE--

__llvm_prf_cnts 
*          0    20200000    00000000     UNINITIALIZED

__llvm_prf_bits 
*          0    20200000    00000000     UNINITIALIZED

MODULE SUMMARY

       Module                         code   ro data   rw data
       ------                         ----   -------   -------
    .\
       ti_msp_dl_config.o             592    23        0      
       empty.o                        220    25        8      
       startup_mspm0g350x_ticlang.o   6      192       0      
    +--+------------------------------+------+---------+---------+
       Total:                         818    240       8      
                                                              
    .\Encoder\
       Encoder.o                      532    0         28     
    +--+------------------------------+------+---------+---------+
       Total:                         532    0         28     
                                                              
    .\GRAPH\
       graph.o                        28     0         0      
    +--+------------------------------+------+---------+---------+
       Total:                         28     0         0      
                                                              
    .\Motor\
       motor.o                        540    0         106    
    +--+------------------------------+------+---------+---------+
       Total:                         540    0         106    
                                                              
    .\PID\
       pid.o                          130    0         0      
    +--+------------------------------+------+---------+---------+
       Total:                         130    0         0      
                                                              
    .\Uart\
       uart.o                         452    14        1      
    +--+------------------------------+------+---------+---------+
       Total:                         452    14        1      
                                                              
    .\clock\
       clock.o                        72     0         4      
    +--+------------------------------+------+---------+---------+
       Total:                         72     0         4      
                                                              
    C:/ti/mspm0_sdk_2_10_00_04/source/ti/driverlib/lib/ticlang/m0p/mspm0g1x0x_g3x0x/driverlib.a
       dl_timer.o                     356    0         0      
       dl_uart.o                      90     0         0      
       dl_common.o                    10     0         0      
    +--+------------------------------+------+---------+---------+
       Total:                         456    0         0      
                                                              
    D:\Study\DianSai\M0_software_info\CCS Theia\ccs\tools\compiler\ti-cgt-armllvm_4.0.4.LTS\lib\armv6m-ti-none-eabi/c/libc.a
       memcpy16.S.obj                 154    0         0      
       copy_decompress_lzss.c.obj     124    0         0      
       autoinit.c.obj                 60     0         0      
       boot_cortex_m.c.obj            40     0         0      
       copy_zero_init.c.obj           22     0         0      
       copy_decompress_none.c.obj     18     0         0      
       exit.c.obj                     6      0         0      
       pre_init.c.obj                 4      0         0      
    +--+------------------------------+------+---------+---------+
       Total:                         428    0         0      
                                                              
    D:\Study\DianSai\M0_software_info\CCS Theia\ccs\tools\compiler\ti-cgt-armllvm_4.0.4.LTS\lib\armv6m-ti-none-eabi/c/libsysbm.a
       hostexit.c.obj                 4      0         0      
    +--+------------------------------+------+---------+---------+
       Total:                         4      0         0      
                                                              
    D:\Study\DianSai\M0_software_info\CCS Theia\ccs\tools\compiler\ti-cgt-armllvm_4.0.4.LTS\lib\armv6m-ti-none-eabi/libclang_rt.builtins.a
       adddf3.S.obj                   402    0         0      
       divdf3.S.obj                   268    0         0      
       muldf3.S.obj                   228    0         0      
       addsf3.S.obj                   216    0         0      
       mulsf3.S.obj                   140    0         0      
       divsf3.S.obj                   130    0         0      
       comparesf2.S.obj               118    0         0      
       truncdfsf2.S.obj               116    0         0      
       aeabi_fcmp.S.obj               98     0         0      
       aeabi_idivmod.S.obj            86     0         0      
       aeabi_uidivmod.S.obj           64     0         0      
       extendsfdf2.S.obj              64     0         0      
       floatsisf.S.obj                60     0         0      
       muldsi3.S.obj                  58     0         0      
       fixsfsi.S.obj                  56     0         0      
       fixunssfsi.S.obj               50     0         0      
       floatunsisf.S.obj              40     0         0      
       aeabi_memcpy.S.obj             8      0         0      
       aeabi_div0.c.obj               2      0         0      
    +--+------------------------------+------+---------+---------+
       Total:                         2204   0         0      
                                                              
       Stack:                         0      0         512    
       Linker Generated:              0      54        0      
    +--+------------------------------+------+---------+---------+
       Grand Total:                   5664   308       659    


LINKER GENERATED COPY TABLES

__TI_cinit_table @ 00001758 records: 2, size/record: 8, table size: 16
	.data: load addr=00001730, load size=00000012 bytes, run addr=20200064, run size=0000002f bytes, compression=lzss
	.bss: load addr=00001750, load size=00000008 bytes, run addr=20200000, run size=00000064 bytes, compression=zero_init


LINKER GENERATED HANDLER TABLE

__TI_handler_table @ 00001744 records: 3, size/record: 4, table size: 12
	index: 0, handler: __TI_decompress_lzss
	index: 1, handler: __TI_decompress_none
	index: 2, handler: __TI_zero_init


GLOBAL SYMBOLS: SORTED ALPHABETICALLY BY Name 

address   name                            
-------   ----                            
00000253  ADC0_IRQHandler                 
00000253  ADC1_IRQHandler                 
00000253  AES_IRQHandler                  
000016e0  C$$EXIT                         
00000253  CANFD0_IRQHandler               
00000253  DAC0_IRQHandler                 
000016d1  DL_Common_delayCycles           
000005bd  DL_Timer_initFourCCPWMMode      
000015bd  DL_Timer_setCaptCompUpdateMethod
00001649  DL_Timer_setCaptureCompareOutCtl
000016b1  DL_Timer_setCaptureCompareValue 
000015d9  DL_Timer_setClockConfig         
000011fd  DL_UART_init                    
0000168d  DL_UART_setClockConfig          
00000253  DMA_IRQHandler                  
00000253  Default_Handler                 
000015f5  GRAPH_SENSOR_Init               
00000253  GROUP0_IRQHandler               
00000b3d  GROUP1_IRQHandler               
000016e1  HOSTexit                        
00000253  HardFault_Handler               
00000253  I2C0_IRQHandler                 
00000253  I2C1_IRQHandler                 
00000255  MEASURE_MOTORS_SPEED            
20200064  Measure_Distance                
20200068  Motor1_Encoder_Value            
2020006c  Motor1_Lucheng                  
20200070  Motor1_Speed                    
20200074  Motor2_Encoder_Value            
20200078  Motor2_Lucheng                  
2020007c  Motor2_Speed                    
000006c1  Motor_Init                      
00000253  NMI_Handler                     
000010d5  PID_Calc_Incremental            
00001661  PID_Init                        
00000253  PendSV_Handler                  
00000253  RTC_IRQHandler                  
000016e5  Reset_Handler                   
00000253  SPI0_IRQHandler                 
00000253  SPI1_IRQHandler                 
00000253  SVC_Handler                     
00000c11  SYSCFG_DL_GPIO_init             
00001611  SYSCFG_DL_SYSCTL_init           
0000150d  SYSCFG_DL_SYSTICK_init          
00000d55  SYSCFG_DL_TB6612_PWM_init       
00001065  SYSCFG_DL_UART_0_init           
0000162d  SYSCFG_DL_init                  
00001245  SYSCFG_DL_initPower             
00000395  SetSpeed                        
000016c1  SysTick_Handler                 
00001431  SysTick_Init                    
00000253  TIMA0_IRQHandler                
00000253  TIMA1_IRQHandler                
00000253  TIMG0_IRQHandler                
00000253  TIMG12_IRQHandler               
00000253  TIMG6_IRQHandler                
00000253  TIMG7_IRQHandler                
00000253  TIMG8_IRQHandler                
00001469  UART0_IRQHandler                
00000253  UART1_IRQHandler                
00000253  UART2_IRQHandler                
00000253  UART3_IRQHandler                
00000f71  Uartinit                        
20208000  __STACK_END                     
00000200  __STACK_SIZE                    
00000000  __TI_ATRegion0_region_sz        
00000000  __TI_ATRegion0_src_addr         
00000000  __TI_ATRegion0_trg_addr         
00000000  __TI_ATRegion1_region_sz        
00000000  __TI_ATRegion1_src_addr         
00000000  __TI_ATRegion1_trg_addr         
00000000  __TI_ATRegion2_region_sz        
00000000  __TI_ATRegion2_src_addr         
00000000  __TI_ATRegion2_trg_addr         
00001758  __TI_CINIT_Base                 
00001768  __TI_CINIT_Limit                
00001768  __TI_CINIT_Warm                 
00001744  __TI_Handler_Table_Base         
00001750  __TI_Handler_Table_Limit        
0000137d  __TI_auto_init_nobinit_nopinit  
00000ef5  __TI_decompress_lzss            
0000169f  __TI_decompress_none            
ffffffff  __TI_pprof_out_hndl             
ffffffff  __TI_prof_data_size             
ffffffff  __TI_prof_data_start            
00000000  __TI_static_base__              
00001677  __TI_zero_init_nomemset         
000000cb  __adddf3                        
00000a6f  __addsf3                        
00000ff1  __aeabi_d2f                     
000000cb  __aeabi_dadd                    
000004b1  __aeabi_ddiv                    
000007c1  __aeabi_dmul                    
000000c1  __aeabi_dsub                    
000012c5  __aeabi_f2d                     
000014a1  __aeabi_f2iz                    
000014d9  __aeabi_f2uiz                   
00000a6f  __aeabi_fadd                    
00001141  __aeabi_fcmpeq                  
0000117d  __aeabi_fcmpge                  
00001191  __aeabi_fcmpgt                  
00001169  __aeabi_fcmple                  
00001155  __aeabi_fcmplt                  
00000e71  __aeabi_fdiv                    
00000de5  __aeabi_fmul                    
00000a65  __aeabi_fsub                    
00001305  __aeabi_i2f                     
000011a5  __aeabi_idiv                    
00000d53  __aeabi_idiv0                   
000011a5  __aeabi_idivmod                 
00000fe9  __aeabi_memcpy                  
00000fe9  __aeabi_memcpy4                 
00000fe9  __aeabi_memcpy8                 
0000156d  __aeabi_ui2f                    
00001285  __aeabi_uidiv                   
00001285  __aeabi_uidivmod                
ffffffff  __binit__                       
000013b9  __cmpsf2                        
000004b1  __divdf3                        
00000e71  __divsf3                        
000013b9  __eqsf2                         
000012c5  __extendsfdf2                   
000014a1  __fixsfsi                       
000014d9  __fixunssfsi                    
00001305  __floatsisf                     
0000156d  __floatunsisf                   
00001341  __gesf2                         
00001341  __gtsf2                         
000013b9  __lesf2                         
000013b9  __ltsf2                         
UNDEFED   __mpu_init                      
000007c1  __muldf3                        
000013f5  __muldsi3                       
00000de5  __mulsf3                        
000013b9  __nesf2                         
20207e00  __stack                         
20200000  __start___llvm_prf_bits         
20200000  __start___llvm_prf_cnts         
20200000  __stop___llvm_prf_bits          
20200000  __stop___llvm_prf_cnts          
000000c1  __subdf3                        
00000a65  __subsf3                        
00000ff1  __truncdfsf2                    
00001595  _c_int00_noargs                 
UNDEFED   _system_post_cinit              
000016e9  _system_pre_init                
000016db  abort                           
ffffffff  binit                           
20200090  g_dir1                          
20200091  g_dir2                          
20200080  g_pwm1                          
20200084  g_pwm2                          
00000000  interruptVectors                
00000989  main                            
00000cb9  memcpy                          
20200000  pid_motor1                      
20200030  pid_motor2                      
20200060  tick_ms                         
000008a5  uart0_send_speed                
0000153d  uart0_send_string               
20200092  uart_data                       


GLOBAL SYMBOLS: SORTED BY Symbol Address 

address   name                            
-------   ----                            
00000000  __TI_ATRegion0_region_sz        
00000000  __TI_ATRegion0_src_addr         
00000000  __TI_ATRegion0_trg_addr         
00000000  __TI_ATRegion1_region_sz        
00000000  __TI_ATRegion1_src_addr         
00000000  __TI_ATRegion1_trg_addr         
00000000  __TI_ATRegion2_region_sz        
00000000  __TI_ATRegion2_src_addr         
00000000  __TI_ATRegion2_trg_addr         
00000000  __TI_static_base__              
00000000  interruptVectors                
000000c1  __aeabi_dsub                    
000000c1  __subdf3                        
000000cb  __adddf3                        
000000cb  __aeabi_dadd                    
00000200  __STACK_SIZE                    
00000253  ADC0_IRQHandler                 
00000253  ADC1_IRQHandler                 
00000253  AES_IRQHandler                  
00000253  CANFD0_IRQHandler               
00000253  DAC0_IRQHandler                 
00000253  DMA_IRQHandler                  
00000253  Default_Handler                 
00000253  GROUP0_IRQHandler               
00000253  HardFault_Handler               
00000253  I2C0_IRQHandler                 
00000253  I2C1_IRQHandler                 
00000253  NMI_Handler                     
00000253  PendSV_Handler                  
00000253  RTC_IRQHandler                  
00000253  SPI0_IRQHandler                 
00000253  SPI1_IRQHandler                 
00000253  SVC_Handler                     
00000253  TIMA0_IRQHandler                
00000253  TIMA1_IRQHandler                
00000253  TIMG0_IRQHandler                
00000253  TIMG12_IRQHandler               
00000253  TIMG6_IRQHandler                
00000253  TIMG7_IRQHandler                
00000253  TIMG8_IRQHandler                
00000253  UART1_IRQHandler                
00000253  UART2_IRQHandler                
00000253  UART3_IRQHandler                
00000255  MEASURE_MOTORS_SPEED            
00000395  SetSpeed                        
000004b1  __aeabi_ddiv                    
000004b1  __divdf3                        
000005bd  DL_Timer_initFourCCPWMMode      
000006c1  Motor_Init                      
000007c1  __aeabi_dmul                    
000007c1  __muldf3                        
000008a5  uart0_send_speed                
00000989  main                            
00000a65  __aeabi_fsub                    
00000a65  __subsf3                        
00000a6f  __addsf3                        
00000a6f  __aeabi_fadd                    
00000b3d  GROUP1_IRQHandler               
00000c11  SYSCFG_DL_GPIO_init             
00000cb9  memcpy                          
00000d53  __aeabi_idiv0                   
00000d55  SYSCFG_DL_TB6612_PWM_init       
00000de5  __aeabi_fmul                    
00000de5  __mulsf3                        
00000e71  __aeabi_fdiv                    
00000e71  __divsf3                        
00000ef5  __TI_decompress_lzss            
00000f71  Uartinit                        
00000fe9  __aeabi_memcpy                  
00000fe9  __aeabi_memcpy4                 
00000fe9  __aeabi_memcpy8                 
00000ff1  __aeabi_d2f                     
00000ff1  __truncdfsf2                    
00001065  SYSCFG_DL_UART_0_init           
000010d5  PID_Calc_Incremental            
00001141  __aeabi_fcmpeq                  
00001155  __aeabi_fcmplt                  
00001169  __aeabi_fcmple                  
0000117d  __aeabi_fcmpge                  
00001191  __aeabi_fcmpgt                  
000011a5  __aeabi_idiv                    
000011a5  __aeabi_idivmod                 
000011fd  DL_UART_init                    
00001245  SYSCFG_DL_initPower             
00001285  __aeabi_uidiv                   
00001285  __aeabi_uidivmod                
000012c5  __aeabi_f2d                     
000012c5  __extendsfdf2                   
00001305  __aeabi_i2f                     
00001305  __floatsisf                     
00001341  __gesf2                         
00001341  __gtsf2                         
0000137d  __TI_auto_init_nobinit_nopinit  
000013b9  __cmpsf2                        
000013b9  __eqsf2                         
000013b9  __lesf2                         
000013b9  __ltsf2                         
000013b9  __nesf2                         
000013f5  __muldsi3                       
00001431  SysTick_Init                    
00001469  UART0_IRQHandler                
000014a1  __aeabi_f2iz                    
000014a1  __fixsfsi                       
000014d9  __aeabi_f2uiz                   
000014d9  __fixunssfsi                    
0000150d  SYSCFG_DL_SYSTICK_init          
0000153d  uart0_send_string               
0000156d  __aeabi_ui2f                    
0000156d  __floatunsisf                   
00001595  _c_int00_noargs                 
000015bd  DL_Timer_setCaptCompUpdateMethod
000015d9  DL_Timer_setClockConfig         
000015f5  GRAPH_SENSOR_Init               
00001611  SYSCFG_DL_SYSCTL_init           
0000162d  SYSCFG_DL_init                  
00001649  DL_Timer_setCaptureCompareOutCtl
00001661  PID_Init                        
00001677  __TI_zero_init_nomemset         
0000168d  DL_UART_setClockConfig          
0000169f  __TI_decompress_none            
000016b1  DL_Timer_setCaptureCompareValue 
000016c1  SysTick_Handler                 
000016d1  DL_Common_delayCycles           
000016db  abort                           
000016e0  C$$EXIT                         
000016e1  HOSTexit                        
000016e5  Reset_Handler                   
000016e9  _system_pre_init                
00001744  __TI_Handler_Table_Base         
00001750  __TI_Handler_Table_Limit        
00001758  __TI_CINIT_Base                 
00001768  __TI_CINIT_Limit                
00001768  __TI_CINIT_Warm                 
20200000  __start___llvm_prf_bits         
20200000  __start___llvm_prf_cnts         
20200000  __stop___llvm_prf_bits          
20200000  __stop___llvm_prf_cnts          
20200000  pid_motor1                      
20200030  pid_motor2                      
20200060  tick_ms                         
20200064  Measure_Distance                
20200068  Motor1_Encoder_Value            
2020006c  Motor1_Lucheng                  
20200070  Motor1_Speed                    
20200074  Motor2_Encoder_Value            
20200078  Motor2_Lucheng                  
2020007c  Motor2_Speed                    
20200080  g_pwm1                          
20200084  g_pwm2                          
20200090  g_dir1                          
20200091  g_dir2                          
20200092  uart_data                       
20207e00  __stack                         
20208000  __STACK_END                     
ffffffff  __TI_pprof_out_hndl             
ffffffff  __TI_prof_data_size             
ffffffff  __TI_prof_data_start            
ffffffff  __binit__                       
ffffffff  binit                           
UNDEFED   __mpu_init                      
UNDEFED   _system_post_cinit              

[161 symbols]
