<?xml version="1.0" encoding="ISO-8859-1" ?>
<link_info>
   <banner>TI ARM Clang Linker PC v4.0.4.LTS</banner>
   <copyright>Copyright (c) 1996-2018 Texas Instruments Incorporated</copyright>
   <command_line>D:\Study\DianSai\M0_software_info\CCS Theia\ccs\tools\compiler\ti-cgt-armllvm_4.0.4.LTS\bin\tiarmlnk -ID:\Study\DianSai\M0_software_info\CCS Theia\ccs\tools\compiler\ti-cgt-armllvm_4.0.4.LTS\lib -o M0G3507_TB6612_TT2.out -mM0G3507_TB6612_TT2.map -iC:/ti/mspm0_sdk_2_10_00_04/source -iD:/Study/DianSai/TTSourceCode/M0G3507_TB6612_TT2 -iD:/Study/DianSai/TTSourceCode/M0G3507_TB6612_TT2/Debug/syscfg -iD:/Study/DianSai/M0_software_info/CCS Theia/ccs/tools/compiler/ti-cgt-armllvm_4.0.4.LTS/lib --diag_wrap=off --display_error_number --warn_sections --xml_link_info=M0G3507_TB6612_TT2_linkInfo.xml --rom_model ./empty.o ./ti_msp_dl_config.o ./startup_mspm0g350x_ticlang.o ./Encoder/Encoder.o ./GRAPH/graph.o ./Motor/motor.o ./PID/pid.o ./Uart/fifo.o ./Uart/uart.o ./clock/clock.o -l./device_linker.cmd -ldevice.cmd.genlibs -llibc.a --start-group -llibc++.a -llibc++abi.a -llibc.a -llibsys.a -llibsysbm.a -llibclang_rt.builtins.a -llibclang_rt.profile.a --end-group --cg_opt_level=2</command_line>
   <link_time>0x69e8c615</link_time>
   <link_errors>0x0</link_errors>
   <output_file>D:\Study\DianSai\TTSourceCode\M0G3507_TB6612_TT2\Debug\M0G3507_TB6612_TT2.out</output_file>
   <entry_point>
      <name>_c_int00_noargs</name>
      <address>0x1595</address>
   </entry_point>
   <input_file_list>
      <input_file id="fl-1">
         <path>D:\Study\DianSai\TTSourceCode\M0G3507_TB6612_TT2\Debug\.\</path>
         <kind>object</kind>
         <file>empty.o</file>
         <name>empty.o</name>
      </input_file>
      <input_file id="fl-2">
         <path>D:\Study\DianSai\TTSourceCode\M0G3507_TB6612_TT2\Debug\.\</path>
         <kind>object</kind>
         <file>ti_msp_dl_config.o</file>
         <name>ti_msp_dl_config.o</name>
      </input_file>
      <input_file id="fl-3">
         <path>D:\Study\DianSai\TTSourceCode\M0G3507_TB6612_TT2\Debug\.\</path>
         <kind>object</kind>
         <file>startup_mspm0g350x_ticlang.o</file>
         <name>startup_mspm0g350x_ticlang.o</name>
      </input_file>
      <input_file id="fl-4">
         <path>D:\Study\DianSai\TTSourceCode\M0G3507_TB6612_TT2\Debug\.\Encoder\</path>
         <kind>object</kind>
         <file>Encoder.o</file>
         <name>Encoder.o</name>
      </input_file>
      <input_file id="fl-5">
         <path>D:\Study\DianSai\TTSourceCode\M0G3507_TB6612_TT2\Debug\.\GRAPH\</path>
         <kind>object</kind>
         <file>graph.o</file>
         <name>graph.o</name>
      </input_file>
      <input_file id="fl-6">
         <path>D:\Study\DianSai\TTSourceCode\M0G3507_TB6612_TT2\Debug\.\Motor\</path>
         <kind>object</kind>
         <file>motor.o</file>
         <name>motor.o</name>
      </input_file>
      <input_file id="fl-7">
         <path>D:\Study\DianSai\TTSourceCode\M0G3507_TB6612_TT2\Debug\.\PID\</path>
         <kind>object</kind>
         <file>pid.o</file>
         <name>pid.o</name>
      </input_file>
      <input_file id="fl-8">
         <path>D:\Study\DianSai\TTSourceCode\M0G3507_TB6612_TT2\Debug\.\Uart\</path>
         <kind>object</kind>
         <file>fifo.o</file>
         <name>fifo.o</name>
      </input_file>
      <input_file id="fl-9">
         <path>D:\Study\DianSai\TTSourceCode\M0G3507_TB6612_TT2\Debug\.\Uart\</path>
         <kind>object</kind>
         <file>uart.o</file>
         <name>uart.o</name>
      </input_file>
      <input_file id="fl-a">
         <path>D:\Study\DianSai\TTSourceCode\M0G3507_TB6612_TT2\Debug\.\clock\</path>
         <kind>object</kind>
         <file>clock.o</file>
         <name>clock.o</name>
      </input_file>
      <input_file id="fl-17">
         <path>D:\Study\DianSai\TTSourceCode\M0G3507_TB6612_TT2\Debug\</path>
         <kind>object</kind>
         <file>&lt;internal&gt;</file>
         <name>&lt;internal&gt;</name>
      </input_file>
      <input_file id="fl-18">
         <path>C:\ti\mspm0_sdk_2_10_00_04\source\ti\driverlib\lib\ticlang\m0p\mspm0g1x0x_g3x0x\</path>
         <kind>archive</kind>
         <file>driverlib.a</file>
         <name>dl_common.o</name>
      </input_file>
      <input_file id="fl-19">
         <path>C:\ti\mspm0_sdk_2_10_00_04\source\ti\driverlib\lib\ticlang\m0p\mspm0g1x0x_g3x0x\</path>
         <kind>archive</kind>
         <file>driverlib.a</file>
         <name>dl_timer.o</name>
      </input_file>
      <input_file id="fl-1a">
         <path>C:\ti\mspm0_sdk_2_10_00_04\source\ti\driverlib\lib\ticlang\m0p\mspm0g1x0x_g3x0x\</path>
         <kind>archive</kind>
         <file>driverlib.a</file>
         <name>dl_uart.o</name>
      </input_file>
      <input_file id="fl-31">
         <path>D:\Study\DianSai\M0_software_info\CCS Theia\ccs\tools\compiler\ti-cgt-armllvm_4.0.4.LTS\lib\armv6m-ti-none-eabi\c\</path>
         <kind>archive</kind>
         <file>libc.a</file>
         <name>boot_cortex_m.c.obj</name>
      </input_file>
      <input_file id="fl-32">
         <path>D:\Study\DianSai\M0_software_info\CCS Theia\ccs\tools\compiler\ti-cgt-armllvm_4.0.4.LTS\lib\armv6m-ti-none-eabi\c\</path>
         <kind>archive</kind>
         <file>libc.a</file>
         <name>mathacl_init.c.obj</name>
      </input_file>
      <input_file id="fl-33">
         <path>D:\Study\DianSai\M0_software_info\CCS Theia\ccs\tools\compiler\ti-cgt-armllvm_4.0.4.LTS\lib\armv6m-ti-none-eabi\c\</path>
         <kind>archive</kind>
         <file>libc.a</file>
         <name>autoinit.c.obj</name>
      </input_file>
      <input_file id="fl-34">
         <path>D:\Study\DianSai\M0_software_info\CCS Theia\ccs\tools\compiler\ti-cgt-armllvm_4.0.4.LTS\lib\armv6m-ti-none-eabi\c\</path>
         <kind>archive</kind>
         <file>libc.a</file>
         <name>pre_init.c.obj</name>
      </input_file>
      <input_file id="fl-35">
         <path>D:\Study\DianSai\M0_software_info\CCS Theia\ccs\tools\compiler\ti-cgt-armllvm_4.0.4.LTS\lib\armv6m-ti-none-eabi\c\</path>
         <kind>archive</kind>
         <file>libc.a</file>
         <name>cpy_tbl.c.obj</name>
      </input_file>
      <input_file id="fl-36">
         <path>D:\Study\DianSai\M0_software_info\CCS Theia\ccs\tools\compiler\ti-cgt-armllvm_4.0.4.LTS\lib\armv6m-ti-none-eabi\c\</path>
         <kind>archive</kind>
         <file>libc.a</file>
         <name>copy_zero_init.c.obj</name>
      </input_file>
      <input_file id="fl-37">
         <path>D:\Study\DianSai\M0_software_info\CCS Theia\ccs\tools\compiler\ti-cgt-armllvm_4.0.4.LTS\lib\armv6m-ti-none-eabi\c\</path>
         <kind>archive</kind>
         <file>libc.a</file>
         <name>copy_decompress_none.c.obj</name>
      </input_file>
      <input_file id="fl-38">
         <path>D:\Study\DianSai\M0_software_info\CCS Theia\ccs\tools\compiler\ti-cgt-armllvm_4.0.4.LTS\lib\armv6m-ti-none-eabi\c\</path>
         <kind>archive</kind>
         <file>libc.a</file>
         <name>copy_decompress_lzss.c.obj</name>
      </input_file>
      <input_file id="fl-39">
         <path>D:\Study\DianSai\M0_software_info\CCS Theia\ccs\tools\compiler\ti-cgt-armllvm_4.0.4.LTS\lib\armv6m-ti-none-eabi\c\</path>
         <kind>archive</kind>
         <file>libc.a</file>
         <name>exit.c.obj</name>
      </input_file>
      <input_file id="fl-3a">
         <path>D:\Study\DianSai\M0_software_info\CCS Theia\ccs\tools\compiler\ti-cgt-armllvm_4.0.4.LTS\lib\armv6m-ti-none-eabi\c\</path>
         <kind>archive</kind>
         <file>libc.a</file>
         <name>_lock.c.obj</name>
      </input_file>
      <input_file id="fl-3b">
         <path>D:\Study\DianSai\M0_software_info\CCS Theia\ccs\tools\compiler\ti-cgt-armllvm_4.0.4.LTS\lib\armv6m-ti-none-eabi\c\</path>
         <kind>archive</kind>
         <file>libc.a</file>
         <name>args_main.c.obj</name>
      </input_file>
      <input_file id="fl-db">
         <path>D:\Study\DianSai\M0_software_info\CCS Theia\ccs\tools\compiler\ti-cgt-armllvm_4.0.4.LTS\lib\armv6m-ti-none-eabi\c\</path>
         <kind>archive</kind>
         <file>libsysbm.a</file>
         <name>hostexit.c.obj</name>
      </input_file>
      <input_file id="fl-dc">
         <path>D:\Study\DianSai\M0_software_info\CCS Theia\ccs\tools\compiler\ti-cgt-armllvm_4.0.4.LTS\lib\armv6m-ti-none-eabi\</path>
         <kind>archive</kind>
         <file>libclang_rt.builtins.a</file>
         <name>addsf3.S.obj</name>
      </input_file>
      <input_file id="fl-dd">
         <path>D:\Study\DianSai\M0_software_info\CCS Theia\ccs\tools\compiler\ti-cgt-armllvm_4.0.4.LTS\lib\armv6m-ti-none-eabi\</path>
         <kind>archive</kind>
         <file>libclang_rt.builtins.a</file>
         <name>adddf3.S.obj</name>
      </input_file>
      <input_file id="fl-de">
         <path>D:\Study\DianSai\M0_software_info\CCS Theia\ccs\tools\compiler\ti-cgt-armllvm_4.0.4.LTS\lib\armv6m-ti-none-eabi\</path>
         <kind>archive</kind>
         <file>libclang_rt.builtins.a</file>
         <name>muldf3.S.obj</name>
      </input_file>
      <input_file id="fl-df">
         <path>D:\Study\DianSai\M0_software_info\CCS Theia\ccs\tools\compiler\ti-cgt-armllvm_4.0.4.LTS\lib\armv6m-ti-none-eabi\</path>
         <kind>archive</kind>
         <file>libclang_rt.builtins.a</file>
         <name>muldsi3.S.obj</name>
      </input_file>
      <input_file id="fl-e0">
         <path>D:\Study\DianSai\M0_software_info\CCS Theia\ccs\tools\compiler\ti-cgt-armllvm_4.0.4.LTS\lib\armv6m-ti-none-eabi\</path>
         <kind>archive</kind>
         <file>libclang_rt.builtins.a</file>
         <name>mulsf3.S.obj</name>
      </input_file>
      <input_file id="fl-e1">
         <path>D:\Study\DianSai\M0_software_info\CCS Theia\ccs\tools\compiler\ti-cgt-armllvm_4.0.4.LTS\lib\armv6m-ti-none-eabi\</path>
         <kind>archive</kind>
         <file>libclang_rt.builtins.a</file>
         <name>divsf3.S.obj</name>
      </input_file>
      <input_file id="fl-e2">
         <path>D:\Study\DianSai\M0_software_info\CCS Theia\ccs\tools\compiler\ti-cgt-armllvm_4.0.4.LTS\lib\armv6m-ti-none-eabi\</path>
         <kind>archive</kind>
         <file>libclang_rt.builtins.a</file>
         <name>divdf3.S.obj</name>
      </input_file>
      <input_file id="fl-e3">
         <path>D:\Study\DianSai\M0_software_info\CCS Theia\ccs\tools\compiler\ti-cgt-armllvm_4.0.4.LTS\lib\armv6m-ti-none-eabi\</path>
         <kind>archive</kind>
         <file>libclang_rt.builtins.a</file>
         <name>extendsfdf2.S.obj</name>
      </input_file>
      <input_file id="fl-e4">
         <path>D:\Study\DianSai\M0_software_info\CCS Theia\ccs\tools\compiler\ti-cgt-armllvm_4.0.4.LTS\lib\armv6m-ti-none-eabi\</path>
         <kind>archive</kind>
         <file>libclang_rt.builtins.a</file>
         <name>fixsfsi.S.obj</name>
      </input_file>
      <input_file id="fl-e5">
         <path>D:\Study\DianSai\M0_software_info\CCS Theia\ccs\tools\compiler\ti-cgt-armllvm_4.0.4.LTS\lib\armv6m-ti-none-eabi\</path>
         <kind>archive</kind>
         <file>libclang_rt.builtins.a</file>
         <name>fixunssfsi.S.obj</name>
      </input_file>
      <input_file id="fl-e6">
         <path>D:\Study\DianSai\M0_software_info\CCS Theia\ccs\tools\compiler\ti-cgt-armllvm_4.0.4.LTS\lib\armv6m-ti-none-eabi\</path>
         <kind>archive</kind>
         <file>libclang_rt.builtins.a</file>
         <name>floatsisf.S.obj</name>
      </input_file>
      <input_file id="fl-e7">
         <path>D:\Study\DianSai\M0_software_info\CCS Theia\ccs\tools\compiler\ti-cgt-armllvm_4.0.4.LTS\lib\armv6m-ti-none-eabi\</path>
         <kind>archive</kind>
         <file>libclang_rt.builtins.a</file>
         <name>floatunsisf.S.obj</name>
      </input_file>
      <input_file id="fl-e8">
         <path>D:\Study\DianSai\M0_software_info\CCS Theia\ccs\tools\compiler\ti-cgt-armllvm_4.0.4.LTS\lib\armv6m-ti-none-eabi\</path>
         <kind>archive</kind>
         <file>libclang_rt.builtins.a</file>
         <name>truncdfsf2.S.obj</name>
      </input_file>
      <input_file id="fl-e9">
         <path>D:\Study\DianSai\M0_software_info\CCS Theia\ccs\tools\compiler\ti-cgt-armllvm_4.0.4.LTS\lib\armv6m-ti-none-eabi\</path>
         <kind>archive</kind>
         <file>libclang_rt.builtins.a</file>
         <name>aeabi_fcmp.S.obj</name>
      </input_file>
      <input_file id="fl-ea">
         <path>D:\Study\DianSai\M0_software_info\CCS Theia\ccs\tools\compiler\ti-cgt-armllvm_4.0.4.LTS\lib\armv6m-ti-none-eabi\</path>
         <kind>archive</kind>
         <file>libclang_rt.builtins.a</file>
         <name>aeabi_idivmod.S.obj</name>
      </input_file>
      <input_file id="fl-eb">
         <path>D:\Study\DianSai\M0_software_info\CCS Theia\ccs\tools\compiler\ti-cgt-armllvm_4.0.4.LTS\lib\armv6m-ti-none-eabi\</path>
         <kind>archive</kind>
         <file>libclang_rt.builtins.a</file>
         <name>aeabi_memcpy.S.obj</name>
      </input_file>
      <input_file id="fl-ec">
         <path>D:\Study\DianSai\M0_software_info\CCS Theia\ccs\tools\compiler\ti-cgt-armllvm_4.0.4.LTS\lib\armv6m-ti-none-eabi\</path>
         <kind>archive</kind>
         <file>libclang_rt.builtins.a</file>
         <name>aeabi_memset.S.obj</name>
      </input_file>
      <input_file id="fl-ed">
         <path>D:\Study\DianSai\M0_software_info\CCS Theia\ccs\tools\compiler\ti-cgt-armllvm_4.0.4.LTS\lib\armv6m-ti-none-eabi\</path>
         <kind>archive</kind>
         <file>libclang_rt.builtins.a</file>
         <name>aeabi_uidivmod.S.obj</name>
      </input_file>
      <input_file id="fl-ee">
         <path>D:\Study\DianSai\M0_software_info\CCS Theia\ccs\tools\compiler\ti-cgt-armllvm_4.0.4.LTS\lib\armv6m-ti-none-eabi\</path>
         <kind>archive</kind>
         <file>libclang_rt.builtins.a</file>
         <name>comparesf2.S.obj</name>
      </input_file>
      <input_file id="fl-ef">
         <path>D:\Study\DianSai\M0_software_info\CCS Theia\ccs\tools\compiler\ti-cgt-armllvm_4.0.4.LTS\lib\armv6m-ti-none-eabi\</path>
         <kind>archive</kind>
         <file>libclang_rt.builtins.a</file>
         <name>aeabi_div0.c.obj</name>
      </input_file>
      <input_file id="fl-f0">
         <path>D:\Study\DianSai\M0_software_info\CCS Theia\ccs\tools\compiler\ti-cgt-armllvm_4.0.4.LTS\lib\armv6m-ti-none-eabi\c\</path>
         <kind>archive</kind>
         <file>libc.a</file>
         <name>memcpy16.S.obj</name>
      </input_file>
      <input_file id="fl-f1">
         <path>D:\Study\DianSai\M0_software_info\CCS Theia\ccs\tools\compiler\ti-cgt-armllvm_4.0.4.LTS\lib\armv6m-ti-none-eabi\c\</path>
         <kind>archive</kind>
         <file>libc.a</file>
         <name>memset16.S.obj</name>
      </input_file>
   </input_file_list>
   <object_component_list>
      <object_component id="oc-18">
         <name>.intvecs</name>
         <load_address>0x0</load_address>
         <readonly>true</readonly>
         <run_address>0x0</run_address>
         <size>0xc0</size>
         <alignment>0x4</alignment>
         <input_file_ref idref="fl-3"/>
      </object_component>
      <object_component id="oc-124">
         <name>.text.adddf3_subdf3</name>
         <load_address>0xc0</load_address>
         <readonly>true</readonly>
         <executable>true</executable>
         <run_address>0xc0</run_address>
         <size>0x192</size>
         <alignment>0x4</alignment>
         <input_file_ref idref="fl-dd"/>
      </object_component>
      <object_component id="oc-33">
         <name>.text.Default_Handler</name>
         <load_address>0x252</load_address>
         <readonly>true</readonly>
         <executable>true</executable>
         <run_address>0x252</run_address>
         <size>0x2</size>
         <alignment>0x2</alignment>
         <input_file_ref idref="fl-3"/>
      </object_component>
      <object_component id="oc-ad">
         <name>.text.MEASURE_MOTORS_SPEED</name>
         <load_address>0x254</load_address>
         <readonly>true</readonly>
         <executable>true</executable>
         <run_address>0x254</run_address>
         <size>0x140</size>
         <alignment>0x4</alignment>
         <input_file_ref idref="fl-4"/>
      </object_component>
      <object_component id="oc-ac">
         <name>.text.SetSpeed</name>
         <load_address>0x394</load_address>
         <readonly>true</readonly>
         <executable>true</executable>
         <run_address>0x394</run_address>
         <size>0x11c</size>
         <alignment>0x4</alignment>
         <input_file_ref idref="fl-6"/>
      </object_component>
      <object_component id="oc-118">
         <name>.text.__divdf3</name>
         <load_address>0x4b0</load_address>
         <readonly>true</readonly>
         <executable>true</executable>
         <run_address>0x4b0</run_address>
         <size>0x10c</size>
         <alignment>0x4</alignment>
         <input_file_ref idref="fl-e2"/>
      </object_component>
      <object_component id="oc-152">
         <name>.text.DL_Timer_initFourCCPWMMode</name>
         <load_address>0x5bc</load_address>
         <readonly>true</readonly>
         <executable>true</executable>
         <run_address>0x5bc</run_address>
         <size>0x104</size>
         <alignment>0x4</alignment>
         <input_file_ref idref="fl-19"/>
      </object_component>
      <object_component id="oc-9c">
         <name>.text.Motor_Init</name>
         <load_address>0x6c0</load_address>
         <readonly>true</readonly>
         <executable>true</executable>
         <run_address>0x6c0</run_address>
         <size>0x100</size>
         <alignment>0x4</alignment>
         <input_file_ref idref="fl-6"/>
      </object_component>
      <object_component id="oc-11c">
         <name>.text.__muldf3</name>
         <load_address>0x7c0</load_address>
         <readonly>true</readonly>
         <executable>true</executable>
         <run_address>0x7c0</run_address>
         <size>0xe4</size>
         <alignment>0x4</alignment>
         <input_file_ref idref="fl-de"/>
      </object_component>
      <object_component id="oc-b3">
         <name>.text.uart0_send_speed</name>
         <load_address>0x8a4</load_address>
         <readonly>true</readonly>
         <executable>true</executable>
         <run_address>0x8a4</run_address>
         <size>0xe4</size>
         <alignment>0x4</alignment>
         <input_file_ref idref="fl-9"/>
      </object_component>
      <object_component id="oc-7f">
         <name>.text.main</name>
         <load_address>0x988</load_address>
         <readonly>true</readonly>
         <executable>true</executable>
         <run_address>0x988</run_address>
         <size>0xdc</size>
         <alignment>0x4</alignment>
         <input_file_ref idref="fl-1"/>
      </object_component>
      <object_component id="oc-128">
         <name>.text</name>
         <load_address>0xa64</load_address>
         <readonly>true</readonly>
         <executable>true</executable>
         <run_address>0xa64</run_address>
         <size>0xd8</size>
         <alignment>0x4</alignment>
         <input_file_ref idref="fl-dc"/>
      </object_component>
      <object_component id="oc-39">
         <name>.text.GROUP1_IRQHandler</name>
         <load_address>0xb3c</load_address>
         <readonly>true</readonly>
         <executable>true</executable>
         <run_address>0xb3c</run_address>
         <size>0xd4</size>
         <alignment>0x4</alignment>
         <input_file_ref idref="fl-4"/>
      </object_component>
      <object_component id="oc-e2">
         <name>.text.SYSCFG_DL_GPIO_init</name>
         <load_address>0xc10</load_address>
         <readonly>true</readonly>
         <executable>true</executable>
         <run_address>0xc10</run_address>
         <size>0xa8</size>
         <alignment>0x4</alignment>
         <input_file_ref idref="fl-2"/>
      </object_component>
      <object_component id="oc-92">
         <name>.text:memcpy</name>
         <load_address>0xcb8</load_address>
         <readonly>true</readonly>
         <executable>true</executable>
         <run_address>0xcb8</run_address>
         <size>0x9a</size>
         <alignment>0x1</alignment>
         <input_file_ref idref="fl-f0"/>
      </object_component>
      <object_component id="oc-17a">
         <name>.text.__aeabi_idiv0</name>
         <load_address>0xd52</load_address>
         <readonly>true</readonly>
         <executable>true</executable>
         <run_address>0xd52</run_address>
         <size>0x2</size>
         <alignment>0x2</alignment>
         <input_file_ref idref="fl-ef"/>
      </object_component>
      <object_component id="oc-e5">
         <name>.text.SYSCFG_DL_TB6612_PWM_init</name>
         <load_address>0xd54</load_address>
         <readonly>true</readonly>
         <executable>true</executable>
         <run_address>0xd54</run_address>
         <size>0x90</size>
         <alignment>0x4</alignment>
         <input_file_ref idref="fl-2"/>
      </object_component>
      <object_component id="oc-108">
         <name>.text.__mulsf3</name>
         <load_address>0xde4</load_address>
         <readonly>true</readonly>
         <executable>true</executable>
         <run_address>0xde4</run_address>
         <size>0x8c</size>
         <alignment>0x4</alignment>
         <input_file_ref idref="fl-e0"/>
      </object_component>
      <object_component id="oc-104">
         <name>.text.__divsf3</name>
         <load_address>0xe70</load_address>
         <readonly>true</readonly>
         <executable>true</executable>
         <run_address>0xe70</run_address>
         <size>0x82</size>
         <alignment>0x4</alignment>
         <input_file_ref idref="fl-e1"/>
      </object_component>
      <object_component id="oc-1c">
         <name>.text:decompress:lzss</name>
         <load_address>0xef4</load_address>
         <readonly>true</readonly>
         <executable>true</executable>
         <run_address>0xef4</run_address>
         <size>0x7c</size>
         <alignment>0x4</alignment>
         <input_file_ref idref="fl-38"/>
      </object_component>
      <object_component id="oc-a6">
         <name>.text.Uartinit</name>
         <load_address>0xf70</load_address>
         <readonly>true</readonly>
         <executable>true</executable>
         <run_address>0xf70</run_address>
         <size>0x78</size>
         <alignment>0x4</alignment>
         <input_file_ref idref="fl-9"/>
      </object_component>
      <object_component id="oc-4e">
         <name>.text.__aeabi_memcpy</name>
         <load_address>0xfe8</load_address>
         <readonly>true</readonly>
         <executable>true</executable>
         <run_address>0xfe8</run_address>
         <size>0x8</size>
         <alignment>0x4</alignment>
         <input_file_ref idref="fl-eb"/>
      </object_component>
      <object_component id="oc-120">
         <name>.text.__truncdfsf2</name>
         <load_address>0xff0</load_address>
         <readonly>true</readonly>
         <executable>true</executable>
         <run_address>0xff0</run_address>
         <size>0x74</size>
         <alignment>0x10</alignment>
         <input_file_ref idref="fl-e8"/>
      </object_component>
      <object_component id="oc-e6">
         <name>.text.SYSCFG_DL_UART_0_init</name>
         <load_address>0x1064</load_address>
         <readonly>true</readonly>
         <executable>true</executable>
         <run_address>0x1064</run_address>
         <size>0x70</size>
         <alignment>0x4</alignment>
         <input_file_ref idref="fl-2"/>
      </object_component>
      <object_component id="oc-102">
         <name>.text.PID_Calc_Incremental</name>
         <load_address>0x10d4</load_address>
         <readonly>true</readonly>
         <executable>true</executable>
         <run_address>0x10d4</run_address>
         <size>0x6c</size>
         <alignment>0x2</alignment>
         <input_file_ref idref="fl-7"/>
      </object_component>
      <object_component id="oc-12c">
         <name>.text.__aeabi_fcmp</name>
         <load_address>0x1140</load_address>
         <readonly>true</readonly>
         <executable>true</executable>
         <run_address>0x1140</run_address>
         <size>0x62</size>
         <alignment>0x4</alignment>
         <input_file_ref idref="fl-e9"/>
      </object_component>
      <object_component id="oc-138">
         <name>.text.__aeabi_idivmod</name>
         <load_address>0x11a4</load_address>
         <readonly>true</readonly>
         <executable>true</executable>
         <run_address>0x11a4</run_address>
         <size>0x56</size>
         <alignment>0x4</alignment>
         <input_file_ref idref="fl-ea"/>
      </object_component>
      <object_component id="oc-15d">
         <name>.text.DL_UART_init</name>
         <load_address>0x11fc</load_address>
         <readonly>true</readonly>
         <executable>true</executable>
         <run_address>0x11fc</run_address>
         <size>0x48</size>
         <alignment>0x4</alignment>
         <input_file_ref idref="fl-1a"/>
      </object_component>
      <object_component id="oc-e1">
         <name>.text.SYSCFG_DL_initPower</name>
         <load_address>0x1244</load_address>
         <readonly>true</readonly>
         <executable>true</executable>
         <run_address>0x1244</run_address>
         <size>0x40</size>
         <alignment>0x4</alignment>
         <input_file_ref idref="fl-2"/>
      </object_component>
      <object_component id="oc-13c">
         <name>.text.__aeabi_uidivmod</name>
         <load_address>0x1284</load_address>
         <readonly>true</readonly>
         <executable>true</executable>
         <run_address>0x1284</run_address>
         <size>0x40</size>
         <alignment>0x4</alignment>
         <input_file_ref idref="fl-ed"/>
      </object_component>
      <object_component id="oc-114">
         <name>.text.__extendsfdf2</name>
         <load_address>0x12c4</load_address>
         <readonly>true</readonly>
         <executable>true</executable>
         <run_address>0x12c4</run_address>
         <size>0x40</size>
         <alignment>0x4</alignment>
         <input_file_ref idref="fl-e3"/>
      </object_component>
      <object_component id="oc-110">
         <name>.text.__floatsisf</name>
         <load_address>0x1304</load_address>
         <readonly>true</readonly>
         <executable>true</executable>
         <run_address>0x1304</run_address>
         <size>0x3c</size>
         <alignment>0x4</alignment>
         <input_file_ref idref="fl-e6"/>
      </object_component>
      <object_component id="oc-177">
         <name>.text.__gtsf2</name>
         <load_address>0x1340</load_address>
         <readonly>true</readonly>
         <executable>true</executable>
         <run_address>0x1340</run_address>
         <size>0x3c</size>
         <alignment>0x4</alignment>
         <input_file_ref idref="fl-ee"/>
      </object_component>
      <object_component id="oc-c8">
         <name>.text:__TI_auto_init_nobinit_nopinit</name>
         <load_address>0x137c</load_address>
         <readonly>true</readonly>
         <executable>true</executable>
         <run_address>0x137c</run_address>
         <size>0x3c</size>
         <alignment>0x4</alignment>
         <input_file_ref idref="fl-33"/>
      </object_component>
      <object_component id="oc-172">
         <name>.text.__eqsf2</name>
         <load_address>0x13b8</load_address>
         <readonly>true</readonly>
         <executable>true</executable>
         <run_address>0x13b8</run_address>
         <size>0x3a</size>
         <alignment>0x4</alignment>
         <input_file_ref idref="fl-ee"/>
      </object_component>
      <object_component id="oc-165">
         <name>.text.__muldsi3</name>
         <load_address>0x13f4</load_address>
         <readonly>true</readonly>
         <executable>true</executable>
         <run_address>0x13f4</run_address>
         <size>0x3a</size>
         <alignment>0x4</alignment>
         <input_file_ref idref="fl-df"/>
      </object_component>
      <object_component id="oc-ab">
         <name>.text.SysTick_Init</name>
         <load_address>0x1430</load_address>
         <readonly>true</readonly>
         <executable>true</executable>
         <run_address>0x1430</run_address>
         <size>0x38</size>
         <alignment>0x4</alignment>
         <input_file_ref idref="fl-a"/>
      </object_component>
      <object_component id="oc-3e">
         <name>.text.UART0_IRQHandler</name>
         <load_address>0x1468</load_address>
         <readonly>true</readonly>
         <executable>true</executable>
         <run_address>0x1468</run_address>
         <size>0x38</size>
         <alignment>0x4</alignment>
         <input_file_ref idref="fl-9"/>
      </object_component>
      <object_component id="oc-134">
         <name>.text.__fixsfsi</name>
         <load_address>0x14a0</load_address>
         <readonly>true</readonly>
         <executable>true</executable>
         <run_address>0x14a0</run_address>
         <size>0x38</size>
         <alignment>0x4</alignment>
         <input_file_ref idref="fl-e4"/>
      </object_component>
      <object_component id="oc-10c">
         <name>.text.__fixunssfsi</name>
         <load_address>0x14d8</load_address>
         <readonly>true</readonly>
         <executable>true</executable>
         <run_address>0x14d8</run_address>
         <size>0x32</size>
         <alignment>0x4</alignment>
         <input_file_ref idref="fl-e5"/>
      </object_component>
      <object_component id="oc-e7">
         <name>.text.SYSCFG_DL_SYSTICK_init</name>
         <load_address>0x150c</load_address>
         <readonly>true</readonly>
         <executable>true</executable>
         <run_address>0x150c</run_address>
         <size>0x30</size>
         <alignment>0x4</alignment>
         <input_file_ref idref="fl-2"/>
      </object_component>
      <object_component id="oc-ae">
         <name>.text.uart0_send_string</name>
         <load_address>0x153c</load_address>
         <readonly>true</readonly>
         <executable>true</executable>
         <run_address>0x153c</run_address>
         <size>0x30</size>
         <alignment>0x4</alignment>
         <input_file_ref idref="fl-9"/>
      </object_component>
      <object_component id="oc-af">
         <name>.text.__floatunsisf</name>
         <load_address>0x156c</load_address>
         <readonly>true</readonly>
         <executable>true</executable>
         <run_address>0x156c</run_address>
         <size>0x28</size>
         <alignment>0x4</alignment>
         <input_file_ref idref="fl-e7"/>
      </object_component>
      <object_component id="oc-5e">
         <name>.text:_c_int00_noargs</name>
         <load_address>0x1594</load_address>
         <readonly>true</readonly>
         <executable>true</executable>
         <run_address>0x1594</run_address>
         <size>0x28</size>
         <alignment>0x4</alignment>
         <input_file_ref idref="fl-31"/>
      </object_component>
      <object_component id="oc-154">
         <name>.text.DL_Timer_setCaptCompUpdateMethod</name>
         <load_address>0x15bc</load_address>
         <readonly>true</readonly>
         <executable>true</executable>
         <run_address>0x15bc</run_address>
         <size>0x1c</size>
         <alignment>0x4</alignment>
         <input_file_ref idref="fl-19"/>
      </object_component>
      <object_component id="oc-151">
         <name>.text.DL_Timer_setClockConfig</name>
         <load_address>0x15d8</load_address>
         <readonly>true</readonly>
         <executable>true</executable>
         <run_address>0x15d8</run_address>
         <size>0x1c</size>
         <alignment>0x4</alignment>
         <input_file_ref idref="fl-19"/>
      </object_component>
      <object_component id="oc-a7">
         <name>.text.GRAPH_SENSOR_Init</name>
         <load_address>0x15f4</load_address>
         <readonly>true</readonly>
         <executable>true</executable>
         <run_address>0x15f4</run_address>
         <size>0x1c</size>
         <alignment>0x4</alignment>
         <input_file_ref idref="fl-5"/>
      </object_component>
      <object_component id="oc-e3">
         <name>.text.SYSCFG_DL_SYSCTL_init</name>
         <load_address>0x1610</load_address>
         <readonly>true</readonly>
         <executable>true</executable>
         <run_address>0x1610</run_address>
         <size>0x1c</size>
         <alignment>0x4</alignment>
         <input_file_ref idref="fl-2"/>
      </object_component>
      <object_component id="oc-97">
         <name>.text.SYSCFG_DL_init</name>
         <load_address>0x162c</load_address>
         <readonly>true</readonly>
         <executable>true</executable>
         <run_address>0x162c</run_address>
         <size>0x1c</size>
         <alignment>0x2</alignment>
         <input_file_ref idref="fl-2"/>
      </object_component>
      <object_component id="oc-153">
         <name>.text.DL_Timer_setCaptureCompareOutCtl</name>
         <load_address>0x1648</load_address>
         <readonly>true</readonly>
         <executable>true</executable>
         <run_address>0x1648</run_address>
         <size>0x18</size>
         <alignment>0x4</alignment>
         <input_file_ref idref="fl-19"/>
      </object_component>
      <object_component id="oc-f0">
         <name>.text.PID_Init</name>
         <load_address>0x1660</load_address>
         <readonly>true</readonly>
         <executable>true</executable>
         <run_address>0x1660</run_address>
         <size>0x16</size>
         <alignment>0x2</alignment>
         <input_file_ref idref="fl-7"/>
      </object_component>
      <object_component id="oc-55">
         <name>.text:decompress:ZI:__TI_zero_init_nomemset</name>
         <load_address>0x1676</load_address>
         <readonly>true</readonly>
         <executable>true</executable>
         <run_address>0x1676</run_address>
         <size>0x16</size>
         <alignment>0x2</alignment>
         <input_file_ref idref="fl-36"/>
      </object_component>
      <object_component id="oc-157">
         <name>.text.DL_UART_setClockConfig</name>
         <load_address>0x168c</load_address>
         <readonly>true</readonly>
         <executable>true</executable>
         <run_address>0x168c</run_address>
         <size>0x12</size>
         <alignment>0x2</alignment>
         <input_file_ref idref="fl-1a"/>
      </object_component>
      <object_component id="oc-20">
         <name>.text:decompress:none</name>
         <load_address>0x169e</load_address>
         <readonly>true</readonly>
         <executable>true</executable>
         <run_address>0x169e</run_address>
         <size>0x12</size>
         <alignment>0x2</alignment>
         <input_file_ref idref="fl-37"/>
      </object_component>
      <object_component id="oc-ea">
         <name>.text.DL_Timer_setCaptureCompareValue</name>
         <load_address>0x16b0</load_address>
         <readonly>true</readonly>
         <executable>true</executable>
         <run_address>0x16b0</run_address>
         <size>0x10</size>
         <alignment>0x4</alignment>
         <input_file_ref idref="fl-19"/>
      </object_component>
      <object_component id="oc-34">
         <name>.text.SysTick_Handler</name>
         <load_address>0x16c0</load_address>
         <readonly>true</readonly>
         <executable>true</executable>
         <run_address>0x16c0</run_address>
         <size>0x10</size>
         <alignment>0x4</alignment>
         <input_file_ref idref="fl-a"/>
      </object_component>
      <object_component id="oc-a2">
         <name>.text.DL_Common_delayCycles</name>
         <load_address>0x16d0</load_address>
         <readonly>true</readonly>
         <executable>true</executable>
         <run_address>0x16d0</run_address>
         <size>0xa</size>
         <alignment>0x2</alignment>
         <input_file_ref idref="fl-18"/>
      </object_component>
      <object_component id="oc-c1">
         <name>.text:abort</name>
         <load_address>0x16da</load_address>
         <readonly>true</readonly>
         <executable>true</executable>
         <run_address>0x16da</run_address>
         <size>0x6</size>
         <alignment>0x2</alignment>
         <input_file_ref idref="fl-39"/>
      </object_component>
      <object_component id="oc-140">
         <name>.text.HOSTexit</name>
         <load_address>0x16e0</load_address>
         <readonly>true</readonly>
         <executable>true</executable>
         <run_address>0x16e0</run_address>
         <size>0x4</size>
         <alignment>0x2</alignment>
         <input_file_ref idref="fl-db"/>
      </object_component>
      <object_component id="oc-2f">
         <name>.text.Reset_Handler</name>
         <load_address>0x16e4</load_address>
         <readonly>true</readonly>
         <executable>true</executable>
         <run_address>0x16e4</run_address>
         <size>0x4</size>
         <alignment>0x2</alignment>
         <input_file_ref idref="fl-3"/>
      </object_component>
      <object_component id="oc-7b">
         <name>.text._system_pre_init</name>
         <load_address>0x16e8</load_address>
         <readonly>true</readonly>
         <executable>true</executable>
         <run_address>0x16e8</run_address>
         <size>0x4</size>
         <alignment>0x2</alignment>
         <input_file_ref idref="fl-34"/>
      </object_component>
      <object_component id="oc-1d4">
         <name>.cinit..data.load</name>
         <load_address>0x1730</load_address>
         <readonly>true</readonly>
         <run_address>0x1730</run_address>
         <size>0x12</size>
         <alignment>0x1</alignment>
      </object_component>
      <object_component id="oc-1d2">
         <name>__TI_handler_table</name>
         <load_address>0x1744</load_address>
         <readonly>true</readonly>
         <run_address>0x1744</run_address>
         <size>0xc</size>
         <alignment>0x4</alignment>
      </object_component>
      <object_component id="oc-1d5">
         <name>.cinit..bss.load</name>
         <load_address>0x1750</load_address>
         <readonly>true</readonly>
         <run_address>0x1750</run_address>
         <size>0x8</size>
         <alignment>0x4</alignment>
      </object_component>
      <object_component id="oc-1d3">
         <name>__TI_cinit_table</name>
         <load_address>0x1758</load_address>
         <readonly>true</readonly>
         <run_address>0x1758</run_address>
         <size>0x10</size>
         <alignment>0x4</alignment>
      </object_component>
      <object_component id="oc-ff">
         <name>.rodata.str1.14464947116831474962.1</name>
         <load_address>0x16f0</load_address>
         <readonly>true</readonly>
         <run_address>0x16f0</run_address>
         <size>0xe</size>
         <alignment>0x1</alignment>
         <input_file_ref idref="fl-9"/>
      </object_component>
      <object_component id="oc-15f">
         <name>.rodata.gUART_0Config</name>
         <load_address>0x16fe</load_address>
         <readonly>true</readonly>
         <run_address>0x16fe</run_address>
         <size>0xa</size>
         <alignment>0x2</alignment>
         <input_file_ref idref="fl-2"/>
      </object_component>
      <object_component id="oc-156">
         <name>.rodata.gTB6612_PWMConfig</name>
         <load_address>0x1708</load_address>
         <readonly>true</readonly>
         <run_address>0x1708</run_address>
         <size>0x8</size>
         <alignment>0x4</alignment>
         <input_file_ref idref="fl-2"/>
      </object_component>
      <object_component id="oc-bb">
         <name>.rodata.str1.17669528882079347314.1</name>
         <load_address>0x1710</load_address>
         <readonly>true</readonly>
         <run_address>0x1710</run_address>
         <size>0x6</size>
         <alignment>0x1</alignment>
         <input_file_ref idref="fl-1"/>
      </object_component>
      <object_component id="oc-b6">
         <name>.rodata.str1.9517790425240694019.1</name>
         <load_address>0x1716</load_address>
         <readonly>true</readonly>
         <run_address>0x1716</run_address>
         <size>0x6</size>
         <alignment>0x1</alignment>
         <input_file_ref idref="fl-1"/>
      </object_component>
      <object_component id="oc-b9">
         <name>.rodata.str1.14685083708502177989.1</name>
         <load_address>0x171c</load_address>
         <readonly>true</readonly>
         <run_address>0x171c</run_address>
         <size>0x5</size>
         <alignment>0x1</alignment>
         <input_file_ref idref="fl-1"/>
      </object_component>
      <object_component id="oc-b7">
         <name>.rodata.str1.254342170260855183.1</name>
         <load_address>0x1721</load_address>
         <readonly>true</readonly>
         <run_address>0x1721</run_address>
         <size>0x5</size>
         <alignment>0x1</alignment>
         <input_file_ref idref="fl-1"/>
      </object_component>
      <object_component id="oc-155">
         <name>.rodata.gTB6612_PWMClockConfig</name>
         <load_address>0x1726</load_address>
         <readonly>true</readonly>
         <run_address>0x1726</run_address>
         <size>0x3</size>
         <alignment>0x1</alignment>
         <input_file_ref idref="fl-2"/>
      </object_component>
      <object_component id="oc-bd">
         <name>.rodata.str1.11898133897667081452.1</name>
         <load_address>0x1729</load_address>
         <readonly>true</readonly>
         <run_address>0x1729</run_address>
         <size>0x3</size>
         <alignment>0x1</alignment>
         <input_file_ref idref="fl-1"/>
      </object_component>
      <object_component id="oc-15e">
         <name>.rodata.gUART_0ClockConfig</name>
         <load_address>0x172c</load_address>
         <readonly>true</readonly>
         <run_address>0x172c</run_address>
         <size>0x2</size>
         <alignment>0x1</alignment>
         <input_file_ref idref="fl-2"/>
      </object_component>
      <object_component id="oc-19c">
         <name>.binit</name>
         <load_address>0x0</load_address>
         <readonly>true</readonly>
         <run_address>0x0</run_address>
         <size>0x0</size>
         <alignment>0x4</alignment>
      </object_component>
      <object_component id="oc-b4">
         <name>.data.main.last_measure</name>
         <load_address>0x20200088</load_address>
         <readwrite>true</readwrite>
         <run_address>0x20200088</run_address>
         <size>0x4</size>
         <alignment>0x4</alignment>
         <input_file_ref idref="fl-1"/>
      </object_component>
      <object_component id="oc-b5">
         <name>.data.main.last_uart</name>
         <load_address>0x2020008c</load_address>
         <readwrite>true</readwrite>
         <run_address>0x2020008c</run_address>
         <size>0x4</size>
         <alignment>0x4</alignment>
         <input_file_ref idref="fl-1"/>
      </object_component>
      <object_component id="oc-69">
         <name>.data.Motor1_Encoder_Value</name>
         <load_address>0x20200068</load_address>
         <readwrite>true</readwrite>
         <run_address>0x20200068</run_address>
         <size>0x4</size>
         <alignment>0x4</alignment>
         <input_file_ref idref="fl-4"/>
      </object_component>
      <object_component id="oc-6a">
         <name>.data.Motor2_Encoder_Value</name>
         <load_address>0x20200074</load_address>
         <readwrite>true</readwrite>
         <run_address>0x20200074</run_address>
         <size>0x4</size>
         <alignment>0x4</alignment>
         <input_file_ref idref="fl-4"/>
      </object_component>
      <object_component id="oc-b8">
         <name>.data.Motor1_Speed</name>
         <load_address>0x20200070</load_address>
         <readwrite>true</readwrite>
         <run_address>0x20200070</run_address>
         <size>0x4</size>
         <alignment>0x4</alignment>
         <input_file_ref idref="fl-4"/>
      </object_component>
      <object_component id="oc-ba">
         <name>.data.Motor2_Speed</name>
         <load_address>0x2020007c</load_address>
         <readwrite>true</readwrite>
         <run_address>0x2020007c</run_address>
         <size>0x4</size>
         <alignment>0x4</alignment>
         <input_file_ref idref="fl-4"/>
      </object_component>
      <object_component id="oc-130">
         <name>.data.Motor1_Lucheng</name>
         <load_address>0x2020006c</load_address>
         <readwrite>true</readwrite>
         <run_address>0x2020006c</run_address>
         <size>0x4</size>
         <alignment>0x4</alignment>
         <input_file_ref idref="fl-4"/>
      </object_component>
      <object_component id="oc-131">
         <name>.data.Motor2_Lucheng</name>
         <load_address>0x20200078</load_address>
         <readwrite>true</readwrite>
         <run_address>0x20200078</run_address>
         <size>0x4</size>
         <alignment>0x4</alignment>
         <input_file_ref idref="fl-4"/>
      </object_component>
      <object_component id="oc-132">
         <name>.data.Measure_Distance</name>
         <load_address>0x20200064</load_address>
         <readwrite>true</readwrite>
         <run_address>0x20200064</run_address>
         <size>0x4</size>
         <alignment>0x4</alignment>
         <input_file_ref idref="fl-4"/>
      </object_component>
      <object_component id="oc-f6">
         <name>.data.g_dir1</name>
         <load_address>0x20200090</load_address>
         <readwrite>true</readwrite>
         <run_address>0x20200090</run_address>
         <size>0x1</size>
         <alignment>0x1</alignment>
         <input_file_ref idref="fl-6"/>
      </object_component>
      <object_component id="oc-f5">
         <name>.data.g_pwm1</name>
         <load_address>0x20200080</load_address>
         <readwrite>true</readwrite>
         <run_address>0x20200080</run_address>
         <size>0x4</size>
         <alignment>0x4</alignment>
         <input_file_ref idref="fl-6"/>
      </object_component>
      <object_component id="oc-f8">
         <name>.data.g_dir2</name>
         <load_address>0x20200091</load_address>
         <readwrite>true</readwrite>
         <run_address>0x20200091</run_address>
         <size>0x1</size>
         <alignment>0x1</alignment>
         <input_file_ref idref="fl-6"/>
      </object_component>
      <object_component id="oc-f7">
         <name>.data.g_pwm2</name>
         <load_address>0x20200084</load_address>
         <readwrite>true</readwrite>
         <run_address>0x20200084</run_address>
         <size>0x4</size>
         <alignment>0x4</alignment>
         <input_file_ref idref="fl-6"/>
      </object_component>
      <object_component id="oc-6e">
         <name>.data.uart_data</name>
         <load_address>0x20200092</load_address>
         <readwrite>true</readwrite>
         <run_address>0x20200092</run_address>
         <size>0x1</size>
         <alignment>0x1</alignment>
         <input_file_ref idref="fl-9"/>
      </object_component>
      <object_component id="oc-bc">
         <name>.common:pid_motor1</name>
         <uninitialized>true</uninitialized>
         <readwrite>true</readwrite>
         <run_address>0x20200000</run_address>
         <size>0x30</size>
         <alignment>0x4</alignment>
      </object_component>
      <object_component id="oc-f9">
         <name>.common:pid_motor2</name>
         <uninitialized>true</uninitialized>
         <readwrite>true</readwrite>
         <run_address>0x20200030</run_address>
         <size>0x30</size>
         <alignment>0x4</alignment>
      </object_component>
      <object_component id="oc-65">
         <name>.common:tick_ms</name>
         <uninitialized>true</uninitialized>
         <readwrite>true</readwrite>
         <run_address>0x20200060</run_address>
         <size>0x4</size>
         <alignment>0x4</alignment>
      </object_component>
      <object_component id="oc-1a">
         <name>.stack</name>
         <uninitialized>true</uninitialized>
         <readwrite>true</readwrite>
         <run_address>0x20207e00</run_address>
         <size>0x4</size>
         <alignment>0x4</alignment>
         <input_file_ref idref="fl-31"/>
      </object_component>
      <object_component id="oc-1d7">
         <name>.stack</name>
         <uninitialized>true</uninitialized>
         <readwrite>true</readwrite>
         <run_address>0x20207e00</run_address>
         <size>0x0</size>
         <alignment>0x8</alignment>
      </object_component>
      <object_component id="oc-c0">
         <name>.debug_loc</name>
         <load_address>0x0</load_address>
         <run_address>0x0</run_address>
         <size>0x1e</size>
         <alignment>0x1</alignment>
         <input_file_ref idref="fl-1"/>
      </object_component>
      <object_component id="oc-e4">
         <name>.debug_loc</name>
         <load_address>0x1e</load_address>
         <run_address>0x1e</run_address>
         <size>0xd3</size>
         <alignment>0x1</alignment>
         <input_file_ref idref="fl-2"/>
      </object_component>
      <object_component id="oc-6d">
         <name>.debug_loc</name>
         <load_address>0xf1</load_address>
         <run_address>0xf1</run_address>
         <size>0x6c</size>
         <alignment>0x1</alignment>
         <input_file_ref idref="fl-4"/>
      </object_component>
      <object_component id="oc-a1">
         <name>.debug_loc</name>
         <load_address>0x15d</load_address>
         <run_address>0x15d</run_address>
         <size>0x152</size>
         <alignment>0x1</alignment>
         <input_file_ref idref="fl-6"/>
      </object_component>
      <object_component id="oc-103">
         <name>.debug_loc</name>
         <load_address>0x2af</load_address>
         <run_address>0x2af</run_address>
         <size>0x9c</size>
         <alignment>0x1</alignment>
         <input_file_ref idref="fl-7"/>
      </object_component>
      <object_component id="oc-71">
         <name>.debug_loc</name>
         <load_address>0x34b</load_address>
         <run_address>0x34b</run_address>
         <size>0x27e</size>
         <alignment>0x1</alignment>
         <input_file_ref idref="fl-9"/>
      </object_component>
      <object_component id="oc-68">
         <name>.debug_loc</name>
         <load_address>0x5c9</load_address>
         <run_address>0x5c9</run_address>
         <size>0x68</size>
         <alignment>0x1</alignment>
         <input_file_ref idref="fl-a"/>
      </object_component>
      <object_component id="oc-fe">
         <name>.debug_loc</name>
         <load_address>0x631</load_address>
         <run_address>0x631</run_address>
         <size>0x13</size>
         <alignment>0x1</alignment>
         <input_file_ref idref="fl-18"/>
      </object_component>
      <object_component id="oc-ef">
         <name>.debug_loc</name>
         <load_address>0x644</load_address>
         <run_address>0x644</run_address>
         <size>0x1a68</size>
         <alignment>0x1</alignment>
         <input_file_ref idref="fl-19"/>
      </object_component>
      <object_component id="oc-15a">
         <name>.debug_loc</name>
         <load_address>0x20ac</load_address>
         <run_address>0x20ac</run_address>
         <size>0x7e4</size>
         <alignment>0x1</alignment>
         <input_file_ref idref="fl-1a"/>
      </object_component>
      <object_component id="oc-49">
         <name>.debug_loc</name>
         <load_address>0x2890</load_address>
         <run_address>0x2890</run_address>
         <size>0xd8</size>
         <alignment>0x1</alignment>
         <input_file_ref idref="fl-31"/>
      </object_component>
      <object_component id="oc-cd">
         <name>.debug_loc</name>
         <load_address>0x2968</load_address>
         <run_address>0x2968</run_address>
         <size>0x424</size>
         <alignment>0x1</alignment>
         <input_file_ref idref="fl-33"/>
      </object_component>
      <object_component id="oc-5a">
         <name>.debug_loc</name>
         <load_address>0x2d8c</load_address>
         <run_address>0x2d8c</run_address>
         <size>0x16c</size>
         <alignment>0x1</alignment>
         <input_file_ref idref="fl-36"/>
      </object_component>
      <object_component id="oc-54">
         <name>.debug_loc</name>
         <load_address>0x2ef8</load_address>
         <run_address>0x2ef8</run_address>
         <size>0x6f</size>
         <alignment>0x1</alignment>
         <input_file_ref idref="fl-37"/>
      </object_component>
      <object_component id="oc-4c">
         <name>.debug_loc</name>
         <load_address>0x2f67</load_address>
         <run_address>0x2f67</run_address>
         <size>0x167</size>
         <alignment>0x1</alignment>
         <input_file_ref idref="fl-38"/>
      </object_component>
      <object_component id="oc-c7">
         <name>.debug_loc</name>
         <load_address>0x30ce</load_address>
         <run_address>0x30ce</run_address>
         <size>0x26</size>
         <alignment>0x1</alignment>
         <input_file_ref idref="fl-39"/>
      </object_component>
      <object_component id="oc-192">
         <name>.debug_loc</name>
         <load_address>0x30f4</load_address>
         <run_address>0x30f4</run_address>
         <size>0x20</size>
         <alignment>0x1</alignment>
         <input_file_ref idref="fl-ef"/>
      </object_component>
      <object_component id="oc-be">
         <name>.debug_abbrev</name>
         <load_address>0x0</load_address>
         <run_address>0x0</run_address>
         <size>0x171</size>
         <alignment>0x1</alignment>
         <input_file_ref idref="fl-1"/>
      </object_component>
      <object_component id="oc-e8">
         <name>.debug_abbrev</name>
         <load_address>0x171</load_address>
         <run_address>0x171</run_address>
         <size>0x1ef</size>
         <alignment>0x1</alignment>
         <input_file_ref idref="fl-2"/>
      </object_component>
      <object_component id="oc-43">
         <name>.debug_abbrev</name>
         <load_address>0x360</load_address>
         <run_address>0x360</run_address>
         <size>0x6d</size>
         <alignment>0x1</alignment>
         <input_file_ref idref="fl-3"/>
      </object_component>
      <object_component id="oc-6b">
         <name>.debug_abbrev</name>
         <load_address>0x3cd</load_address>
         <run_address>0x3cd</run_address>
         <size>0x16a</size>
         <alignment>0x1</alignment>
         <input_file_ref idref="fl-4"/>
      </object_component>
      <object_component id="oc-100">
         <name>.debug_abbrev</name>
         <load_address>0x537</load_address>
         <run_address>0x537</run_address>
         <size>0xe9</size>
         <alignment>0x1</alignment>
         <input_file_ref idref="fl-5"/>
      </object_component>
      <object_component id="oc-fa">
         <name>.debug_abbrev</name>
         <load_address>0x620</load_address>
         <run_address>0x620</run_address>
         <size>0x17a</size>
         <alignment>0x1</alignment>
         <input_file_ref idref="fl-6"/>
      </object_component>
      <object_component id="oc-162">
         <name>.debug_abbrev</name>
         <load_address>0x79a</load_address>
         <run_address>0x79a</run_address>
         <size>0xaa</size>
         <alignment>0x1</alignment>
         <input_file_ref idref="fl-7"/>
      </object_component>
      <object_component id="oc-6f">
         <name>.debug_abbrev</name>
         <load_address>0x844</load_address>
         <run_address>0x844</run_address>
         <size>0x1e6</size>
         <alignment>0x1</alignment>
         <input_file_ref idref="fl-9"/>
      </object_component>
      <object_component id="oc-66">
         <name>.debug_abbrev</name>
         <load_address>0xa2a</load_address>
         <run_address>0xa2a</run_address>
         <size>0x18b</size>
         <alignment>0x1</alignment>
         <input_file_ref idref="fl-a"/>
      </object_component>
      <object_component id="oc-fc">
         <name>.debug_abbrev</name>
         <load_address>0xbb5</load_address>
         <run_address>0xbb5</run_address>
         <size>0x62</size>
         <alignment>0x1</alignment>
         <input_file_ref idref="fl-18"/>
      </object_component>
      <object_component id="oc-160">
         <name>.debug_abbrev</name>
         <load_address>0xc17</load_address>
         <run_address>0xc17</run_address>
         <size>0x286</size>
         <alignment>0x1</alignment>
         <input_file_ref idref="fl-19"/>
      </object_component>
      <object_component id="oc-18c">
         <name>.debug_abbrev</name>
         <load_address>0xe9d</load_address>
         <run_address>0xe9d</run_address>
         <size>0x29b</size>
         <alignment>0x1</alignment>
         <input_file_ref idref="fl-1a"/>
      </object_component>
      <object_component id="oc-45">
         <name>.debug_abbrev</name>
         <load_address>0x1138</load_address>
         <run_address>0x1138</run_address>
         <size>0xaf</size>
         <alignment>0x1</alignment>
         <input_file_ref idref="fl-31"/>
      </object_component>
      <object_component id="oc-14a">
         <name>.debug_abbrev</name>
         <load_address>0x11e7</load_address>
         <run_address>0x11e7</run_address>
         <size>0x170</size>
         <alignment>0x1</alignment>
         <input_file_ref idref="fl-33"/>
      </object_component>
      <object_component id="oc-95">
         <name>.debug_abbrev</name>
         <load_address>0x1357</load_address>
         <run_address>0x1357</run_address>
         <size>0x39</size>
         <alignment>0x1</alignment>
         <input_file_ref idref="fl-34"/>
      </object_component>
      <object_component id="oc-74">
         <name>.debug_abbrev</name>
         <load_address>0x1390</load_address>
         <run_address>0x1390</run_address>
         <size>0xc2</size>
         <alignment>0x1</alignment>
         <input_file_ref idref="fl-36"/>
      </object_component>
      <object_component id="oc-52">
         <name>.debug_abbrev</name>
         <load_address>0x1452</load_address>
         <run_address>0x1452</run_address>
         <size>0x70</size>
         <alignment>0x1</alignment>
         <input_file_ref idref="fl-37"/>
      </object_component>
      <object_component id="oc-4a">
         <name>.debug_abbrev</name>
         <load_address>0x14c2</load_address>
         <run_address>0x14c2</run_address>
         <size>0x8d</size>
         <alignment>0x1</alignment>
         <input_file_ref idref="fl-38"/>
      </object_component>
      <object_component id="oc-144">
         <name>.debug_abbrev</name>
         <load_address>0x154f</load_address>
         <run_address>0x154f</run_address>
         <size>0x98</size>
         <alignment>0x1</alignment>
         <input_file_ref idref="fl-39"/>
      </object_component>
      <object_component id="oc-181">
         <name>.debug_abbrev</name>
         <load_address>0x15e7</load_address>
         <run_address>0x15e7</run_address>
         <size>0x2c</size>
         <alignment>0x1</alignment>
         <input_file_ref idref="fl-db"/>
      </object_component>
      <object_component id="oc-171">
         <name>.debug_abbrev</name>
         <load_address>0x1613</load_address>
         <run_address>0x1613</run_address>
         <size>0x27</size>
         <alignment>0x1</alignment>
         <input_file_ref idref="fl-dc"/>
      </object_component>
      <object_component id="oc-170">
         <name>.debug_abbrev</name>
         <load_address>0x163a</load_address>
         <run_address>0x163a</run_address>
         <size>0x27</size>
         <alignment>0x1</alignment>
         <input_file_ref idref="fl-dd"/>
      </object_component>
      <object_component id="oc-16e">
         <name>.debug_abbrev</name>
         <load_address>0x1661</load_address>
         <run_address>0x1661</run_address>
         <size>0x27</size>
         <alignment>0x1</alignment>
         <input_file_ref idref="fl-de"/>
      </object_component>
      <object_component id="oc-18e">
         <name>.debug_abbrev</name>
         <load_address>0x1688</load_address>
         <run_address>0x1688</run_address>
         <size>0x27</size>
         <alignment>0x1</alignment>
         <input_file_ref idref="fl-df"/>
      </object_component>
      <object_component id="oc-169">
         <name>.debug_abbrev</name>
         <load_address>0x16af</load_address>
         <run_address>0x16af</run_address>
         <size>0x27</size>
         <alignment>0x1</alignment>
         <input_file_ref idref="fl-e0"/>
      </object_component>
      <object_component id="oc-164">
         <name>.debug_abbrev</name>
         <load_address>0x16d6</load_address>
         <run_address>0x16d6</run_address>
         <size>0x27</size>
         <alignment>0x1</alignment>
         <input_file_ref idref="fl-e1"/>
      </object_component>
      <object_component id="oc-16d">
         <name>.debug_abbrev</name>
         <load_address>0x16fd</load_address>
         <run_address>0x16fd</run_address>
         <size>0x27</size>
         <alignment>0x1</alignment>
         <input_file_ref idref="fl-e2"/>
      </object_component>
      <object_component id="oc-16c">
         <name>.debug_abbrev</name>
         <load_address>0x1724</load_address>
         <run_address>0x1724</run_address>
         <size>0x27</size>
         <alignment>0x1</alignment>
         <input_file_ref idref="fl-e3"/>
      </object_component>
      <object_component id="oc-179">
         <name>.debug_abbrev</name>
         <load_address>0x174b</load_address>
         <run_address>0x174b</run_address>
         <size>0x27</size>
         <alignment>0x1</alignment>
         <input_file_ref idref="fl-e4"/>
      </object_component>
      <object_component id="oc-16a">
         <name>.debug_abbrev</name>
         <load_address>0x1772</load_address>
         <run_address>0x1772</run_address>
         <size>0x27</size>
         <alignment>0x1</alignment>
         <input_file_ref idref="fl-e5"/>
      </object_component>
      <object_component id="oc-16b">
         <name>.debug_abbrev</name>
         <load_address>0x1799</load_address>
         <run_address>0x1799</run_address>
         <size>0x27</size>
         <alignment>0x1</alignment>
         <input_file_ref idref="fl-e6"/>
      </object_component>
      <object_component id="oc-133">
         <name>.debug_abbrev</name>
         <load_address>0x17c0</load_address>
         <run_address>0x17c0</run_address>
         <size>0x27</size>
         <alignment>0x1</alignment>
         <input_file_ref idref="fl-e7"/>
      </object_component>
      <object_component id="oc-16f">
         <name>.debug_abbrev</name>
         <load_address>0x17e7</load_address>
         <run_address>0x17e7</run_address>
         <size>0x27</size>
         <alignment>0x1</alignment>
         <input_file_ref idref="fl-e8"/>
      </object_component>
      <object_component id="oc-178">
         <name>.debug_abbrev</name>
         <load_address>0x180e</load_address>
         <run_address>0x180e</run_address>
         <size>0x27</size>
         <alignment>0x1</alignment>
         <input_file_ref idref="fl-e9"/>
      </object_component>
      <object_component id="oc-17f">
         <name>.debug_abbrev</name>
         <load_address>0x1835</load_address>
         <run_address>0x1835</run_address>
         <size>0x27</size>
         <alignment>0x1</alignment>
         <input_file_ref idref="fl-ea"/>
      </object_component>
      <object_component id="oc-73">
         <name>.debug_abbrev</name>
         <load_address>0x185c</load_address>
         <run_address>0x185c</run_address>
         <size>0x27</size>
         <alignment>0x1</alignment>
         <input_file_ref idref="fl-eb"/>
      </object_component>
      <object_component id="oc-180">
         <name>.debug_abbrev</name>
         <load_address>0x1883</load_address>
         <run_address>0x1883</run_address>
         <size>0x27</size>
         <alignment>0x1</alignment>
         <input_file_ref idref="fl-ed"/>
      </object_component>
      <object_component id="oc-18f">
         <name>.debug_abbrev</name>
         <load_address>0x18aa</load_address>
         <run_address>0x18aa</run_address>
         <size>0x25</size>
         <alignment>0x1</alignment>
         <input_file_ref idref="fl-ee"/>
      </object_component>
      <object_component id="oc-190">
         <name>.debug_abbrev</name>
         <load_address>0x18cf</load_address>
         <run_address>0x18cf</run_address>
         <size>0x59</size>
         <alignment>0x1</alignment>
         <input_file_ref idref="fl-ef"/>
      </object_component>
      <object_component id="oc-da">
         <name>.debug_abbrev</name>
         <load_address>0x1928</load_address>
         <run_address>0x1928</run_address>
         <size>0x25</size>
         <alignment>0x1</alignment>
         <input_file_ref idref="fl-f0"/>
      </object_component>
      <object_component id="oc-1d9">
         <name>.debug_abbrev</name>
         <load_address>0x194d</load_address>
         <run_address>0x194d</run_address>
         <size>0xf</size>
         <alignment>0x0</alignment>
      </object_component>
      <object_component id="oc-82">
         <name>.debug_info</name>
         <load_address>0x0</load_address>
         <run_address>0x0</run_address>
         <size>0xa37</size>
         <alignment>0x1</alignment>
         <input_file_ref idref="fl-1"/>
      </object_component>
      <object_component id="oc-9a">
         <name>.debug_info</name>
         <load_address>0xa37</load_address>
         <run_address>0xa37</run_address>
         <size>0x2b4b</size>
         <alignment>0x1</alignment>
         <input_file_ref idref="fl-2"/>
      </object_component>
      <object_component id="oc-19">
         <name>.debug_info</name>
         <load_address>0x3582</load_address>
         <run_address>0x3582</run_address>
         <size>0x80</size>
         <alignment>0x1</alignment>
         <input_file_ref idref="fl-3"/>
      </object_component>
      <object_component id="oc-3a">
         <name>.debug_info</name>
         <load_address>0x3602</load_address>
         <run_address>0x3602</run_address>
         <size>0xbae</size>
         <alignment>0x1</alignment>
         <input_file_ref idref="fl-4"/>
      </object_component>
      <object_component id="oc-a8">
         <name>.debug_info</name>
         <load_address>0x41b0</load_address>
         <run_address>0x41b0</run_address>
         <size>0x2bd</size>
         <alignment>0x1</alignment>
         <input_file_ref idref="fl-5"/>
      </object_component>
      <object_component id="oc-9f">
         <name>.debug_info</name>
         <load_address>0x446d</load_address>
         <run_address>0x446d</run_address>
         <size>0x13ed</size>
         <alignment>0x1</alignment>
         <input_file_ref idref="fl-6"/>
      </object_component>
      <object_component id="oc-f3">
         <name>.debug_info</name>
         <load_address>0x585a</load_address>
         <run_address>0x585a</run_address>
         <size>0x1ec</size>
         <alignment>0x1</alignment>
         <input_file_ref idref="fl-7"/>
      </object_component>
      <object_component id="oc-41">
         <name>.debug_info</name>
         <load_address>0x5a46</load_address>
         <run_address>0x5a46</run_address>
         <size>0xb66</size>
         <alignment>0x1</alignment>
         <input_file_ref idref="fl-9"/>
      </object_component>
      <object_component id="oc-35">
         <name>.debug_info</name>
         <load_address>0x65ac</load_address>
         <run_address>0x65ac</run_address>
         <size>0x47d</size>
         <alignment>0x1</alignment>
         <input_file_ref idref="fl-a"/>
      </object_component>
      <object_component id="oc-a3">
         <name>.debug_info</name>
         <load_address>0x6a29</load_address>
         <run_address>0x6a29</run_address>
         <size>0x75</size>
         <alignment>0x1</alignment>
         <input_file_ref idref="fl-18"/>
      </object_component>
      <object_component id="oc-eb">
         <name>.debug_info</name>
         <load_address>0x6a9e</load_address>
         <run_address>0x6a9e</run_address>
         <size>0x32ed</size>
         <alignment>0x1</alignment>
         <input_file_ref idref="fl-19"/>
      </object_component>
      <object_component id="oc-159">
         <name>.debug_info</name>
         <load_address>0x9d8b</load_address>
         <run_address>0x9d8b</run_address>
         <size>0x12cf</size>
         <alignment>0x1</alignment>
         <input_file_ref idref="fl-1a"/>
      </object_component>
      <object_component id="oc-1b">
         <name>.debug_info</name>
         <load_address>0xb05a</load_address>
         <run_address>0xb05a</run_address>
         <size>0x423</size>
         <alignment>0x1</alignment>
         <input_file_ref idref="fl-31"/>
      </object_component>
      <object_component id="oc-c9">
         <name>.debug_info</name>
         <load_address>0xb47d</load_address>
         <run_address>0xb47d</run_address>
         <size>0x744</size>
         <alignment>0x1</alignment>
         <input_file_ref idref="fl-33"/>
      </object_component>
      <object_component id="oc-7c">
         <name>.debug_info</name>
         <load_address>0xbbc1</load_address>
         <run_address>0xbbc1</run_address>
         <size>0x46</size>
         <alignment>0x1</alignment>
         <input_file_ref idref="fl-34"/>
      </object_component>
      <object_component id="oc-56">
         <name>.debug_info</name>
         <load_address>0xbc07</load_address>
         <run_address>0xbc07</run_address>
         <size>0x192</size>
         <alignment>0x1</alignment>
         <input_file_ref idref="fl-36"/>
      </object_component>
      <object_component id="oc-22">
         <name>.debug_info</name>
         <load_address>0xbd99</load_address>
         <run_address>0xbd99</run_address>
         <size>0xc6</size>
         <alignment>0x1</alignment>
         <input_file_ref idref="fl-37"/>
      </object_component>
      <object_component id="oc-1d">
         <name>.debug_info</name>
         <load_address>0xbe5f</load_address>
         <run_address>0xbe5f</run_address>
         <size>0x17c</size>
         <alignment>0x1</alignment>
         <input_file_ref idref="fl-38"/>
      </object_component>
      <object_component id="oc-c2">
         <name>.debug_info</name>
         <load_address>0xbfdb</load_address>
         <run_address>0xbfdb</run_address>
         <size>0xf8</size>
         <alignment>0x1</alignment>
         <input_file_ref idref="fl-39"/>
      </object_component>
      <object_component id="oc-141">
         <name>.debug_info</name>
         <load_address>0xc0d3</load_address>
         <run_address>0xc0d3</run_address>
         <size>0x3b</size>
         <alignment>0x1</alignment>
         <input_file_ref idref="fl-db"/>
      </object_component>
      <object_component id="oc-12a">
         <name>.debug_info</name>
         <load_address>0xc10e</load_address>
         <run_address>0xc10e</run_address>
         <size>0x199</size>
         <alignment>0x1</alignment>
         <input_file_ref idref="fl-dc"/>
      </object_component>
      <object_component id="oc-125">
         <name>.debug_info</name>
         <load_address>0xc2a7</load_address>
         <run_address>0xc2a7</run_address>
         <size>0x199</size>
         <alignment>0x1</alignment>
         <input_file_ref idref="fl-dd"/>
      </object_component>
      <object_component id="oc-11f">
         <name>.debug_info</name>
         <load_address>0xc440</load_address>
         <run_address>0xc440</run_address>
         <size>0x17f</size>
         <alignment>0x1</alignment>
         <input_file_ref idref="fl-de"/>
      </object_component>
      <object_component id="oc-167">
         <name>.debug_info</name>
         <load_address>0xc5bf</load_address>
         <run_address>0xc5bf</run_address>
         <size>0x181</size>
         <alignment>0x1</alignment>
         <input_file_ref idref="fl-df"/>
      </object_component>
      <object_component id="oc-109">
         <name>.debug_info</name>
         <load_address>0xc740</load_address>
         <run_address>0xc740</run_address>
         <size>0x17f</size>
         <alignment>0x1</alignment>
         <input_file_ref idref="fl-e0"/>
      </object_component>
      <object_component id="oc-107">
         <name>.debug_info</name>
         <load_address>0xc8bf</load_address>
         <run_address>0xc8bf</run_address>
         <size>0x17f</size>
         <alignment>0x1</alignment>
         <input_file_ref idref="fl-e1"/>
      </object_component>
      <object_component id="oc-119">
         <name>.debug_info</name>
         <load_address>0xca3e</load_address>
         <run_address>0xca3e</run_address>
         <size>0x17f</size>
         <alignment>0x1</alignment>
         <input_file_ref idref="fl-e2"/>
      </object_component>
      <object_component id="oc-115">
         <name>.debug_info</name>
         <load_address>0xcbbd</load_address>
         <run_address>0xcbbd</run_address>
         <size>0x189</size>
         <alignment>0x1</alignment>
         <input_file_ref idref="fl-e3"/>
      </object_component>
      <object_component id="oc-137">
         <name>.debug_info</name>
         <load_address>0xcd46</load_address>
         <run_address>0xcd46</run_address>
         <size>0x181</size>
         <alignment>0x1</alignment>
         <input_file_ref idref="fl-e4"/>
      </object_component>
      <object_component id="oc-10d">
         <name>.debug_info</name>
         <load_address>0xcec7</load_address>
         <run_address>0xcec7</run_address>
         <size>0x187</size>
         <alignment>0x1</alignment>
         <input_file_ref idref="fl-e5"/>
      </object_component>
      <object_component id="oc-113">
         <name>.debug_info</name>
         <load_address>0xd04e</load_address>
         <run_address>0xd04e</run_address>
         <size>0x185</size>
         <alignment>0x1</alignment>
         <input_file_ref idref="fl-e6"/>
      </object_component>
      <object_component id="oc-b2">
         <name>.debug_info</name>
         <load_address>0xd1d3</load_address>
         <run_address>0xd1d3</run_address>
         <size>0x189</size>
         <alignment>0x1</alignment>
         <input_file_ref idref="fl-e7"/>
      </object_component>
      <object_component id="oc-121">
         <name>.debug_info</name>
         <load_address>0xd35c</load_address>
         <run_address>0xd35c</run_address>
         <size>0x187</size>
         <alignment>0x1</alignment>
         <input_file_ref idref="fl-e8"/>
      </object_component>
      <object_component id="oc-12f">
         <name>.debug_info</name>
         <load_address>0xd4e3</load_address>
         <run_address>0xd4e3</run_address>
         <size>0x209</size>
         <alignment>0x1</alignment>
         <input_file_ref idref="fl-e9"/>
      </object_component>
      <object_component id="oc-13b">
         <name>.debug_info</name>
         <load_address>0xd6ec</load_address>
         <run_address>0xd6ec</run_address>
         <size>0x1ab</size>
         <alignment>0x1</alignment>
         <input_file_ref idref="fl-ea"/>
      </object_component>
      <object_component id="oc-51">
         <name>.debug_info</name>
         <load_address>0xd897</load_address>
         <run_address>0xd897</run_address>
         <size>0x18b</size>
         <alignment>0x1</alignment>
         <input_file_ref idref="fl-eb"/>
      </object_component>
      <object_component id="oc-13e">
         <name>.debug_info</name>
         <load_address>0xda22</load_address>
         <run_address>0xda22</run_address>
         <size>0x1ae</size>
         <alignment>0x1</alignment>
         <input_file_ref idref="fl-ed"/>
      </object_component>
      <object_component id="oc-173">
         <name>.debug_info</name>
         <load_address>0xdbd0</load_address>
         <run_address>0xdbd0</run_address>
         <size>0x1b3</size>
         <alignment>0x1</alignment>
         <input_file_ref idref="fl-ee"/>
      </object_component>
      <object_component id="oc-17d">
         <name>.debug_info</name>
         <load_address>0xdd83</load_address>
         <run_address>0xdd83</run_address>
         <size>0x85</size>
         <alignment>0x1</alignment>
         <input_file_ref idref="fl-ef"/>
      </object_component>
      <object_component id="oc-91">
         <name>.debug_info</name>
         <load_address>0xde08</load_address>
         <run_address>0xde08</run_address>
         <size>0x2f3</size>
         <alignment>0x1</alignment>
         <input_file_ref idref="fl-f0"/>
      </object_component>
      <object_component id="oc-1d8">
         <name>.debug_info</name>
         <load_address>0xe0fb</load_address>
         <run_address>0xe0fb</run_address>
         <size>0xaa</size>
         <alignment>0x0</alignment>
      </object_component>
      <object_component id="oc-bf">
         <name>.debug_str</name>
         <load_address>0x0</load_address>
         <run_address>0x0</run_address>
         <size>0x6f4</size>
         <alignment>0x1</alignment>
         <input_file_ref idref="fl-1"/>
      </object_component>
      <object_component id="oc-e9">
         <name>.debug_str</name>
         <load_address>0x6f4</load_address>
         <run_address>0x6f4</run_address>
         <size>0x2142</size>
         <alignment>0x1</alignment>
         <input_file_ref idref="fl-2"/>
      </object_component>
      <object_component id="oc-44">
         <name>.debug_str</name>
         <load_address>0x2836</load_address>
         <run_address>0x2836</run_address>
         <size>0x161</size>
         <alignment>0x1</alignment>
         <input_file_ref idref="fl-3"/>
      </object_component>
      <object_component id="oc-6c">
         <name>.debug_str</name>
         <load_address>0x2997</load_address>
         <run_address>0x2997</run_address>
         <size>0x617</size>
         <alignment>0x1</alignment>
         <input_file_ref idref="fl-4"/>
      </object_component>
      <object_component id="oc-101">
         <name>.debug_str</name>
         <load_address>0x2fae</load_address>
         <run_address>0x2fae</run_address>
         <size>0x4be</size>
         <alignment>0x1</alignment>
         <input_file_ref idref="fl-5"/>
      </object_component>
      <object_component id="oc-fb">
         <name>.debug_str</name>
         <load_address>0x346c</load_address>
         <run_address>0x346c</run_address>
         <size>0x789</size>
         <alignment>0x1</alignment>
         <input_file_ref idref="fl-6"/>
      </object_component>
      <object_component id="oc-163">
         <name>.debug_str</name>
         <load_address>0x3bf5</load_address>
         <run_address>0x3bf5</run_address>
         <size>0x178</size>
         <alignment>0x1</alignment>
         <input_file_ref idref="fl-7"/>
      </object_component>
      <object_component id="oc-70">
         <name>.debug_str</name>
         <load_address>0x3d6d</load_address>
         <run_address>0x3d6d</run_address>
         <size>0x862</size>
         <alignment>0x1</alignment>
         <input_file_ref idref="fl-9"/>
      </object_component>
      <object_component id="oc-67">
         <name>.debug_str</name>
         <load_address>0x45cf</load_address>
         <run_address>0x45cf</run_address>
         <size>0x4ad</size>
         <alignment>0x1</alignment>
         <input_file_ref idref="fl-a"/>
      </object_component>
      <object_component id="oc-fd">
         <name>.debug_str</name>
         <load_address>0x4a7c</load_address>
         <run_address>0x4a7c</run_address>
         <size>0x16d</size>
         <alignment>0x1</alignment>
         <input_file_ref idref="fl-18"/>
      </object_component>
      <object_component id="oc-161">
         <name>.debug_str</name>
         <load_address>0x4be9</load_address>
         <run_address>0x4be9</run_address>
[...]
         <object_component_ref idref="oc-33"/>
      </symbol>
      <symbol id="sm-81">
         <name>GROUP0_IRQHandler</name>
         <value>0x253</value>
         <object_component_ref idref="oc-33"/>
      </symbol>
      <symbol id="sm-82">
         <name>TIMG8_IRQHandler</name>
         <value>0x253</value>
         <object_component_ref idref="oc-33"/>
      </symbol>
      <symbol id="sm-83">
         <name>UART3_IRQHandler</name>
         <value>0x253</value>
         <object_component_ref idref="oc-33"/>
      </symbol>
      <symbol id="sm-84">
         <name>ADC0_IRQHandler</name>
         <value>0x253</value>
         <object_component_ref idref="oc-33"/>
      </symbol>
      <symbol id="sm-85">
         <name>ADC1_IRQHandler</name>
         <value>0x253</value>
         <object_component_ref idref="oc-33"/>
      </symbol>
      <symbol id="sm-86">
         <name>CANFD0_IRQHandler</name>
         <value>0x253</value>
         <object_component_ref idref="oc-33"/>
      </symbol>
      <symbol id="sm-87">
         <name>DAC0_IRQHandler</name>
         <value>0x253</value>
         <object_component_ref idref="oc-33"/>
      </symbol>
      <symbol id="sm-88">
         <name>SPI0_IRQHandler</name>
         <value>0x253</value>
         <object_component_ref idref="oc-33"/>
      </symbol>
      <symbol id="sm-89">
         <name>SPI1_IRQHandler</name>
         <value>0x253</value>
         <object_component_ref idref="oc-33"/>
      </symbol>
      <symbol id="sm-8a">
         <name>UART1_IRQHandler</name>
         <value>0x253</value>
         <object_component_ref idref="oc-33"/>
      </symbol>
      <symbol id="sm-8b">
         <name>UART2_IRQHandler</name>
         <value>0x253</value>
         <object_component_ref idref="oc-33"/>
      </symbol>
      <symbol id="sm-8c">
         <name>TIMG0_IRQHandler</name>
         <value>0x253</value>
         <object_component_ref idref="oc-33"/>
      </symbol>
      <symbol id="sm-8d">
         <name>TIMG6_IRQHandler</name>
         <value>0x253</value>
         <object_component_ref idref="oc-33"/>
      </symbol>
      <symbol id="sm-8e">
         <name>TIMA0_IRQHandler</name>
         <value>0x253</value>
         <object_component_ref idref="oc-33"/>
      </symbol>
      <symbol id="sm-8f">
         <name>TIMA1_IRQHandler</name>
         <value>0x253</value>
         <object_component_ref idref="oc-33"/>
      </symbol>
      <symbol id="sm-90">
         <name>TIMG7_IRQHandler</name>
         <value>0x253</value>
         <object_component_ref idref="oc-33"/>
      </symbol>
      <symbol id="sm-91">
         <name>TIMG12_IRQHandler</name>
         <value>0x253</value>
         <object_component_ref idref="oc-33"/>
      </symbol>
      <symbol id="sm-92">
         <name>I2C0_IRQHandler</name>
         <value>0x253</value>
         <object_component_ref idref="oc-33"/>
      </symbol>
      <symbol id="sm-93">
         <name>I2C1_IRQHandler</name>
         <value>0x253</value>
         <object_component_ref idref="oc-33"/>
      </symbol>
      <symbol id="sm-94">
         <name>AES_IRQHandler</name>
         <value>0x253</value>
         <object_component_ref idref="oc-33"/>
      </symbol>
      <symbol id="sm-95">
         <name>RTC_IRQHandler</name>
         <value>0x253</value>
         <object_component_ref idref="oc-33"/>
      </symbol>
      <symbol id="sm-96">
         <name>DMA_IRQHandler</name>
         <value>0x253</value>
         <object_component_ref idref="oc-33"/>
      </symbol>
      <symbol id="sm-a4">
         <name>GROUP1_IRQHandler</name>
         <value>0xb3d</value>
         <object_component_ref idref="oc-39"/>
      </symbol>
      <symbol id="sm-a5">
         <name>Motor1_Encoder_Value</name>
         <value>0x20200068</value>
         <object_component_ref idref="oc-69"/>
      </symbol>
      <symbol id="sm-a6">
         <name>Motor2_Encoder_Value</name>
         <value>0x20200074</value>
         <object_component_ref idref="oc-6a"/>
      </symbol>
      <symbol id="sm-a7">
         <name>Motor1_Speed</name>
         <value>0x20200070</value>
         <object_component_ref idref="oc-b8"/>
      </symbol>
      <symbol id="sm-a8">
         <name>Motor2_Speed</name>
         <value>0x2020007c</value>
         <object_component_ref idref="oc-ba"/>
      </symbol>
      <symbol id="sm-a9">
         <name>MEASURE_MOTORS_SPEED</name>
         <value>0x255</value>
         <object_component_ref idref="oc-ad"/>
      </symbol>
      <symbol id="sm-aa">
         <name>Motor1_Lucheng</name>
         <value>0x2020006c</value>
         <object_component_ref idref="oc-130"/>
      </symbol>
      <symbol id="sm-ab">
         <name>Motor2_Lucheng</name>
         <value>0x20200078</value>
         <object_component_ref idref="oc-131"/>
      </symbol>
      <symbol id="sm-ac">
         <name>Measure_Distance</name>
         <value>0x20200064</value>
         <object_component_ref idref="oc-132"/>
      </symbol>
      <symbol id="sm-b5">
         <name>GRAPH_SENSOR_Init</name>
         <value>0x15f5</value>
         <object_component_ref idref="oc-a7"/>
      </symbol>
      <symbol id="sm-c3">
         <name>Motor_Init</name>
         <value>0x6c1</value>
         <object_component_ref idref="oc-9c"/>
      </symbol>
      <symbol id="sm-c4">
         <name>g_pwm1</name>
         <value>0x20200080</value>
         <object_component_ref idref="oc-f5"/>
      </symbol>
      <symbol id="sm-c5">
         <name>g_dir1</name>
         <value>0x20200090</value>
         <object_component_ref idref="oc-f6"/>
      </symbol>
      <symbol id="sm-c6">
         <name>g_pwm2</name>
         <value>0x20200084</value>
         <object_component_ref idref="oc-f7"/>
      </symbol>
      <symbol id="sm-c7">
         <name>g_dir2</name>
         <value>0x20200091</value>
         <object_component_ref idref="oc-f8"/>
      </symbol>
      <symbol id="sm-c8">
         <name>pid_motor1</name>
         <value>0x20200000</value>
      </symbol>
      <symbol id="sm-c9">
         <name>pid_motor2</name>
         <value>0x20200030</value>
      </symbol>
      <symbol id="sm-ca">
         <name>SetSpeed</name>
         <value>0x395</value>
         <object_component_ref idref="oc-ac"/>
      </symbol>
      <symbol id="sm-d6">
         <name>PID_Init</name>
         <value>0x1661</value>
         <object_component_ref idref="oc-f0"/>
      </symbol>
      <symbol id="sm-d7">
         <name>PID_Calc_Incremental</name>
         <value>0x10d5</value>
         <object_component_ref idref="oc-102"/>
      </symbol>
      <symbol id="sm-ed">
         <name>Uartinit</name>
         <value>0xf71</value>
         <object_component_ref idref="oc-a6"/>
      </symbol>
      <symbol id="sm-ee">
         <name>uart0_send_string</name>
         <value>0x153d</value>
         <object_component_ref idref="oc-ae"/>
      </symbol>
      <symbol id="sm-ef">
         <name>uart0_send_speed</name>
         <value>0x8a5</value>
         <object_component_ref idref="oc-b3"/>
      </symbol>
      <symbol id="sm-f0">
         <name>UART0_IRQHandler</name>
         <value>0x1469</value>
         <object_component_ref idref="oc-3e"/>
      </symbol>
      <symbol id="sm-f1">
         <name>uart_data</name>
         <value>0x20200092</value>
         <object_component_ref idref="oc-6e"/>
      </symbol>
      <symbol id="sm-ff">
         <name>tick_ms</name>
         <value>0x20200060</value>
      </symbol>
      <symbol id="sm-100">
         <name>SysTick_Init</name>
         <value>0x1431</value>
         <object_component_ref idref="oc-ab"/>
      </symbol>
      <symbol id="sm-101">
         <name>SysTick_Handler</name>
         <value>0x16c1</value>
         <object_component_ref idref="oc-34"/>
      </symbol>
      <symbol id="sm-102">
         <name>__TI_ATRegion0_src_addr</name>
         <value>0x0</value>
      </symbol>
      <symbol id="sm-103">
         <name>__TI_ATRegion0_trg_addr</name>
         <value>0x0</value>
      </symbol>
      <symbol id="sm-104">
         <name>__TI_ATRegion0_region_sz</name>
         <value>0x0</value>
      </symbol>
      <symbol id="sm-105">
         <name>__TI_ATRegion1_src_addr</name>
         <value>0x0</value>
      </symbol>
      <symbol id="sm-106">
         <name>__TI_ATRegion1_trg_addr</name>
         <value>0x0</value>
      </symbol>
      <symbol id="sm-107">
         <name>__TI_ATRegion1_region_sz</name>
         <value>0x0</value>
      </symbol>
      <symbol id="sm-108">
         <name>__TI_ATRegion2_src_addr</name>
         <value>0x0</value>
      </symbol>
      <symbol id="sm-109">
         <name>__TI_ATRegion2_trg_addr</name>
         <value>0x0</value>
      </symbol>
      <symbol id="sm-10a">
         <name>__TI_ATRegion2_region_sz</name>
         <value>0x0</value>
      </symbol>
      <symbol id="sm-113">
         <name>DL_Common_delayCycles</name>
         <value>0x16d1</value>
         <object_component_ref idref="oc-a2"/>
      </symbol>
      <symbol id="sm-12a">
         <name>DL_Timer_setClockConfig</name>
         <value>0x15d9</value>
         <object_component_ref idref="oc-151"/>
      </symbol>
      <symbol id="sm-12b">
         <name>DL_Timer_setCaptureCompareValue</name>
         <value>0x16b1</value>
         <object_component_ref idref="oc-ea"/>
      </symbol>
      <symbol id="sm-12c">
         <name>DL_Timer_setCaptCompUpdateMethod</name>
         <value>0x15bd</value>
         <object_component_ref idref="oc-154"/>
      </symbol>
      <symbol id="sm-12d">
         <name>DL_Timer_setCaptureCompareOutCtl</name>
         <value>0x1649</value>
         <object_component_ref idref="oc-153"/>
      </symbol>
      <symbol id="sm-12e">
         <name>DL_Timer_initFourCCPWMMode</name>
         <value>0x5bd</value>
         <object_component_ref idref="oc-152"/>
      </symbol>
      <symbol id="sm-13b">
         <name>DL_UART_init</name>
         <value>0x11fd</value>
         <object_component_ref idref="oc-15d"/>
      </symbol>
      <symbol id="sm-13c">
         <name>DL_UART_setClockConfig</name>
         <value>0x168d</value>
         <object_component_ref idref="oc-157"/>
      </symbol>
      <symbol id="sm-147">
         <name>_c_int00_noargs</name>
         <value>0x1595</value>
         <object_component_ref idref="oc-5e"/>
      </symbol>
      <symbol id="sm-148">
         <name>__stack</name>
         <value>0x20207e00</value>
         <object_component_ref idref="oc-1a"/>
      </symbol>
      <symbol id="sm-154">
         <name>__TI_auto_init_nobinit_nopinit</name>
         <value>0x137d</value>
         <object_component_ref idref="oc-c8"/>
      </symbol>
      <symbol id="sm-15c">
         <name>_system_pre_init</name>
         <value>0x16e9</value>
         <object_component_ref idref="oc-7b"/>
      </symbol>
      <symbol id="sm-167">
         <name>__TI_zero_init_nomemset</name>
         <value>0x1677</value>
         <object_component_ref idref="oc-55"/>
      </symbol>
      <symbol id="sm-170">
         <name>__TI_decompress_none</name>
         <value>0x169f</value>
         <object_component_ref idref="oc-20"/>
      </symbol>
      <symbol id="sm-17b">
         <name>__TI_decompress_lzss</name>
         <value>0xef5</value>
         <object_component_ref idref="oc-1c"/>
      </symbol>
      <symbol id="sm-185">
         <name>abort</name>
         <value>0x16db</value>
         <object_component_ref idref="oc-c1"/>
      </symbol>
      <symbol id="sm-18f">
         <name>HOSTexit</name>
         <value>0x16e1</value>
         <object_component_ref idref="oc-140"/>
      </symbol>
      <symbol id="sm-190">
         <name>C$$EXIT</name>
         <value>0x16e0</value>
         <object_component_ref idref="oc-140"/>
      </symbol>
      <symbol id="sm-196">
         <name>__aeabi_fadd</name>
         <value>0xa6f</value>
         <object_component_ref idref="oc-128"/>
      </symbol>
      <symbol id="sm-197">
         <name>__addsf3</name>
         <value>0xa6f</value>
         <object_component_ref idref="oc-128"/>
      </symbol>
      <symbol id="sm-198">
         <name>__aeabi_fsub</name>
         <value>0xa65</value>
         <object_component_ref idref="oc-128"/>
      </symbol>
      <symbol id="sm-199">
         <name>__subsf3</name>
         <value>0xa65</value>
         <object_component_ref idref="oc-128"/>
      </symbol>
      <symbol id="sm-19f">
         <name>__aeabi_dadd</name>
         <value>0xcb</value>
         <object_component_ref idref="oc-124"/>
      </symbol>
      <symbol id="sm-1a0">
         <name>__adddf3</name>
         <value>0xcb</value>
         <object_component_ref idref="oc-124"/>
      </symbol>
      <symbol id="sm-1a1">
         <name>__aeabi_dsub</name>
         <value>0xc1</value>
         <object_component_ref idref="oc-124"/>
      </symbol>
      <symbol id="sm-1a2">
         <name>__subdf3</name>
         <value>0xc1</value>
         <object_component_ref idref="oc-124"/>
      </symbol>
      <symbol id="sm-1a8">
         <name>__aeabi_dmul</name>
         <value>0x7c1</value>
         <object_component_ref idref="oc-11c"/>
      </symbol>
      <symbol id="sm-1a9">
         <name>__muldf3</name>
         <value>0x7c1</value>
         <object_component_ref idref="oc-11c"/>
      </symbol>
      <symbol id="sm-1af">
         <name>__muldsi3</name>
         <value>0x13f5</value>
         <object_component_ref idref="oc-165"/>
      </symbol>
      <symbol id="sm-1b5">
         <name>__aeabi_fmul</name>
         <value>0xde5</value>
         <object_component_ref idref="oc-108"/>
      </symbol>
      <symbol id="sm-1b6">
         <name>__mulsf3</name>
         <value>0xde5</value>
         <object_component_ref idref="oc-108"/>
      </symbol>
      <symbol id="sm-1bc">
         <name>__aeabi_fdiv</name>
         <value>0xe71</value>
         <object_component_ref idref="oc-104"/>
      </symbol>
      <symbol id="sm-1bd">
         <name>__divsf3</name>
         <value>0xe71</value>
         <object_component_ref idref="oc-104"/>
      </symbol>
      <symbol id="sm-1c3">
         <name>__aeabi_ddiv</name>
         <value>0x4b1</value>
         <object_component_ref idref="oc-118"/>
      </symbol>
      <symbol id="sm-1c4">
         <name>__divdf3</name>
         <value>0x4b1</value>
         <object_component_ref idref="oc-118"/>
      </symbol>
      <symbol id="sm-1ca">
         <name>__aeabi_f2d</name>
         <value>0x12c5</value>
         <object_component_ref idref="oc-114"/>
      </symbol>
      <symbol id="sm-1cb">
         <name>__extendsfdf2</name>
         <value>0x12c5</value>
         <object_component_ref idref="oc-114"/>
      </symbol>
      <symbol id="sm-1d1">
         <name>__aeabi_f2iz</name>
         <value>0x14a1</value>
         <object_component_ref idref="oc-134"/>
      </symbol>
      <symbol id="sm-1d2">
         <name>__fixsfsi</name>
         <value>0x14a1</value>
         <object_component_ref idref="oc-134"/>
      </symbol>
      <symbol id="sm-1d8">
         <name>__aeabi_f2uiz</name>
         <value>0x14d9</value>
         <object_component_ref idref="oc-10c"/>
      </symbol>
      <symbol id="sm-1d9">
         <name>__fixunssfsi</name>
         <value>0x14d9</value>
         <object_component_ref idref="oc-10c"/>
      </symbol>
      <symbol id="sm-1df">
         <name>__aeabi_i2f</name>
         <value>0x1305</value>
         <object_component_ref idref="oc-110"/>
      </symbol>
      <symbol id="sm-1e0">
         <name>__floatsisf</name>
         <value>0x1305</value>
         <object_component_ref idref="oc-110"/>
      </symbol>
      <symbol id="sm-1e6">
         <name>__aeabi_ui2f</name>
         <value>0x156d</value>
         <object_component_ref idref="oc-af"/>
      </symbol>
      <symbol id="sm-1e7">
         <name>__floatunsisf</name>
         <value>0x156d</value>
         <object_component_ref idref="oc-af"/>
      </symbol>
      <symbol id="sm-1ee">
         <name>__aeabi_d2f</name>
         <value>0xff1</value>
         <object_component_ref idref="oc-120"/>
      </symbol>
      <symbol id="sm-1ef">
         <name>__truncdfsf2</name>
         <value>0xff1</value>
         <object_component_ref idref="oc-120"/>
      </symbol>
      <symbol id="sm-1f5">
         <name>__aeabi_fcmpeq</name>
         <value>0x1141</value>
         <object_component_ref idref="oc-12c"/>
      </symbol>
      <symbol id="sm-1f6">
         <name>__aeabi_fcmplt</name>
         <value>0x1155</value>
         <object_component_ref idref="oc-12c"/>
      </symbol>
      <symbol id="sm-1f7">
         <name>__aeabi_fcmple</name>
         <value>0x1169</value>
         <object_component_ref idref="oc-12c"/>
      </symbol>
      <symbol id="sm-1f8">
         <name>__aeabi_fcmpge</name>
         <value>0x117d</value>
         <object_component_ref idref="oc-12c"/>
      </symbol>
      <symbol id="sm-1f9">
         <name>__aeabi_fcmpgt</name>
         <value>0x1191</value>
         <object_component_ref idref="oc-12c"/>
      </symbol>
      <symbol id="sm-1ff">
         <name>__aeabi_idiv</name>
         <value>0x11a5</value>
         <object_component_ref idref="oc-138"/>
      </symbol>
      <symbol id="sm-200">
         <name>__aeabi_idivmod</name>
         <value>0x11a5</value>
         <object_component_ref idref="oc-138"/>
      </symbol>
      <symbol id="sm-206">
         <name>__aeabi_memcpy</name>
         <value>0xfe9</value>
         <object_component_ref idref="oc-4e"/>
      </symbol>
      <symbol id="sm-207">
         <name>__aeabi_memcpy4</name>
         <value>0xfe9</value>
         <object_component_ref idref="oc-4e"/>
      </symbol>
      <symbol id="sm-208">
         <name>__aeabi_memcpy8</name>
         <value>0xfe9</value>
         <object_component_ref idref="oc-4e"/>
      </symbol>
      <symbol id="sm-20e">
         <name>__aeabi_uidiv</name>
         <value>0x1285</value>
         <object_component_ref idref="oc-13c"/>
      </symbol>
      <symbol id="sm-20f">
         <name>__aeabi_uidivmod</name>
         <value>0x1285</value>
         <object_component_ref idref="oc-13c"/>
      </symbol>
      <symbol id="sm-218">
         <name>__eqsf2</name>
         <value>0x13b9</value>
         <object_component_ref idref="oc-172"/>
      </symbol>
      <symbol id="sm-219">
         <name>__lesf2</name>
         <value>0x13b9</value>
         <object_component_ref idref="oc-172"/>
      </symbol>
      <symbol id="sm-21a">
         <name>__ltsf2</name>
         <value>0x13b9</value>
         <object_component_ref idref="oc-172"/>
      </symbol>
      <symbol id="sm-21b">
         <name>__nesf2</name>
         <value>0x13b9</value>
         <object_component_ref idref="oc-172"/>
      </symbol>
      <symbol id="sm-21c">
         <name>__cmpsf2</name>
         <value>0x13b9</value>
         <object_component_ref idref="oc-172"/>
      </symbol>
      <symbol id="sm-21d">
         <name>__gtsf2</name>
         <value>0x1341</value>
         <object_component_ref idref="oc-177"/>
      </symbol>
      <symbol id="sm-21e">
         <name>__gesf2</name>
         <value>0x1341</value>
         <object_component_ref idref="oc-177"/>
      </symbol>
      <symbol id="sm-228">
         <name>__aeabi_idiv0</name>
         <value>0xd53</value>
         <object_component_ref idref="oc-17a"/>
      </symbol>
      <symbol id="sm-241">
         <name>memcpy</name>
         <value>0xcb9</value>
         <object_component_ref idref="oc-92"/>
      </symbol>
      <symbol id="sm-242">
         <name>__TI_static_base__</name>
         <value>0x0</value>
      </symbol>
      <symbol id="sm-245">
         <name>__mpu_init</name>
         <value>0x0</value>
      </symbol>
      <symbol id="sm-246">
         <name>_system_post_cinit</name>
         <value>0x0</value>
      </symbol>
   </symbol_table>
   <title>Link successful</title>
</link_info>
