******************************************************************************
            TI ARM Clang Linker PC v4.0.4                      
******************************************************************************
>> Linked Mon Apr 27 22:46:44 2026

OUTPUT FILE NAME:   <M0G3507_TB6612_TT2.out>
ENTRY POINT SYMBOL: "_c_int00_noargs"  address: 00000e3d


MEMORY CONFIGURATION

         name            origin    length      used     unused   attr    fill
----------------------  --------  ---------  --------  --------  ----  --------
  FLASH                 00000000   00020000  00001020  0001efe0  R  X
  SRAM                  20200000   00008000  0000028b  00007d75  RW X
  BCR_CONFIG            41c00000   000000ff  00000000  000000ff  R   
  BSL_CONFIG            41c00100   00000080  00000000  00000080  R   


SEGMENT ALLOCATION MAP

run origin  load origin   length   init length attrs members
----------  ----------- ---------- ----------- ----- -------
00000000    00000000    00001020   00001020    r-x
  00000000    00000000    000000c0   000000c0    r-- .intvecs
  000000c0    000000c0    00000f00   00000f00    r-x .text
  00000fc0    00000fc0    00000028   00000028    r-- .rodata
  00000fe8    00000fe8    00000038   00000038    r-- .cinit
20200000    20200000    0000008b   00000000    rw-
  20200000    20200000    00000070   00000000    rw- .bss
  20200070    20200070    0000001b   00000000    rw- .data
20207e00    20207e00    00000200   00000000    rw-
  20207e00    20207e00    00000200   00000000    rw- .stack


SECTION ALLOCATION MAP

 output                                  attributes/
section   page    origin      length       input sections
--------  ----  ----------  ----------   ----------------
.intvecs   0    00000000    000000c0     
                  00000000    000000c0     startup_mspm0g350x_ticlang.o (.intvecs)

.text      0    000000c0    00000f00     
                  000000c0    00000138     motor.o (.text.SetSpeed)
                  000001f8    00000104     driverlib.a : dl_timer.o (.text.DL_Timer_initFourCCPWMMode)
                  000002fc    00000100     motor.o (.text.Motor_Init)
                  000003fc    000000d8     libclang_rt.builtins.a : addsf3.S.obj (.text)
                  000004d4    000000d4     Encoder.o (.text.GROUP1_IRQHandler)
                  000005a8    000000c4     empty.o (.text.main)
                  0000066c    000000c0     ti_msp_dl_config.o (.text.SYSCFG_DL_GPIO_init)
                  0000072c    0000009c     pid.o (.text.PID_Calc_Incremental)
                  000007c8    0000009a     libc.a : memcpy16.S.obj (.text:memcpy)
                  00000862    00000002     startup_mspm0g350x_ticlang.o (.text.Default_Handler)
                  00000864    00000090     ti_msp_dl_config.o (.text.SYSCFG_DL_TB6612_PWM_init)
                  000008f4    0000008c     libclang_rt.builtins.a : mulsf3.S.obj (.text.__mulsf3)
                  00000980    0000007c     libc.a : copy_decompress_lzss.c.obj (.text:decompress:lzss)
                  000009fc    00000078     uart.o (.text.Uartinit)
                  00000a74    00000070     ti_msp_dl_config.o (.text.SYSCFG_DL_UART_0_init)
                  00000ae4    00000062     libclang_rt.builtins.a : aeabi_fcmp.S.obj (.text.__aeabi_fcmp)
                  00000b46    00000002     --HOLE-- [fill = 0]
                  00000b48    00000048     driverlib.a : dl_uart.o (.text.DL_UART_init)
                  00000b90    00000040     ti_msp_dl_config.o (.text.SYSCFG_DL_initPower)
                  00000bd0    0000003c     libclang_rt.builtins.a : floatsisf.S.obj (.text.__floatsisf)
                  00000c0c    0000003c                            : comparesf2.S.obj (.text.__gtsf2)
                  00000c48    0000003c     libc.a : autoinit.c.obj (.text:__TI_auto_init_nobinit_nopinit)
                  00000c84    0000003a     libclang_rt.builtins.a : comparesf2.S.obj (.text.__eqsf2)
                  00000cbe    00000002     --HOLE-- [fill = 0]
                  00000cc0    0000003a                            : muldsi3.S.obj (.text.__muldsi3)
                  00000cfa    00000002     --HOLE-- [fill = 0]
                  00000cfc    00000038     clock.o (.text.SysTick_Init)
                  00000d34    00000038     uart.o (.text.UART0_IRQHandler)
                  00000d6c    00000038     libclang_rt.builtins.a : fixsfsi.S.obj (.text.__fixsfsi)
                  00000da4    00000034     clock.o (.text.mspm0_delay_ms)
                  00000dd8    00000032     libclang_rt.builtins.a : fixunssfsi.S.obj (.text.__fixunssfsi)
                  00000e0a    00000002     --HOLE-- [fill = 0]
                  00000e0c    00000030     ti_msp_dl_config.o (.text.SYSCFG_DL_SYSTICK_init)
                  00000e3c    00000028     libc.a : boot_cortex_m.c.obj (.text:_c_int00_noargs)
                  00000e64    00000024     graph.o (.text.GRAPH_SENSOR_Init)
                  00000e88    0000001c     driverlib.a : dl_timer.o (.text.DL_Timer_setCaptCompUpdateMethod)
                  00000ea4    0000001c                 : dl_timer.o (.text.DL_Timer_setClockConfig)
                  00000ec0    0000001c     ti_msp_dl_config.o (.text.SYSCFG_DL_SYSCTL_init)
                  00000edc    0000001c     ti_msp_dl_config.o (.text.SYSCFG_DL_init)
                  00000ef8    00000018     driverlib.a : dl_timer.o (.text.DL_Timer_setCaptureCompareOutCtl)
                  00000f10    00000016     pid.o (.text.PID_Init)
                  00000f26    00000016     libc.a : copy_zero_init.c.obj (.text:decompress:ZI:__TI_zero_init_nomemset)
                  00000f3c    00000012     driverlib.a : dl_uart.o (.text.DL_UART_setClockConfig)
                  00000f4e    00000012     pid.o (.text.PID_Clear)
                  00000f60    00000012     libc.a : copy_decompress_none.c.obj (.text:decompress:none)
                  00000f72    00000002     --HOLE-- [fill = 0]
                  00000f74    00000010     driverlib.a : dl_timer.o (.text.DL_Timer_setCaptureCompareValue)
                  00000f84    00000010     clock.o (.text.SysTick_Handler)
                  00000f94    0000000a     driverlib.a : dl_common.o (.text.DL_Common_delayCycles)
                  00000f9e    00000002     --HOLE-- [fill = 0]
                  00000fa0    00000008     libclang_rt.builtins.a : aeabi_memcpy.S.obj (.text.__aeabi_memcpy)
                  00000fa8    00000006     libc.a : exit.c.obj (.text:abort)
                  00000fae    00000004     libsysbm.a : hostexit.c.obj (.text.HOSTexit)
                  00000fb2    00000004     startup_mspm0g350x_ticlang.o (.text.Reset_Handler)
                  00000fb6    00000004     libc.a : pre_init.c.obj (.text._system_pre_init)
                  00000fba    00000006     --HOLE-- [fill = 0]

.cinit     0    00000fe8    00000038     
                  00000fe8    0000000f     (.cinit..data.load) [load image, compression = lzss]
                  00000ff7    00000001     --HOLE-- [fill = 0]
                  00000ff8    0000000c     (__TI_handler_table)
                  00001004    00000008     (.cinit..bss.load) [load image, compression = zero_init]
                  0000100c    00000010     (__TI_cinit_table)
                  0000101c    00000004     --HOLE-- [fill = 0]

.rodata    0    00000fc0    00000028     
                  00000fc0    0000000e     uart.o (.rodata.str1.14464947116831474962.1)
                  00000fce    0000000a     ti_msp_dl_config.o (.rodata.gUART_0Config)
                  00000fd8    00000008     ti_msp_dl_config.o (.rodata.gTB6612_PWMConfig)
                  00000fe0    00000003     ti_msp_dl_config.o (.rodata.gTB6612_PWMClockConfig)
                  00000fe3    00000002     ti_msp_dl_config.o (.rodata.gUART_0ClockConfig)
                  00000fe5    00000003     --HOLE-- [fill = 0]

.init_array 
*          0    00000000    00000000     UNINITIALIZED

.binit     0    00000000    00000000     

.bss       0    20200000    00000070     UNINITIALIZED
                  20200000    00000034     (.common:pid_motor1)
                  20200034    00000034     (.common:pid_motor2)
                  20200068    00000004     (.common:start_time)
                  2020006c    00000004     (.common:tick_ms)

.data      0    20200070    0000001b     UNINITIALIZED
                  20200070    00000004     Encoder.o (.data.Motor1_Encoder_Delta)
                  20200074    00000004     Encoder.o (.data.Motor1_Encoder_Value)
                  20200078    00000004     Encoder.o (.data.Motor2_Encoder_Delta)
                  2020007c    00000004     Encoder.o (.data.Motor2_Encoder_Value)
                  20200080    00000004     motor.o (.data.g_pwm1)
                  20200084    00000004     motor.o (.data.g_pwm2)
                  20200088    00000001     motor.o (.data.g_dir1)
                  20200089    00000001     motor.o (.data.g_dir2)
                  2020008a    00000001     uart.o (.data.uart_data)

.stack     0    20207e00    00000200     UNINITIALIZED
                  20207e00    00000004     libc.a : boot_cortex_m.c.obj (.stack)
                  20207e04    000001fc     --HOLE--

__llvm_prf_cnts 
*          0    20200000    00000000     UNINITIALIZED

__llvm_prf_bits 
*          0    20200000    00000000     UNINITIALIZED

MODULE SUMMARY

       Module                         code   ro data   rw data
       ------                         ----   -------   -------
    .\
       ti_msp_dl_config.o             616    23        0      
       startup_mspm0g350x_ticlang.o   6      192       0      
       empty.o                        196    0         0      
    +--+------------------------------+------+---------+---------+
       Total:                         818    215       0      
                                                              
    .\Encoder\
       Encoder.o                      212    0         16     
    +--+------------------------------+------+---------+---------+
       Total:                         212    0         16     
                                                              
    .\GRAPH\
       graph.o                        36     0         0      
    +--+------------------------------+------+---------+---------+
       Total:                         36     0         0      
                                                              
    .\Motor\
       motor.o                        568    0         114    
    +--+------------------------------+------+---------+---------+
       Total:                         568    0         114    
                                                              
    .\PID\
       pid.o                          196    0         0      
    +--+------------------------------+------+---------+---------+
       Total:                         196    0         0      
                                                              
    .\Uart\
       uart.o                         176    14        1      
    +--+------------------------------+------+---------+---------+
       Total:                         176    14        1      
                                                              
    .\clock\
       clock.o                        124    0         8      
    +--+------------------------------+------+---------+---------+
       Total:                         124    0         8      
                                                              
    C:/ti/mspm0_sdk_2_10_00_04/source/ti/driverlib/lib/ticlang/m0p/mspm0g1x0x_g3x0x/driverlib.a
       dl_timer.o                     356    0         0      
       dl_uart.o                      90     0         0      
       dl_common.o                    10     0         0      
    +--+------------------------------+------+---------+---------+
       Total:                         456    0         0      
                                                              
    D:\Study\DianSai\M0_software_info\CCS Theia\ccs\tools\compiler\ti-cgt-armllvm_4.0.4.LTS\lib\armv6m-ti-none-eabi/c/libc.a
       memcpy16.S.obj                 154    0         0      
       copy_decompress_lzss.c.obj     124    0         0      
       autoinit.c.obj                 60     0         0      
       boot_cortex_m.c.obj            40     0         0      
       copy_zero_init.c.obj           22     0         0      
       copy_decompress_none.c.obj     18     0         0      
       exit.c.obj                     6      0         0      
       pre_init.c.obj                 4      0         0      
    +--+------------------------------+------+---------+---------+
       Total:                         428    0         0      
                                                              
    D:\Study\DianSai\M0_software_info\CCS Theia\ccs\tools\compiler\ti-cgt-armllvm_4.0.4.LTS\lib\armv6m-ti-none-eabi/c/libsysbm.a
       hostexit.c.obj                 4      0         0      
    +--+------------------------------+------+---------+---------+
       Total:                         4      0         0      
                                                              
    D:\Study\DianSai\M0_software_info\CCS Theia\ccs\tools\compiler\ti-cgt-armllvm_4.0.4.LTS\lib\armv6m-ti-none-eabi/libclang_rt.builtins.a
       addsf3.S.obj                   216    0         0      
       mulsf3.S.obj                   140    0         0      
       comparesf2.S.obj               118    0         0      
       aeabi_fcmp.S.obj               98     0         0      
       floatsisf.S.obj                60     0         0      
       muldsi3.S.obj                  58     0         0      
       fixsfsi.S.obj                  56     0         0      
       fixunssfsi.S.obj               50     0         0      
       aeabi_memcpy.S.obj             8      0         0      
    +--+------------------------------+------+---------+---------+
       Total:                         804    0         0      
                                                              
       Stack:                         0      0         512    
       Linker Generated:              0      51        0      
    +--+------------------------------+------+---------+---------+
       Grand Total:                   3822   280       651    


LINKER GENERATED COPY TABLES

__TI_cinit_table @ 0000100c records: 2, size/record: 8, table size: 16
	.data: load addr=00000fe8, load size=0000000f bytes, run addr=20200070, run size=0000001b bytes, compression=lzss
	.bss: load addr=00001004, load size=00000008 bytes, run addr=20200000, run size=00000070 bytes, compression=zero_init


LINKER GENERATED HANDLER TABLE

__TI_handler_table @ 00000ff8 records: 3, size/record: 4, table size: 12
	index: 0, handler: __TI_decompress_lzss
	index: 1, handler: __TI_decompress_none
	index: 2, handler: __TI_zero_init


GLOBAL SYMBOLS: SORTED ALPHABETICALLY BY Name 

address   name                            
-------   ----                            
00000863  ADC0_IRQHandler                 
00000863  ADC1_IRQHandler                 
00000863  AES_IRQHandler                  
00000fae  C$$EXIT                         
00000863  CANFD0_IRQHandler               
00000863  DAC0_IRQHandler                 
00000f95  DL_Common_delayCycles           
000001f9  DL_Timer_initFourCCPWMMode      
00000e89  DL_Timer_setCaptCompUpdateMethod
00000ef9  DL_Timer_setCaptureCompareOutCtl
00000f75  DL_Timer_setCaptureCompareValue 
00000ea5  DL_Timer_setClockConfig         
00000b49  DL_UART_init                    
00000f3d  DL_UART_setClockConfig          
00000863  DMA_IRQHandler                  
00000863  Default_Handler                 
00000e65  GRAPH_SENSOR_Init               
00000863  GROUP0_IRQHandler               
000004d5  GROUP1_IRQHandler               
00000faf  HOSTexit                        
00000863  HardFault_Handler               
00000863  I2C0_IRQHandler                 
00000863  I2C1_IRQHandler                 
20200070  Motor1_Encoder_Delta            
20200074  Motor1_Encoder_Value            
20200078  Motor2_Encoder_Delta            
2020007c  Motor2_Encoder_Value            
000002fd  Motor_Init                      
00000863  NMI_Handler                     
0000072d  PID_Calc_Incremental            
00000f4f  PID_Clear                       
00000f11  PID_Init                        
00000863  PendSV_Handler                  
00000863  RTC_IRQHandler                  
00000fb3  Reset_Handler                   
00000863  SPI0_IRQHandler                 
00000863  SPI1_IRQHandler                 
00000863  SVC_Handler                     
0000066d  SYSCFG_DL_GPIO_init             
00000ec1  SYSCFG_DL_SYSCTL_init           
00000e0d  SYSCFG_DL_SYSTICK_init          
00000865  SYSCFG_DL_TB6612_PWM_init       
00000a75  SYSCFG_DL_UART_0_init           
00000edd  SYSCFG_DL_init                  
00000b91  SYSCFG_DL_initPower             
000000c1  SetSpeed                        
00000f85  SysTick_Handler                 
00000cfd  SysTick_Init                    
00000863  TIMA0_IRQHandler                
00000863  TIMA1_IRQHandler                
00000863  TIMG0_IRQHandler                
00000863  TIMG12_IRQHandler               
00000863  TIMG6_IRQHandler                
00000863  TIMG7_IRQHandler                
00000863  TIMG8_IRQHandler                
00000d35  UART0_IRQHandler                
00000863  UART1_IRQHandler                
00000863  UART2_IRQHandler                
00000863  UART3_IRQHandler                
000009fd  Uartinit                        
20208000  __STACK_END                     
00000200  __STACK_SIZE                    
00000000  __TI_ATRegion0_region_sz        
00000000  __TI_ATRegion0_src_addr         
00000000  __TI_ATRegion0_trg_addr         
00000000  __TI_ATRegion1_region_sz        
00000000  __TI_ATRegion1_src_addr         
00000000  __TI_ATRegion1_trg_addr         
00000000  __TI_ATRegion2_region_sz        
00000000  __TI_ATRegion2_src_addr         
00000000  __TI_ATRegion2_trg_addr         
0000100c  __TI_CINIT_Base                 
0000101c  __TI_CINIT_Limit                
0000101c  __TI_CINIT_Warm                 
00000ff8  __TI_Handler_Table_Base         
00001004  __TI_Handler_Table_Limit        
00000c49  __TI_auto_init_nobinit_nopinit  
00000981  __TI_decompress_lzss            
00000f61  __TI_decompress_none            
ffffffff  __TI_pprof_out_hndl             
ffffffff  __TI_prof_data_size             
ffffffff  __TI_prof_data_start            
00000000  __TI_static_base__              
00000f27  __TI_zero_init_nomemset         
00000407  __addsf3                        
00000d6d  __aeabi_f2iz                    
00000dd9  __aeabi_f2uiz                   
00000407  __aeabi_fadd                    
00000ae5  __aeabi_fcmpeq                  
00000b21  __aeabi_fcmpge                  
00000b35  __aeabi_fcmpgt                  
00000b0d  __aeabi_fcmple                  
00000af9  __aeabi_fcmplt                  
000008f5  __aeabi_fmul                    
000003fd  __aeabi_fsub                    
00000bd1  __aeabi_i2f                     
00000fa1  __aeabi_memcpy                  
00000fa1  __aeabi_memcpy4                 
00000fa1  __aeabi_memcpy8                 
ffffffff  __binit__                       
00000c85  __cmpsf2                        
00000c85  __eqsf2                         
00000d6d  __fixsfsi                       
00000dd9  __fixunssfsi                    
00000bd1  __floatsisf                     
00000c0d  __gesf2                         
00000c0d  __gtsf2                         
00000c85  __lesf2                         
00000c85  __ltsf2                         
UNDEFED   __mpu_init                      
00000cc1  __muldsi3                       
000008f5  __mulsf3                        
00000c85  __nesf2                         
20207e00  __stack                         
20200000  __start___llvm_prf_bits         
20200000  __start___llvm_prf_cnts         
20200000  __stop___llvm_prf_bits          
20200000  __stop___llvm_prf_cnts          
000003fd  __subsf3                        
00000e3d  _c_int00_noargs                 
UNDEFED   _system_post_cinit              
00000fb7  _system_pre_init                
00000fa9  abort                           
ffffffff  binit                           
20200088  g_dir1                          
20200089  g_dir2                          
20200080  g_pwm1                          
20200084  g_pwm2                          
00000000  interruptVectors                
000005a9  main                            
000007c9  memcpy                          
00000da5  mspm0_delay_ms                  
20200000  pid_motor1                      
20200034  pid_motor2                      
20200068  start_time                      
2020006c  tick_ms                         
2020008a  uart_data                       


GLOBAL SYMBOLS: SORTED BY Symbol Address 

address   name                            
-------   ----                            
00000000  __TI_ATRegion0_region_sz        
00000000  __TI_ATRegion0_src_addr         
00000000  __TI_ATRegion0_trg_addr         
00000000  __TI_ATRegion1_region_sz        
00000000  __TI_ATRegion1_src_addr         
00000000  __TI_ATRegion1_trg_addr         
00000000  __TI_ATRegion2_region_sz        
00000000  __TI_ATRegion2_src_addr         
00000000  __TI_ATRegion2_trg_addr         
00000000  __TI_static_base__              
00000000  interruptVectors                
000000c1  SetSpeed                        
000001f9  DL_Timer_initFourCCPWMMode      
00000200  __STACK_SIZE                    
000002fd  Motor_Init                      
000003fd  __aeabi_fsub                    
000003fd  __subsf3                        
00000407  __addsf3                        
00000407  __aeabi_fadd                    
000004d5  GROUP1_IRQHandler               
000005a9  main                            
0000066d  SYSCFG_DL_GPIO_init             
0000072d  PID_Calc_Incremental            
000007c9  memcpy                          
00000863  ADC0_IRQHandler                 
00000863  ADC1_IRQHandler                 
00000863  AES_IRQHandler                  
00000863  CANFD0_IRQHandler               
00000863  DAC0_IRQHandler                 
00000863  DMA_IRQHandler                  
00000863  Default_Handler                 
00000863  GROUP0_IRQHandler               
00000863  HardFault_Handler               
00000863  I2C0_IRQHandler                 
00000863  I2C1_IRQHandler                 
00000863  NMI_Handler                     
00000863  PendSV_Handler                  
00000863  RTC_IRQHandler                  
00000863  SPI0_IRQHandler                 
00000863  SPI1_IRQHandler                 
00000863  SVC_Handler                     
00000863  TIMA0_IRQHandler                
00000863  TIMA1_IRQHandler                
00000863  TIMG0_IRQHandler                
00000863  TIMG12_IRQHandler               
00000863  TIMG6_IRQHandler                
00000863  TIMG7_IRQHandler                
00000863  TIMG8_IRQHandler                
00000863  UART1_IRQHandler                
00000863  UART2_IRQHandler                
00000863  UART3_IRQHandler                
00000865  SYSCFG_DL_TB6612_PWM_init       
000008f5  __aeabi_fmul                    
000008f5  __mulsf3                        
00000981  __TI_decompress_lzss            
000009fd  Uartinit                        
00000a75  SYSCFG_DL_UART_0_init           
00000ae5  __aeabi_fcmpeq                  
00000af9  __aeabi_fcmplt                  
00000b0d  __aeabi_fcmple                  
00000b21  __aeabi_fcmpge                  
00000b35  __aeabi_fcmpgt                  
00000b49  DL_UART_init                    
00000b91  SYSCFG_DL_initPower             
00000bd1  __aeabi_i2f                     
00000bd1  __floatsisf                     
00000c0d  __gesf2                         
00000c0d  __gtsf2                         
00000c49  __TI_auto_init_nobinit_nopinit  
00000c85  __cmpsf2                        
00000c85  __eqsf2                         
00000c85  __lesf2                         
00000c85  __ltsf2                         
00000c85  __nesf2                         
00000cc1  __muldsi3                       
00000cfd  SysTick_Init                    
00000d35  UART0_IRQHandler                
00000d6d  __aeabi_f2iz                    
00000d6d  __fixsfsi                       
00000da5  mspm0_delay_ms                  
00000dd9  __aeabi_f2uiz                   
00000dd9  __fixunssfsi                    
00000e0d  SYSCFG_DL_SYSTICK_init          
00000e3d  _c_int00_noargs                 
00000e65  GRAPH_SENSOR_Init               
00000e89  DL_Timer_setCaptCompUpdateMethod
00000ea5  DL_Timer_setClockConfig         
00000ec1  SYSCFG_DL_SYSCTL_init           
00000edd  SYSCFG_DL_init                  
00000ef9  DL_Timer_setCaptureCompareOutCtl
00000f11  PID_Init                        
00000f27  __TI_zero_init_nomemset         
00000f3d  DL_UART_setClockConfig          
00000f4f  PID_Clear                       
00000f61  __TI_decompress_none            
00000f75  DL_Timer_setCaptureCompareValue 
00000f85  SysTick_Handler                 
00000f95  DL_Common_delayCycles           
00000fa1  __aeabi_memcpy                  
00000fa1  __aeabi_memcpy4                 
00000fa1  __aeabi_memcpy8                 
00000fa9  abort                           
00000fae  C$$EXIT                         
00000faf  HOSTexit                        
00000fb3  Reset_Handler                   
00000fb7  _system_pre_init                
00000ff8  __TI_Handler_Table_Base         
00001004  __TI_Handler_Table_Limit        
0000100c  __TI_CINIT_Base                 
0000101c  __TI_CINIT_Limit                
0000101c  __TI_CINIT_Warm                 
20200000  __start___llvm_prf_bits         
20200000  __start___llvm_prf_cnts         
20200000  __stop___llvm_prf_bits          
20200000  __stop___llvm_prf_cnts          
20200000  pid_motor1                      
20200034  pid_motor2                      
20200068  start_time                      
2020006c  tick_ms                         
20200070  Motor1_Encoder_Delta            
20200074  Motor1_Encoder_Value            
20200078  Motor2_Encoder_Delta            
2020007c  Motor2_Encoder_Value            
20200080  g_pwm1                          
20200084  g_pwm2                          
20200088  g_dir1                          
20200089  g_dir2                          
2020008a  uart_data                       
20207e00  __stack                         
20208000  __STACK_END                     
ffffffff  __TI_pprof_out_hndl             
ffffffff  __TI_prof_data_size             
ffffffff  __TI_prof_data_start            
ffffffff  __binit__                       
ffffffff  binit                           
UNDEFED   __mpu_init                      
UNDEFED   _system_post_cinit              

[137 symbols]
