******************************************************************************
            TI ARM Clang Linker PC v4.0.4                      
******************************************************************************
>> Linked Tue Apr 28 23:40:16 2026

OUTPUT FILE NAME:   <M0G3507_TB6612_TT2.out>
ENTRY POINT SYMBOL: "_c_int00_noargs"  address: 00001a11


MEMORY CONFIGURATION

         name            origin    length      used     unused   attr    fill
----------------------  --------  ---------  --------  --------  ----  --------
  FLASH                 00000000   00020000  00001c40  0001e3c0  R  X
  SRAM                  20200000   00008000  000002b4  00007d4c  RW X
  BCR_CONFIG            41c00000   000000ff  00000000  000000ff  R   
  BSL_CONFIG            41c00100   00000080  00000000  00000080  R   


SEGMENT ALLOCATION MAP

run origin  load origin   length   init length attrs members
----------  ----------- ---------- ----------- ----- -------
00000000    00000000    00001c40   00001c40    r-x
  00000000    00000000    000000c0   000000c0    r-- .intvecs
  000000c0    000000c0    00001b20   00001b20    r-x .text
  00001be0    00001be0    00000028   00000028    r-- .rodata
  00001c08    00001c08    00000038   00000038    r-- .cinit
20200000    20200000    000000b4   00000000    rw-
  20200000    20200000    00000074   00000000    rw- .bss
  20200074    20200074    00000040   00000000    rw- .data
20207e00    20207e00    00000200   00000000    rw-
  20207e00    20207e00    00000200   00000000    rw- .stack


SECTION ALLOCATION MAP

 output                                  attributes/
section   page    origin      length       input sections
--------  ----  ----------  ----------   ----------------
.intvecs   0    00000000    000000c0     
                  00000000    000000c0     startup_mspm0g350x_ticlang.o (.intvecs)

.text      0    000000c0    00001b20     
                  000000c0    00000248     empty.o (.text.main)
                  00000308    000001a8     uart.o (.text.uart0_send_float)
                  000004b0    00000192     libclang_rt.builtins.a : adddf3.S.obj (.text.adddf3_subdf3)
                  00000642    00000002     startup_mspm0g350x_ticlang.o (.text.Default_Handler)
                  00000644    00000184     Encoder.o (.text.MEASURE_MOTORS_SPEED)
                  000007c8    00000154     motor.o (.text.SetSpeed)
                  0000091c    00000154     uart.o (.text.uart0_send_speed_debug)
                  00000a70    0000010c     motor.o (.text.Motor_Init)
                  00000b7c    0000010c     libclang_rt.builtins.a : divdf3.S.obj (.text.__divdf3)
                  00000c88    00000104     driverlib.a : dl_timer.o (.text.DL_Timer_initFourCCPWMMode)
                  00000d8c    000000f4     ti_msp_dl_config.o (.text.SYSCFG_DL_GPIO_init)
                  00000e80    000000e4     libclang_rt.builtins.a : muldf3.S.obj (.text.__muldf3)
                  00000f64    000000d8                            : addsf3.S.obj (.text)
                  0000103c    000000d4     Encoder.o (.text.GROUP1_IRQHandler)
                  00001110    0000009c     pid.o (.text.PID_Calc_Incremental)
                  000011ac    0000009a     libc.a : memcpy16.S.obj (.text:memcpy)
                  00001246    00000002     libclang_rt.builtins.a : aeabi_div0.c.obj (.text.__aeabi_idiv0)
                  00001248    00000090     ti_msp_dl_config.o (.text.SYSCFG_DL_TB6612_PWM_init)
                  000012d8    0000008c     libclang_rt.builtins.a : mulsf3.S.obj (.text.__mulsf3)
                  00001364    0000007c     libc.a : copy_decompress_lzss.c.obj (.text:decompress:lzss)
                  000013e0    00000078     pid.o (.text.Curve_Tracker_Get_Correction)
                  00001458    00000078     uart.o (.text.Uartinit)
                  000014d0    00000074     libclang_rt.builtins.a : truncdfsf2.S.obj (.text.__truncdfsf2)
                  00001544    00000070     ti_msp_dl_config.o (.text.SYSCFG_DL_UART_0_init)
                  000015b4    00000062     libclang_rt.builtins.a : aeabi_fcmp.S.obj (.text.__aeabi_fcmp)
                  00001616    00000002     --HOLE-- [fill = 0]
                  00001618    00000054     ti_msp_dl_config.o (.text.SYSCFG_DL_I2C_MPU6050_init)
                  0000166c    00000048     driverlib.a : dl_uart.o (.text.DL_UART_init)
                  000016b4    00000048     ti_msp_dl_config.o (.text.SYSCFG_DL_initPower)
                  000016fc    00000040     libclang_rt.builtins.a : aeabi_uidivmod.S.obj (.text.__aeabi_uidivmod)
                  0000173c    00000040                            : extendsfdf2.S.obj (.text.__extendsfdf2)
                  0000177c    0000003c                            : floatsisf.S.obj (.text.__floatsisf)
                  000017b8    0000003c                            : comparesf2.S.obj (.text.__gtsf2)
                  000017f4    0000003c     libc.a : autoinit.c.obj (.text:__TI_auto_init_nobinit_nopinit)
                  00001830    0000003a     libclang_rt.builtins.a : comparesf2.S.obj (.text.__eqsf2)
                  0000186a    00000002     --HOLE-- [fill = 0]
                  0000186c    0000003a                            : muldsi3.S.obj (.text.__muldsi3)
                  000018a6    00000002     --HOLE-- [fill = 0]
                  000018a8    00000038     clock.o (.text.SysTick_Init)
                  000018e0    00000038     uart.o (.text.UART0_IRQHandler)
                  00001918    00000038     libclang_rt.builtins.a : fixsfsi.S.obj (.text.__fixsfsi)
                  00001950    00000034     clock.o (.text.mspm0_delay_ms)
                  00001984    00000032     libclang_rt.builtins.a : fixunssfsi.S.obj (.text.__fixunssfsi)
                  000019b6    00000002     --HOLE-- [fill = 0]
                  000019b8    00000030     ti_msp_dl_config.o (.text.SYSCFG_DL_SYSTICK_init)
                  000019e8    00000028     libclang_rt.builtins.a : floatunsisf.S.obj (.text.__floatunsisf)
                  00001a10    00000028     libc.a : boot_cortex_m.c.obj (.text:_c_int00_noargs)
                  00001a38    00000026     driverlib.a : dl_i2c.o (.text.DL_I2C_setClockConfig)
                  00001a5e    00000002     --HOLE-- [fill = 0]
                  00001a60    00000024     graph.o (.text.GRAPH_SENSOR_Init)
                  00001a84    00000020     ti_msp_dl_config.o (.text.SYSCFG_DL_init)
                  00001aa4    0000001c     driverlib.a : dl_timer.o (.text.DL_Timer_setCaptCompUpdateMethod)
                  00001ac0    0000001c                 : dl_timer.o (.text.DL_Timer_setClockConfig)
                  00001adc    0000001c     ti_msp_dl_config.o (.text.SYSCFG_DL_SYSCTL_init)
                  00001af8    00000018     driverlib.a : dl_timer.o (.text.DL_Timer_setCaptureCompareOutCtl)
                  00001b10    00000016     pid.o (.text.PID_Init)
                  00001b26    00000016     libc.a : copy_zero_init.c.obj (.text:decompress:ZI:__TI_zero_init_nomemset)
                  00001b3c    00000012     driverlib.a : dl_uart.o (.text.DL_UART_setClockConfig)
                  00001b4e    00000012     pid.o (.text.PID_Clear)
                  00001b60    00000012     libc.a : copy_decompress_none.c.obj (.text:decompress:none)
                  00001b72    00000002     --HOLE-- [fill = 0]
                  00001b74    00000010     driverlib.a : dl_timer.o (.text.DL_Timer_setCaptureCompareValue)
                  00001b84    00000010     clock.o (.text.SysTick_Handler)
                  00001b94    0000000c     pid.o (.text.Curve_Tracker_Reset)
                  00001ba0    0000000c     clock.o (.text.get_system_time_ms)
                  00001bac    0000000a     driverlib.a : dl_common.o (.text.DL_Common_delayCycles)
                  00001bb6    00000002     --HOLE-- [fill = 0]
                  00001bb8    00000008     libclang_rt.builtins.a : aeabi_memcpy.S.obj (.text.__aeabi_memcpy)
                  00001bc0    00000006     libc.a : exit.c.obj (.text:abort)
                  00001bc6    00000004     libsysbm.a : hostexit.c.obj (.text.HOSTexit)
                  00001bca    00000004     startup_mspm0g350x_ticlang.o (.text.Reset_Handler)
                  00001bce    00000004     libc.a : pre_init.c.obj (.text._system_pre_init)
                  00001bd2    0000000e     --HOLE-- [fill = 0]

.cinit     0    00001c08    00000038     
                  00001c08    00000012     (.cinit..data.load) [load image, compression = lzss]
                  00001c1a    00000002     --HOLE-- [fill = 0]
                  00001c1c    0000000c     (__TI_handler_table)
                  00001c28    00000008     (.cinit..bss.load) [load image, compression = zero_init]
                  00001c30    00000010     (__TI_cinit_table)

.rodata    0    00001be0    00000028     
                  00001be0    0000000e     uart.o (.rodata.str1.14464947116831474962.1)
                  00001bee    0000000a     ti_msp_dl_config.o (.rodata.gUART_0Config)
                  00001bf8    00000008     ti_msp_dl_config.o (.rodata.gTB6612_PWMConfig)
                  00001c00    00000003     ti_msp_dl_config.o (.rodata.gTB6612_PWMClockConfig)
                  00001c03    00000002     ti_msp_dl_config.o (.rodata.gI2C_MPU6050ClockConfig)
                  00001c05    00000002     ti_msp_dl_config.o (.rodata.gUART_0ClockConfig)
                  00001c07    00000001     --HOLE-- [fill = 0]

.init_array 
*          0    00000000    00000000     UNINITIALIZED

.binit     0    00000000    00000000     

.bss       0    20200000    00000074     UNINITIALIZED
                  20200000    00000034     (.common:pid_motor1)
                  20200034    00000034     (.common:pid_motor2)
                  20200068    00000004     (.common:start_time)
                  2020006c    00000004     (.common:tick_ms)
                  20200070    00000004     (.common:yaw)

.data      0    20200074    00000040     UNINITIALIZED
                  20200074    00000004     Encoder.o (.data.Measure_Distance)
                  20200078    00000004     Encoder.o (.data.Motor1_Encoder_Delta)
                  2020007c    00000004     Encoder.o (.data.Motor1_Encoder_Last)
                  20200080    00000004     Encoder.o (.data.Motor1_Encoder_Value)
                  20200084    00000004     Encoder.o (.data.Motor1_Lucheng)
                  20200088    00000004     Encoder.o (.data.Motor1_Speed)
                  2020008c    00000004     Encoder.o (.data.Motor2_Encoder_Delta)
                  20200090    00000004     Encoder.o (.data.Motor2_Encoder_Last)
                  20200094    00000004     Encoder.o (.data.Motor2_Encoder_Value)
                  20200098    00000004     Encoder.o (.data.Motor2_Lucheng)
                  2020009c    00000004     Encoder.o (.data.Motor2_Speed)
                  202000a0    00000004     pid.o (.data.g_exit_start_time)
                  202000a4    00000004     motor.o (.data.g_pwm1)
                  202000a8    00000004     motor.o (.data.g_pwm2)
                  202000ac    00000004     pid.o (.data.g_yaw_at_curve_exit)
                  202000b0    00000001     pid.o (.data.g_curve_state)
                  202000b1    00000001     motor.o (.data.g_dir1)
                  202000b2    00000001     motor.o (.data.g_dir2)
                  202000b3    00000001     uart.o (.data.uart_data)

.stack     0    20207e00    00000200     UNINITIALIZED
                  20207e00    00000004     libc.a : boot_cortex_m.c.obj (.stack)
                  20207e04    000001fc     --HOLE--

__llvm_prf_cnts 
*          0    20200000    00000000     UNINITIALIZED

__llvm_prf_bits 
*          0    20200000    00000000     UNINITIALIZED

MODULE SUMMARY

       Module                         code   ro data   rw data
       ------                         ----   -------   -------
    .\
       ti_msp_dl_config.o             764    25        0      
       empty.o                        584    0         0      
       startup_mspm0g350x_ticlang.o   6      192       0      
    +--+------------------------------+------+---------+---------+
       Total:                         1354   217       0      
                                                              
    .\Encoder\
       Encoder.o                      600    0         44     
    +--+------------------------------+------+---------+---------+
       Total:                         600    0         44     
                                                              
    .\GRAPH\
       graph.o                        36     0         0      
    +--+------------------------------+------+---------+---------+
       Total:                         36     0         0      
                                                              
    .\MPU6050\
       mpu6050.o                      0      0         4      
    +--+------------------------------+------+---------+---------+
       Total:                         0      0         4      
                                                              
    .\Motor\
       motor.o                        608    0         114    
    +--+------------------------------+------+---------+---------+
       Total:                         608    0         114    
                                                              
    .\PID\
       pid.o                          328    0         9      
    +--+------------------------------+------+---------+---------+
       Total:                         328    0         9      
                                                              
    .\Uart\
       uart.o                         940    14        1      
    +--+------------------------------+------+---------+---------+
       Total:                         940    14        1      
                                                              
    .\clock\
       clock.o                        136    0         8      
    +--+------------------------------+------+---------+---------+
       Total:                         136    0         8      
                                                              
    C:/ti/mspm0_sdk_2_10_00_04/source/ti/driverlib/lib/ticlang/m0p/mspm0g1x0x_g3x0x/driverlib.a
       dl_timer.o                     356    0         0      
       dl_uart.o                      90     0         0      
       dl_i2c.o                       38     0         0      
       dl_common.o                    10     0         0      
    +--+------------------------------+------+---------+---------+
       Total:                         494    0         0      
                                                              
    D:\Study\DianSai\M0_software_info\CCS Theia\ccs\tools\compiler\ti-cgt-armllvm_4.0.4.LTS\lib\armv6m-ti-none-eabi/c/libc.a
       memcpy16.S.obj                 154    0         0      
       copy_decompress_lzss.c.obj     124    0         0      
       autoinit.c.obj                 60     0         0      
       boot_cortex_m.c.obj            40     0         0      
       copy_zero_init.c.obj           22     0         0      
       copy_decompress_none.c.obj     18     0         0      
       exit.c.obj                     6      0         0      
       pre_init.c.obj                 4      0         0      
    +--+------------------------------+------+---------+---------+
       Total:                         428    0         0      
                                                              
    D:\Study\DianSai\M0_software_info\CCS Theia\ccs\tools\compiler\ti-cgt-armllvm_4.0.4.LTS\lib\armv6m-ti-none-eabi/c/libsysbm.a
       hostexit.c.obj                 4      0         0      
    +--+------------------------------+------+---------+---------+
       Total:                         4      0         0      
                                                              
    D:\Study\DianSai\M0_software_info\CCS Theia\ccs\tools\compiler\ti-cgt-armllvm_4.0.4.LTS\lib\armv6m-ti-none-eabi/libclang_rt.builtins.a
       adddf3.S.obj                   402    0         0      
       divdf3.S.obj                   268    0         0      
       muldf3.S.obj                   228    0         0      
       addsf3.S.obj                   216    0         0      
       mulsf3.S.obj                   140    0         0      
       comparesf2.S.obj               118    0         0      
       truncdfsf2.S.obj               116    0         0      
       aeabi_fcmp.S.obj               98     0         0      
       aeabi_uidivmod.S.obj           64     0         0      
       extendsfdf2.S.obj              64     0         0      
       floatsisf.S.obj                60     0         0      
       muldsi3.S.obj                  58     0         0      
       fixsfsi.S.obj                  56     0         0      
       fixunssfsi.S.obj               50     0         0      
       floatunsisf.S.obj              40     0         0      
       aeabi_memcpy.S.obj             8      0         0      
       aeabi_div0.c.obj               2      0         0      
    +--+------------------------------+------+---------+---------+
       Total:                         1988   0         0      
                                                              
       Stack:                         0      0         512    
       Linker Generated:              0      54        0      
    +--+------------------------------+------+---------+---------+
       Grand Total:                   6916   285       692    


LINKER GENERATED COPY TABLES

__TI_cinit_table @ 00001c30 records: 2, size/record: 8, table size: 16
	.data: load addr=00001c08, load size=00000012 bytes, run addr=20200074, run size=00000040 bytes, compression=lzss
	.bss: load addr=00001c28, load size=00000008 bytes, run addr=20200000, run size=00000074 bytes, compression=zero_init


LINKER GENERATED HANDLER TABLE

__TI_handler_table @ 00001c1c records: 3, size/record: 4, table size: 12
	index: 0, handler: __TI_decompress_lzss
	index: 1, handler: __TI_decompress_none
	index: 2, handler: __TI_zero_init


GLOBAL SYMBOLS: SORTED ALPHABETICALLY BY Name 

address   name                            
-------   ----                            
00000643  ADC0_IRQHandler                 
00000643  ADC1_IRQHandler                 
00000643  AES_IRQHandler                  
00001bc6  C$$EXIT                         
00000643  CANFD0_IRQHandler               
000013e1  Curve_Tracker_Get_Correction    
00001b95  Curve_Tracker_Reset             
00000643  DAC0_IRQHandler                 
00001bad  DL_Common_delayCycles           
00001a39  DL_I2C_setClockConfig           
00000c89  DL_Timer_initFourCCPWMMode      
00001aa5  DL_Timer_setCaptCompUpdateMethod
00001af9  DL_Timer_setCaptureCompareOutCtl
00001b75  DL_Timer_setCaptureCompareValue 
00001ac1  DL_Timer_setClockConfig         
0000166d  DL_UART_init                    
00001b3d  DL_UART_setClockConfig          
00000643  DMA_IRQHandler                  
00000643  Default_Handler                 
00001a61  GRAPH_SENSOR_Init               
00000643  GROUP0_IRQHandler               
0000103d  GROUP1_IRQHandler               
00001bc7  HOSTexit                        
00000643  HardFault_Handler               
00000643  I2C0_IRQHandler                 
00000643  I2C1_IRQHandler                 
00000645  MEASURE_MOTORS_SPEED            
20200074  Measure_Distance                
20200078  Motor1_Encoder_Delta            
20200080  Motor1_Encoder_Value            
20200084  Motor1_Lucheng                  
20200088  Motor1_Speed                    
2020008c  Motor2_Encoder_Delta            
20200094  Motor2_Encoder_Value            
20200098  Motor2_Lucheng                  
2020009c  Motor2_Speed                    
00000a71  Motor_Init                      
00000643  NMI_Handler                     
00001111  PID_Calc_Incremental            
00001b4f  PID_Clear                       
00001b11  PID_Init                        
00000643  PendSV_Handler                  
00000643  RTC_IRQHandler                  
00001bcb  Reset_Handler                   
00000643  SPI0_IRQHandler                 
00000643  SPI1_IRQHandler                 
00000643  SVC_Handler                     
00000d8d  SYSCFG_DL_GPIO_init             
00001619  SYSCFG_DL_I2C_MPU6050_init      
00001add  SYSCFG_DL_SYSCTL_init           
000019b9  SYSCFG_DL_SYSTICK_init          
00001249  SYSCFG_DL_TB6612_PWM_init       
00001545  SYSCFG_DL_UART_0_init           
00001a85  SYSCFG_DL_init                  
000016b5  SYSCFG_DL_initPower             
000007c9  SetSpeed                        
00001b85  SysTick_Handler                 
000018a9  SysTick_Init                    
00000643  TIMA0_IRQHandler                
00000643  TIMA1_IRQHandler                
00000643  TIMG0_IRQHandler                
00000643  TIMG12_IRQHandler               
00000643  TIMG6_IRQHandler                
00000643  TIMG7_IRQHandler                
00000643  TIMG8_IRQHandler                
000018e1  UART0_IRQHandler                
00000643  UART1_IRQHandler                
00000643  UART2_IRQHandler                
00000643  UART3_IRQHandler                
00001459  Uartinit                        
20208000  __STACK_END                     
00000200  __STACK_SIZE                    
00000000  __TI_ATRegion0_region_sz        
00000000  __TI_ATRegion0_src_addr         
00000000  __TI_ATRegion0_trg_addr         
00000000  __TI_ATRegion1_region_sz        
00000000  __TI_ATRegion1_src_addr         
00000000  __TI_ATRegion1_trg_addr         
00000000  __TI_ATRegion2_region_sz        
00000000  __TI_ATRegion2_src_addr         
00000000  __TI_ATRegion2_trg_addr         
00001c30  __TI_CINIT_Base                 
00001c40  __TI_CINIT_Limit                
00001c40  __TI_CINIT_Warm                 
00001c1c  __TI_Handler_Table_Base         
00001c28  __TI_Handler_Table_Limit        
000017f5  __TI_auto_init_nobinit_nopinit  
00001365  __TI_decompress_lzss            
00001b61  __TI_decompress_none            
ffffffff  __TI_pprof_out_hndl             
ffffffff  __TI_prof_data_size             
ffffffff  __TI_prof_data_start            
00000000  __TI_static_base__              
00001b27  __TI_zero_init_nomemset         
000004bb  __adddf3                        
00000f6f  __addsf3                        
000014d1  __aeabi_d2f                     
000004bb  __aeabi_dadd                    
00000b7d  __aeabi_ddiv                    
00000e81  __aeabi_dmul                    
000004b1  __aeabi_dsub                    
0000173d  __aeabi_f2d                     
00001919  __aeabi_f2iz                    
00001985  __aeabi_f2uiz                   
00000f6f  __aeabi_fadd                    
000015b5  __aeabi_fcmpeq                  
000015f1  __aeabi_fcmpge                  
00001605  __aeabi_fcmpgt                  
000015dd  __aeabi_fcmple                  
000015c9  __aeabi_fcmplt                  
000012d9  __aeabi_fmul                    
00000f65  __aeabi_fsub                    
0000177d  __aeabi_i2f                     
00001247  __aeabi_idiv0                   
00001bb9  __aeabi_memcpy                  
00001bb9  __aeabi_memcpy4                 
00001bb9  __aeabi_memcpy8                 
000019e9  __aeabi_ui2f                    
000016fd  __aeabi_uidiv                   
000016fd  __aeabi_uidivmod                
ffffffff  __binit__                       
00001831  __cmpsf2                        
00000b7d  __divdf3                        
00001831  __eqsf2                         
0000173d  __extendsfdf2                   
00001919  __fixsfsi                       
00001985  __fixunssfsi                    
0000177d  __floatsisf                     
000019e9  __floatunsisf                   
000017b9  __gesf2                         
000017b9  __gtsf2                         
00001831  __lesf2                         
00001831  __ltsf2                         
UNDEFED   __mpu_init                      
00000e81  __muldf3                        
0000186d  __muldsi3                       
000012d9  __mulsf3                        
00001831  __nesf2                         
20207e00  __stack                         
20200000  __start___llvm_prf_bits         
20200000  __start___llvm_prf_cnts         
20200000  __stop___llvm_prf_bits          
20200000  __stop___llvm_prf_cnts          
000004b1  __subdf3                        
00000f65  __subsf3                        
000014d1  __truncdfsf2                    
00001a11  _c_int00_noargs                 
UNDEFED   _system_post_cinit              
00001bcf  _system_pre_init                
00001bc1  abort                           
ffffffff  binit                           
202000b1  g_dir1                          
202000b2  g_dir2                          
202000a4  g_pwm1                          
202000a8  g_pwm2                          
00001ba1  get_system_time_ms              
00000000  interruptVectors                
000000c1  main                            
000011ad  memcpy                          
00001951  mspm0_delay_ms                  
20200000  pid_motor1                      
20200034  pid_motor2                      
20200068  start_time                      
2020006c  tick_ms                         
00000309  uart0_send_float                
0000091d  uart0_send_speed_debug          
202000b3  uart_data                       
20200070  yaw                             


GLOBAL SYMBOLS: SORTED BY Symbol Address 

address   name                            
-------   ----                            
00000000  __TI_ATRegion0_region_sz        
00000000  __TI_ATRegion0_src_addr         
00000000  __TI_ATRegion0_trg_addr         
00000000  __TI_ATRegion1_region_sz        
00000000  __TI_ATRegion1_src_addr         
00000000  __TI_ATRegion1_trg_addr         
00000000  __TI_ATRegion2_region_sz        
00000000  __TI_ATRegion2_src_addr         
00000000  __TI_ATRegion2_trg_addr         
00000000  __TI_static_base__              
00000000  interruptVectors                
000000c1  main                            
00000200  __STACK_SIZE                    
00000309  uart0_send_float                
000004b1  __aeabi_dsub                    
000004b1  __subdf3                        
000004bb  __adddf3                        
000004bb  __aeabi_dadd                    
00000643  ADC0_IRQHandler                 
00000643  ADC1_IRQHandler                 
00000643  AES_IRQHandler                  
00000643  CANFD0_IRQHandler               
00000643  DAC0_IRQHandler                 
00000643  DMA_IRQHandler                  
00000643  Default_Handler                 
00000643  GROUP0_IRQHandler               
00000643  HardFault_Handler               
00000643  I2C0_IRQHandler                 
00000643  I2C1_IRQHandler                 
00000643  NMI_Handler                     
00000643  PendSV_Handler                  
00000643  RTC_IRQHandler                  
00000643  SPI0_IRQHandler                 
00000643  SPI1_IRQHandler                 
00000643  SVC_Handler                     
00000643  TIMA0_IRQHandler                
00000643  TIMA1_IRQHandler                
00000643  TIMG0_IRQHandler                
00000643  TIMG12_IRQHandler               
00000643  TIMG6_IRQHandler                
00000643  TIMG7_IRQHandler                
00000643  TIMG8_IRQHandler                
00000643  UART1_IRQHandler                
00000643  UART2_IRQHandler                
00000643  UART3_IRQHandler                
00000645  MEASURE_MOTORS_SPEED            
000007c9  SetSpeed                        
0000091d  uart0_send_speed_debug          
00000a71  Motor_Init                      
00000b7d  __aeabi_ddiv                    
00000b7d  __divdf3                        
00000c89  DL_Timer_initFourCCPWMMode      
00000d8d  SYSCFG_DL_GPIO_init             
00000e81  __aeabi_dmul                    
00000e81  __muldf3                        
00000f65  __aeabi_fsub                    
00000f65  __subsf3                        
00000f6f  __addsf3                        
00000f6f  __aeabi_fadd                    
0000103d  GROUP1_IRQHandler               
00001111  PID_Calc_Incremental            
000011ad  memcpy                          
00001247  __aeabi_idiv0                   
00001249  SYSCFG_DL_TB6612_PWM_init       
000012d9  __aeabi_fmul                    
000012d9  __mulsf3                        
00001365  __TI_decompress_lzss            
000013e1  Curve_Tracker_Get_Correction    
00001459  Uartinit                        
000014d1  __aeabi_d2f                     
000014d1  __truncdfsf2                    
00001545  SYSCFG_DL_UART_0_init           
000015b5  __aeabi_fcmpeq                  
000015c9  __aeabi_fcmplt                  
000015dd  __aeabi_fcmple                  
000015f1  __aeabi_fcmpge                  
00001605  __aeabi_fcmpgt                  
00001619  SYSCFG_DL_I2C_MPU6050_init      
0000166d  DL_UART_init                    
000016b5  SYSCFG_DL_initPower             
000016fd  __aeabi_uidiv                   
000016fd  __aeabi_uidivmod                
0000173d  __aeabi_f2d                     
0000173d  __extendsfdf2                   
0000177d  __aeabi_i2f                     
0000177d  __floatsisf                     
000017b9  __gesf2                         
000017b9  __gtsf2                         
000017f5  __TI_auto_init_nobinit_nopinit  
00001831  __cmpsf2                        
00001831  __eqsf2                         
00001831  __lesf2                         
00001831  __ltsf2                         
00001831  __nesf2                         
0000186d  __muldsi3                       
000018a9  SysTick_Init                    
000018e1  UART0_IRQHandler                
00001919  __aeabi_f2iz                    
00001919  __fixsfsi                       
00001951  mspm0_delay_ms                  
00001985  __aeabi_f2uiz                   
00001985  __fixunssfsi                    
000019b9  SYSCFG_DL_SYSTICK_init          
000019e9  __aeabi_ui2f                    
000019e9  __floatunsisf                   
00001a11  _c_int00_noargs                 
00001a39  DL_I2C_setClockConfig           
00001a61  GRAPH_SENSOR_Init               
00001a85  SYSCFG_DL_init                  
00001aa5  DL_Timer_setCaptCompUpdateMethod
00001ac1  DL_Timer_setClockConfig         
00001add  SYSCFG_DL_SYSCTL_init           
00001af9  DL_Timer_setCaptureCompareOutCtl
00001b11  PID_Init                        
00001b27  __TI_zero_init_nomemset         
00001b3d  DL_UART_setClockConfig          
00001b4f  PID_Clear                       
00001b61  __TI_decompress_none            
00001b75  DL_Timer_setCaptureCompareValue 
00001b85  SysTick_Handler                 
00001b95  Curve_Tracker_Reset             
00001ba1  get_system_time_ms              
00001bad  DL_Common_delayCycles           
00001bb9  __aeabi_memcpy                  
00001bb9  __aeabi_memcpy4                 
00001bb9  __aeabi_memcpy8                 
00001bc1  abort                           
00001bc6  C$$EXIT                         
00001bc7  HOSTexit                        
00001bcb  Reset_Handler                   
00001bcf  _system_pre_init                
00001c1c  __TI_Handler_Table_Base         
00001c28  __TI_Handler_Table_Limit        
00001c30  __TI_CINIT_Base                 
00001c40  __TI_CINIT_Limit                
00001c40  __TI_CINIT_Warm                 
20200000  __start___llvm_prf_bits         
20200000  __start___llvm_prf_cnts         
20200000  __stop___llvm_prf_bits          
20200000  __stop___llvm_prf_cnts          
20200000  pid_motor1                      
20200034  pid_motor2                      
20200068  start_time                      
2020006c  tick_ms                         
20200070  yaw                             
20200074  Measure_Distance                
20200078  Motor1_Encoder_Delta            
20200080  Motor1_Encoder_Value            
20200084  Motor1_Lucheng                  
20200088  Motor1_Speed                    
2020008c  Motor2_Encoder_Delta            
20200094  Motor2_Encoder_Value            
20200098  Motor2_Lucheng                  
2020009c  Motor2_Speed                    
202000a4  g_pwm1                          
202000a8  g_pwm2                          
202000b1  g_dir1                          
202000b2  g_dir2                          
202000b3  uart_data                       
20207e00  __stack                         
20208000  __STACK_END                     
ffffffff  __TI_pprof_out_hndl             
ffffffff  __TI_prof_data_size             
ffffffff  __TI_prof_data_start            
ffffffff  __binit__                       
ffffffff  binit                           
UNDEFED   __mpu_init                      
UNDEFED   _system_post_cinit              

[168 symbols]
