******************************************************************************
            TI ARM Clang Linker PC v4.0.4                      
******************************************************************************
>> Linked Tue Apr 21 16:51:18 2026

OUTPUT FILE NAME:   <M0G3507_TB6612_TT2.out>
ENTRY POINT SYMBOL: "_c_int00_noargs"  address: 000007d1


MEMORY CONFIGURATION

         name            origin    length      used     unused   attr    fill
----------------------  --------  ---------  --------  --------  ----  --------
  FLASH                 00000000   00020000  000008f8  0001f708  R  X
  SRAM                  20200000   00008000  0000020a  00007df6  RW X
  BCR_CONFIG            41c00000   000000ff  00000000  000000ff  R   
  BSL_CONFIG            41c00100   00000080  00000000  00000080  R   


SEGMENT ALLOCATION MAP

run origin  load origin   length   init length attrs members
----------  ----------- ---------- ----------- ----- -------
00000000    00000000    000008f8   000008f8    r-x
  00000000    00000000    000000c0   000000c0    r-- .intvecs
  000000c0    000000c0    00000808   00000808    r-x .text
  000008c8    000008c8    00000010   00000010    r-- .rodata
  000008d8    000008d8    00000020   00000020    r-- .cinit
20200000    20200000    0000000a   00000000    rw-
  20200000    20200000    0000000a   00000000    rw- .data
20207e00    20207e00    00000200   00000000    rw-
  20207e00    20207e00    00000200   00000000    rw- .stack


SECTION ALLOCATION MAP

 output                                  attributes/
section   page    origin      length       input sections
--------  ----  ----------  ----------   ----------------
.intvecs   0    00000000    000000c0     
                  00000000    000000c0     startup_mspm0g350x_ticlang.o (.intvecs)

.text      0    000000c0    00000808     
                  000000c0    00000104     driverlib.a : dl_timer.o (.text.DL_Timer_initFourCCPWMMode)
                  000001c4    000000ec     motor.o (.text.SetSpeed)
                  000002b0    000000c4     empty.o (.text.main)
                  00000374    0000009a     libc.a : memcpy16.S.obj (.text:memcpy)
                  0000040e    00000002     startup_mspm0g350x_ticlang.o (.text.Default_Handler)
                  00000410    00000090     ti_msp_dl_config.o (.text.SYSCFG_DL_TB6612_PWM_init)
                  000004a0    0000008c     libclang_rt.builtins.a : mulsf3.S.obj (.text.__mulsf3)
                  0000052c    00000082                            : divsf3.S.obj (.text.__divsf3)
                  000005ae    00000002     --HOLE-- [fill = 0]
                  000005b0    0000007c     libc.a : copy_decompress_lzss.c.obj (.text:decompress:lzss)
                  0000062c    0000005c     ti_msp_dl_config.o (.text.SYSCFG_DL_GPIO_init)
                  00000688    0000003c     libc.a : autoinit.c.obj (.text:__TI_auto_init_nobinit_nopinit)
                  000006c4    0000003a     libclang_rt.builtins.a : muldsi3.S.obj (.text.__muldsi3)
                  000006fe    00000002     --HOLE-- [fill = 0]
                  00000700    00000038                            : fixsfsi.S.obj (.text.__fixsfsi)
                  00000738    00000034     ti_msp_dl_config.o (.text.SYSCFG_DL_initPower)
                  0000076c    00000032     libclang_rt.builtins.a : fixunssfsi.S.obj (.text.__fixunssfsi)
                  0000079e    00000002     --HOLE-- [fill = 0]
                  000007a0    00000030     ti_msp_dl_config.o (.text.SYSCFG_DL_SYSCTL_init)
                  000007d0    00000028     libc.a : boot_cortex_m.c.obj (.text:_c_int00_noargs)
                  000007f8    0000001c     driverlib.a : dl_timer.o (.text.DL_Timer_setCaptCompUpdateMethod)
                  00000814    0000001c                 : dl_timer.o (.text.DL_Timer_setClockConfig)
                  00000830    0000001c     graph.o (.text.GRAPH_SENSOR_Init)
                  0000084c    00000018     driverlib.a : dl_timer.o (.text.DL_Timer_setCaptureCompareOutCtl)
                  00000864    00000014     ti_msp_dl_config.o (.text.SYSCFG_DL_init)
                  00000878    00000012     libc.a : copy_decompress_none.c.obj (.text:decompress:none)
                  0000088a    00000002     --HOLE-- [fill = 0]
                  0000088c    00000010     driverlib.a : dl_timer.o (.text.DL_Timer_setCaptureCompareValue)
                  0000089c    0000000a                 : dl_common.o (.text.DL_Common_delayCycles)
                  000008a6    00000002     --HOLE-- [fill = 0]
                  000008a8    00000008     libclang_rt.builtins.a : aeabi_memcpy.S.obj (.text.__aeabi_memcpy)
                  000008b0    00000006     libc.a : exit.c.obj (.text:abort)
                  000008b6    00000004     libsysbm.a : hostexit.c.obj (.text.HOSTexit)
                  000008ba    00000004     startup_mspm0g350x_ticlang.o (.text.Reset_Handler)
                  000008be    00000004     libc.a : pre_init.c.obj (.text._system_pre_init)
                  000008c2    00000006     --HOLE-- [fill = 0]

.cinit     0    000008d8    00000020     
                  000008d8    0000000c     (.cinit..data.load) [load image, compression = lzss]
                  000008e4    00000008     (__TI_handler_table)
                  000008ec    00000008     (__TI_cinit_table)
                  000008f4    00000004     --HOLE-- [fill = 0]

.rodata    0    000008c8    00000010     
                  000008c8    00000008     ti_msp_dl_config.o (.rodata.gTB6612_PWMConfig)
                  000008d0    00000003     ti_msp_dl_config.o (.rodata.gTB6612_PWMClockConfig)
                  000008d3    00000005     --HOLE-- [fill = 0]

.init_array 
*          0    00000000    00000000     UNINITIALIZED

.binit     0    00000000    00000000     

.data      0    20200000    0000000a     UNINITIALIZED
                  20200000    00000004     motor.o (.data.g_pwm1)
                  20200004    00000004     motor.o (.data.g_pwm2)
                  20200008    00000001     motor.o (.data.g_dir1)
                  20200009    00000001     motor.o (.data.g_dir2)

.stack     0    20207e00    00000200     UNINITIALIZED
                  20207e00    00000004     libc.a : boot_cortex_m.c.obj (.stack)
                  20207e04    000001fc     --HOLE--

__llvm_prf_cnts 
*          0    20200000    00000000     UNINITIALIZED

__llvm_prf_bits 
*          0    20200000    00000000     UNINITIALIZED

MODULE SUMMARY

       Module                         code   ro data   rw data
       ------                         ----   -------   -------
    .\
       ti_msp_dl_config.o             356    11        0      
       startup_mspm0g350x_ticlang.o   6      192       0      
       empty.o                        196    0         0      
    +--+------------------------------+------+---------+---------+
       Total:                         558    203       0      
                                                              
    .\GRAPH\
       graph.o                        28     0         0      
    +--+------------------------------+------+---------+---------+
       Total:                         28     0         0      
                                                              
    .\Motor\
       motor.o                        236    0         10     
    +--+------------------------------+------+---------+---------+
       Total:                         236    0         10     
                                                              
    C:/ti/mspm0_sdk_2_10_00_04/source/ti/driverlib/lib/ticlang/m0p/mspm0g1x0x_g3x0x/driverlib.a
       dl_timer.o                     356    0         0      
       dl_common.o                    10     0         0      
    +--+------------------------------+------+---------+---------+
       Total:                         366    0         0      
                                                              
    D:\Study\DianSai\M0_software_info\CCS Theia\ccs\tools\compiler\ti-cgt-armllvm_4.0.4.LTS\lib\armv6m-ti-none-eabi/c/libc.a
       memcpy16.S.obj                 154    0         0      
       copy_decompress_lzss.c.obj     124    0         0      
       autoinit.c.obj                 60     0         0      
       boot_cortex_m.c.obj            40     0         0      
       copy_decompress_none.c.obj     18     0         0      
       exit.c.obj                     6      0         0      
       pre_init.c.obj                 4      0         0      
    +--+------------------------------+------+---------+---------+
       Total:                         406    0         0      
                                                              
    D:\Study\DianSai\M0_software_info\CCS Theia\ccs\tools\compiler\ti-cgt-armllvm_4.0.4.LTS\lib\armv6m-ti-none-eabi/c/libsysbm.a
       hostexit.c.obj                 4      0         0      
    +--+------------------------------+------+---------+---------+
       Total:                         4      0         0      
                                                              
    D:\Study\DianSai\M0_software_info\CCS Theia\ccs\tools\compiler\ti-cgt-armllvm_4.0.4.LTS\lib\armv6m-ti-none-eabi/libclang_rt.builtins.a
       mulsf3.S.obj                   140    0         0      
       divsf3.S.obj                   130    0         0      
       muldsi3.S.obj                  58     0         0      
       fixsfsi.S.obj                  56     0         0      
       fixunssfsi.S.obj               50     0         0      
       aeabi_memcpy.S.obj             8      0         0      
    +--+------------------------------+------+---------+---------+
       Total:                         442    0         0      
                                                              
       Stack:                         0      0         512    
       Linker Generated:              0      28        0      
    +--+------------------------------+------+---------+---------+
       Grand Total:                   2040   231       522    


LINKER GENERATED COPY TABLES

__TI_cinit_table @ 000008ec records: 1, size/record: 8, table size: 8
	.data: load addr=000008d8, load size=0000000c bytes, run addr=20200000, run size=0000000a bytes, compression=lzss


LINKER GENERATED HANDLER TABLE

__TI_handler_table @ 000008e4 records: 2, size/record: 4, table size: 8
	index: 0, handler: __TI_decompress_lzss
	index: 1, handler: __TI_decompress_none


GLOBAL SYMBOLS: SORTED ALPHABETICALLY BY Name 

address   name                            
-------   ----                            
0000040f  ADC0_IRQHandler                 
0000040f  ADC1_IRQHandler                 
0000040f  AES_IRQHandler                  
000008b6  C$$EXIT                         
0000040f  CANFD0_IRQHandler               
0000040f  DAC0_IRQHandler                 
0000089d  DL_Common_delayCycles           
000000c1  DL_Timer_initFourCCPWMMode      
000007f9  DL_Timer_setCaptCompUpdateMethod
0000084d  DL_Timer_setCaptureCompareOutCtl
0000088d  DL_Timer_setCaptureCompareValue 
00000815  DL_Timer_setClockConfig         
0000040f  DMA_IRQHandler                  
0000040f  Default_Handler                 
00000831  GRAPH_SENSOR_Init               
0000040f  GROUP0_IRQHandler               
0000040f  GROUP1_IRQHandler               
000008b7  HOSTexit                        
0000040f  HardFault_Handler               
0000040f  I2C0_IRQHandler                 
0000040f  I2C1_IRQHandler                 
0000040f  NMI_Handler                     
0000040f  PendSV_Handler                  
0000040f  RTC_IRQHandler                  
000008bb  Reset_Handler                   
0000040f  SPI0_IRQHandler                 
0000040f  SPI1_IRQHandler                 
0000040f  SVC_Handler                     
0000062d  SYSCFG_DL_GPIO_init             
000007a1  SYSCFG_DL_SYSCTL_init           
00000411  SYSCFG_DL_TB6612_PWM_init       
00000865  SYSCFG_DL_init                  
00000739  SYSCFG_DL_initPower             
000001c5  SetSpeed                        
0000040f  SysTick_Handler                 
0000040f  TIMA0_IRQHandler                
0000040f  TIMA1_IRQHandler                
0000040f  TIMG0_IRQHandler                
0000040f  TIMG12_IRQHandler               
0000040f  TIMG6_IRQHandler                
0000040f  TIMG7_IRQHandler                
0000040f  TIMG8_IRQHandler                
0000040f  UART0_IRQHandler                
0000040f  UART1_IRQHandler                
0000040f  UART2_IRQHandler                
0000040f  UART3_IRQHandler                
20208000  __STACK_END                     
00000200  __STACK_SIZE                    
00000000  __TI_ATRegion0_region_sz        
00000000  __TI_ATRegion0_src_addr         
00000000  __TI_ATRegion0_trg_addr         
00000000  __TI_ATRegion1_region_sz        
00000000  __TI_ATRegion1_src_addr         
00000000  __TI_ATRegion1_trg_addr         
00000000  __TI_ATRegion2_region_sz        
00000000  __TI_ATRegion2_src_addr         
00000000  __TI_ATRegion2_trg_addr         
000008ec  __TI_CINIT_Base                 
000008f4  __TI_CINIT_Limit                
000008f4  __TI_CINIT_Warm                 
000008e4  __TI_Handler_Table_Base         
000008ec  __TI_Handler_Table_Limit        
00000689  __TI_auto_init_nobinit_nopinit  
000005b1  __TI_decompress_lzss            
00000879  __TI_decompress_none            
ffffffff  __TI_pprof_out_hndl             
ffffffff  __TI_prof_data_size             
ffffffff  __TI_prof_data_start            
00000000  __TI_static_base__              
00000701  __aeabi_f2iz                    
0000076d  __aeabi_f2uiz                   
0000052d  __aeabi_fdiv                    
000004a1  __aeabi_fmul                    
000008a9  __aeabi_memcpy                  
000008a9  __aeabi_memcpy4                 
000008a9  __aeabi_memcpy8                 
ffffffff  __binit__                       
0000052d  __divsf3                        
00000701  __fixsfsi                       
0000076d  __fixunssfsi                    
UNDEFED   __mpu_init                      
000006c5  __muldsi3                       
000004a1  __mulsf3                        
20207e00  __stack                         
20200000  __start___llvm_prf_bits         
20200000  __start___llvm_prf_cnts         
20200000  __stop___llvm_prf_bits          
20200000  __stop___llvm_prf_cnts          
000007d1  _c_int00_noargs                 
UNDEFED   _system_post_cinit              
000008bf  _system_pre_init                
000008b1  abort                           
ffffffff  binit                           
20200008  g_dir1                          
20200009  g_dir2                          
20200000  g_pwm1                          
20200004  g_pwm2                          
00000000  interruptVectors                
000002b1  main                            
00000375  memcpy                          


GLOBAL SYMBOLS: SORTED BY Symbol Address 

address   name                            
-------   ----                            
00000000  __TI_ATRegion0_region_sz        
00000000  __TI_ATRegion0_src_addr         
00000000  __TI_ATRegion0_trg_addr         
00000000  __TI_ATRegion1_region_sz        
00000000  __TI_ATRegion1_src_addr         
00000000  __TI_ATRegion1_trg_addr         
00000000  __TI_ATRegion2_region_sz        
00000000  __TI_ATRegion2_src_addr         
00000000  __TI_ATRegion2_trg_addr         
00000000  __TI_static_base__              
00000000  interruptVectors                
000000c1  DL_Timer_initFourCCPWMMode      
000001c5  SetSpeed                        
00000200  __STACK_SIZE                    
000002b1  main                            
00000375  memcpy                          
0000040f  ADC0_IRQHandler                 
0000040f  ADC1_IRQHandler                 
0000040f  AES_IRQHandler                  
0000040f  CANFD0_IRQHandler               
0000040f  DAC0_IRQHandler                 
0000040f  DMA_IRQHandler                  
0000040f  Default_Handler                 
0000040f  GROUP0_IRQHandler               
0000040f  GROUP1_IRQHandler               
0000040f  HardFault_Handler               
0000040f  I2C0_IRQHandler                 
0000040f  I2C1_IRQHandler                 
0000040f  NMI_Handler                     
0000040f  PendSV_Handler                  
0000040f  RTC_IRQHandler                  
0000040f  SPI0_IRQHandler                 
0000040f  SPI1_IRQHandler                 
0000040f  SVC_Handler                     
0000040f  SysTick_Handler                 
0000040f  TIMA0_IRQHandler                
0000040f  TIMA1_IRQHandler                
0000040f  TIMG0_IRQHandler                
0000040f  TIMG12_IRQHandler               
0000040f  TIMG6_IRQHandler                
0000040f  TIMG7_IRQHandler                
0000040f  TIMG8_IRQHandler                
0000040f  UART0_IRQHandler                
0000040f  UART1_IRQHandler                
0000040f  UART2_IRQHandler                
0000040f  UART3_IRQHandler                
00000411  SYSCFG_DL_TB6612_PWM_init       
000004a1  __aeabi_fmul                    
000004a1  __mulsf3                        
0000052d  __aeabi_fdiv                    
0000052d  __divsf3                        
000005b1  __TI_decompress_lzss            
0000062d  SYSCFG_DL_GPIO_init             
00000689  __TI_auto_init_nobinit_nopinit  
000006c5  __muldsi3                       
00000701  __aeabi_f2iz                    
00000701  __fixsfsi                       
00000739  SYSCFG_DL_initPower             
0000076d  __aeabi_f2uiz                   
0000076d  __fixunssfsi                    
000007a1  SYSCFG_DL_SYSCTL_init           
000007d1  _c_int00_noargs                 
000007f9  DL_Timer_setCaptCompUpdateMethod
00000815  DL_Timer_setClockConfig         
00000831  GRAPH_SENSOR_Init               
0000084d  DL_Timer_setCaptureCompareOutCtl
00000865  SYSCFG_DL_init                  
00000879  __TI_decompress_none            
0000088d  DL_Timer_setCaptureCompareValue 
0000089d  DL_Common_delayCycles           
000008a9  __aeabi_memcpy                  
000008a9  __aeabi_memcpy4                 
000008a9  __aeabi_memcpy8                 
000008b1  abort                           
000008b6  C$$EXIT                         
000008b7  HOSTexit                        
000008bb  Reset_Handler                   
000008bf  _system_pre_init                
000008e4  __TI_Handler_Table_Base         
000008ec  __TI_CINIT_Base                 
000008ec  __TI_Handler_Table_Limit        
000008f4  __TI_CINIT_Limit                
000008f4  __TI_CINIT_Warm                 
20200000  __start___llvm_prf_bits         
20200000  __start___llvm_prf_cnts         
20200000  __stop___llvm_prf_bits          
20200000  __stop___llvm_prf_cnts          
20200000  g_pwm1                          
20200004  g_pwm2                          
20200008  g_dir1                          
20200009  g_dir2                          
20207e00  __stack                         
20208000  __STACK_END                     
ffffffff  __TI_pprof_out_hndl             
ffffffff  __TI_prof_data_size             
ffffffff  __TI_prof_data_start            
ffffffff  __binit__                       
ffffffff  binit                           
UNDEFED   __mpu_init                      
UNDEFED   _system_post_cinit              

[100 symbols]
