******************************************************************************
            TI ARM Clang Linker PC v4.0.4                      
******************************************************************************
>> Linked Wed Apr 22 13:50:23 2026

OUTPUT FILE NAME:   <M0G3507_TB6612_TT2.out>
ENTRY POINT SYMBOL: "_c_int00_noargs"  address: 00001519


MEMORY CONFIGURATION

         name            origin    length      used     unused   attr    fill
----------------------  --------  ---------  --------  --------  ----  --------
  FLASH                 00000000   00020000  00001790  0001e870  R  X
  SRAM                  20200000   00008000  00000233  00007dcd  RW X
  BCR_CONFIG            41c00000   000000ff  00000000  000000ff  R   
  BSL_CONFIG            41c00100   00000080  00000000  00000080  R   


SEGMENT ALLOCATION MAP

run origin  load origin   length   init length attrs members
----------  ----------- ---------- ----------- ----- -------
00000000    00000000    00001790   00001790    r-x
  00000000    00000000    000000c0   000000c0    r-- .intvecs
  000000c0    000000c0    000015a0   000015a0    r-x .text
  00001660    00001660    000000f8   000000f8    r-- .rodata
  00001758    00001758    00000038   00000038    r-- .cinit
20200000    20200000    00000034   00000000    rw-
  20200000    20200000    0000002f   00000000    rw- .data
  20200030    20200030    00000004   00000000    rw- .bss
20207e00    20207e00    00000200   00000000    rw-
  20207e00    20207e00    00000200   00000000    rw- .stack


SECTION ALLOCATION MAP

 output                                  attributes/
section   page    origin      length       input sections
--------  ----  ----------  ----------   ----------------
.intvecs   0    00000000    000000c0     
                  00000000    000000c0     startup_mspm0g350x_ticlang.o (.intvecs)

.text      0    000000c0    000015a0     
                  000000c0    000001fc     empty.o (.text.main)
                  000002bc    00000192     libclang_rt.builtins.a : adddf3.S.obj (.text.adddf3_subdf3)
                  0000044e    00000002     startup_mspm0g350x_ticlang.o (.text.Default_Handler)
                  00000450    00000140     Encoder.o (.text.MEASURE_MOTORS_SPEED)
                  00000590    0000010c     libclang_rt.builtins.a : divdf3.S.obj (.text.__divdf3)
                  0000069c    00000104     driverlib.a : dl_timer.o (.text.DL_Timer_initFourCCPWMMode)
                  000007a0    000000ec     motor.o (.text.SetSpeed)
                  0000088c    000000e4     libclang_rt.builtins.a : muldf3.S.obj (.text.__muldf3)
                  00000970    000000e4     uart.o (.text.uart0_send_speed)
                  00000a54    000000d8     libclang_rt.builtins.a : addsf3.S.obj (.text)
                  00000b2c    000000d4     Encoder.o (.text.GROUP1_IRQHandler)
                  00000c00    000000a8     ti_msp_dl_config.o (.text.SYSCFG_DL_GPIO_init)
                  00000ca8    0000009a     libc.a : memcpy16.S.obj (.text:memcpy)
                  00000d42    00000002     libclang_rt.builtins.a : aeabi_div0.c.obj (.text.__aeabi_idiv0)
                  00000d44    00000090     ti_msp_dl_config.o (.text.SYSCFG_DL_TB6612_PWM_init)
                  00000dd4    0000008c     libclang_rt.builtins.a : mulsf3.S.obj (.text.__mulsf3)
                  00000e60    00000082                            : divsf3.S.obj (.text.__divsf3)
                  00000ee2    00000002     --HOLE-- [fill = 0]
                  00000ee4    0000007c     libc.a : copy_decompress_lzss.c.obj (.text:decompress:lzss)
                  00000f60    00000078     uart.o (.text.Uartinit)
                  00000fd8    00000008     libclang_rt.builtins.a : aeabi_memcpy.S.obj (.text.__aeabi_memcpy)
                  00000fe0    00000074                            : truncdfsf2.S.obj (.text.__truncdfsf2)
                  00001054    00000070     ti_msp_dl_config.o (.text.SYSCFG_DL_UART_0_init)
                  000010c4    00000062     libclang_rt.builtins.a : aeabi_fcmp.S.obj (.text.__aeabi_fcmp)
                  00001126    00000002     --HOLE-- [fill = 0]
                  00001128    00000056                            : aeabi_idivmod.S.obj (.text.__aeabi_idivmod)
                  0000117e    00000002     --HOLE-- [fill = 0]
                  00001180    00000048     driverlib.a : dl_uart.o (.text.DL_UART_init)
                  000011c8    00000040     ti_msp_dl_config.o (.text.SYSCFG_DL_initPower)
                  00001208    00000040     libclang_rt.builtins.a : aeabi_uidivmod.S.obj (.text.__aeabi_uidivmod)
                  00001248    00000040                            : extendsfdf2.S.obj (.text.__extendsfdf2)
                  00001288    0000003c                            : floatsisf.S.obj (.text.__floatsisf)
                  000012c4    0000003c                            : comparesf2.S.obj (.text.__gtsf2)
                  00001300    0000003c     libc.a : autoinit.c.obj (.text:__TI_auto_init_nobinit_nopinit)
                  0000133c    0000003a     libclang_rt.builtins.a : comparesf2.S.obj (.text.__eqsf2)
                  00001376    00000002     --HOLE-- [fill = 0]
                  00001378    0000003a                            : muldsi3.S.obj (.text.__muldsi3)
                  000013b2    00000002     --HOLE-- [fill = 0]
                  000013b4    00000038     clock.o (.text.SysTick_Init)
                  000013ec    00000038     uart.o (.text.UART0_IRQHandler)
                  00001424    00000038     libclang_rt.builtins.a : fixsfsi.S.obj (.text.__fixsfsi)
                  0000145c    00000032                            : fixunssfsi.S.obj (.text.__fixunssfsi)
                  0000148e    00000002     --HOLE-- [fill = 0]
                  00001490    00000030     ti_msp_dl_config.o (.text.SYSCFG_DL_SYSTICK_init)
                  000014c0    00000030     uart.o (.text.uart0_send_string)
                  000014f0    00000028     libclang_rt.builtins.a : floatunsisf.S.obj (.text.__floatunsisf)
                  00001518    00000028     libc.a : boot_cortex_m.c.obj (.text:_c_int00_noargs)
                  00001540    0000001c     driverlib.a : dl_timer.o (.text.DL_Timer_setCaptCompUpdateMethod)
                  0000155c    0000001c                 : dl_timer.o (.text.DL_Timer_setClockConfig)
                  00001578    0000001c     graph.o (.text.GRAPH_SENSOR_Init)
                  00001594    0000001c     ti_msp_dl_config.o (.text.SYSCFG_DL_SYSCTL_init)
                  000015b0    0000001c     ti_msp_dl_config.o (.text.SYSCFG_DL_init)
                  000015cc    00000018     driverlib.a : dl_timer.o (.text.DL_Timer_setCaptureCompareOutCtl)
                  000015e4    00000016     libc.a : copy_zero_init.c.obj (.text:decompress:ZI:__TI_zero_init_nomemset)
                  000015fa    00000012     driverlib.a : dl_uart.o (.text.DL_UART_setClockConfig)
                  0000160c    00000012     libc.a : copy_decompress_none.c.obj (.text:decompress:none)
                  0000161e    00000002     --HOLE-- [fill = 0]
                  00001620    00000010     driverlib.a : dl_timer.o (.text.DL_Timer_setCaptureCompareValue)
                  00001630    00000010     clock.o (.text.SysTick_Handler)
                  00001640    0000000a     driverlib.a : dl_common.o (.text.DL_Common_delayCycles)
                  0000164a    00000006     libc.a : exit.c.obj (.text:abort)
                  00001650    00000004     libsysbm.a : hostexit.c.obj (.text.HOSTexit)
                  00001654    00000004     startup_mspm0g350x_ticlang.o (.text.Reset_Handler)
                  00001658    00000004     libc.a : pre_init.c.obj (.text._system_pre_init)
                  0000165c    00000004     --HOLE-- [fill = 0]

.cinit     0    00001758    00000038     
                  00001758    00000012     (.cinit..data.load) [load image, compression = lzss]
                  0000176a    00000002     --HOLE-- [fill = 0]
                  0000176c    0000000c     (__TI_handler_table)
                  00001778    00000008     (.cinit..bss.load) [load image, compression = zero_init]
                  00001780    00000010     (__TI_cinit_table)

.rodata    0    00001660    000000f8     
                  00001660    0000001b     empty.o (.rodata.str1.11898133897667081452.1)
                  0000167b    0000001b     empty.o (.rodata.str1.9517790425240694019.1)
                  00001696    00000017     empty.o (.rodata.str1.15706828512682300538.1)
                  000016ad    00000016     empty.o (.rodata.str1.150872071346279890.1)
                  000016c3    00000014     empty.o (.rodata.str1.17669528882079347314.1)
                  000016d7    00000013     empty.o (.rodata.str1.16704889451495720520.1)
                  000016ea    00000012     empty.o (.rodata.str1.254342170260855183.1)
                  000016fc    00000011     empty.o (.rodata.str1.14685083708502177989.1)
                  0000170d    00000011     empty.o (.rodata.str1.7401042497206923953.1)
                  0000171e    0000000e     uart.o (.rodata.str1.14464947116831474962.1)
                  0000172c    0000000a     ti_msp_dl_config.o (.rodata.gUART_0Config)
                  00001736    00000002     ti_msp_dl_config.o (.rodata.gUART_0ClockConfig)
                  00001738    00000008     ti_msp_dl_config.o (.rodata.gTB6612_PWMConfig)
                  00001740    00000006     empty.o (.rodata.str1.2196762768037919588.1)
                  00001746    00000005     empty.o (.rodata.str1.17686411042290499047.1)
                  0000174b    00000005     empty.o (.rodata.str1.9410084661655729462.1)
                  00001750    00000003     ti_msp_dl_config.o (.rodata.gTB6612_PWMClockConfig)
                  00001753    00000003     empty.o (.rodata.str1.7386103758396746866.1)
                  00001756    00000002     --HOLE-- [fill = 0]

.init_array 
*          0    00000000    00000000     UNINITIALIZED

.binit     0    00000000    00000000     

.data      0    20200000    0000002f     UNINITIALIZED
                  20200000    00000004     Encoder.o (.data.Measure_Distance)
                  20200004    00000004     Encoder.o (.data.Motor1_Encoder_Value)
                  20200008    00000004     Encoder.o (.data.Motor1_Lucheng)
                  2020000c    00000004     Encoder.o (.data.Motor1_Speed)
                  20200010    00000004     Encoder.o (.data.Motor2_Encoder_Value)
                  20200014    00000004     Encoder.o (.data.Motor2_Lucheng)
                  20200018    00000004     Encoder.o (.data.Motor2_Speed)
                  2020001c    00000004     motor.o (.data.g_pwm1)
                  20200020    00000004     motor.o (.data.g_pwm2)
                  20200024    00000004     empty.o (.data.main.last_measure)
                  20200028    00000004     empty.o (.data.main.last_uart)
                  2020002c    00000001     motor.o (.data.g_dir1)
                  2020002d    00000001     motor.o (.data.g_dir2)
                  2020002e    00000001     uart.o (.data.uart_data)

.bss       0    20200030    00000004     UNINITIALIZED
                  20200030    00000004     (.common:tick_ms)

.stack     0    20207e00    00000200     UNINITIALIZED
                  20207e00    00000004     libc.a : boot_cortex_m.c.obj (.stack)
                  20207e04    000001fc     --HOLE--

__llvm_prf_cnts 
*          0    20200000    00000000     UNINITIALIZED

__llvm_prf_bits 
*          0    20200000    00000000     UNINITIALIZED

MODULE SUMMARY

       Module                         code   ro data   rw data
       ------                         ----   -------   -------
    .\
       empty.o                        508    209       8      
       ti_msp_dl_config.o             592    23        0      
       startup_mspm0g350x_ticlang.o   6      192       0      
    +--+------------------------------+------+---------+---------+
       Total:                         1106   424       8      
                                                              
    .\Encoder\
       Encoder.o                      532    0         28     
    +--+------------------------------+------+---------+---------+
       Total:                         532    0         28     
                                                              
    .\GRAPH\
       graph.o                        28     0         0      
    +--+------------------------------+------+---------+---------+
       Total:                         28     0         0      
                                                              
    .\Motor\
       motor.o                        236    0         10     
    +--+------------------------------+------+---------+---------+
       Total:                         236    0         10     
                                                              
    .\Uart\
       uart.o                         452    14        1      
    +--+------------------------------+------+---------+---------+
       Total:                         452    14        1      
                                                              
    .\clock\
       clock.o                        72     0         4      
    +--+------------------------------+------+---------+---------+
       Total:                         72     0         4      
                                                              
    C:/ti/mspm0_sdk_2_10_00_04/source/ti/driverlib/lib/ticlang/m0p/mspm0g1x0x_g3x0x/driverlib.a
       dl_timer.o                     356    0         0      
       dl_uart.o                      90     0         0      
       dl_common.o                    10     0         0      
    +--+------------------------------+------+---------+---------+
       Total:                         456    0         0      
                                                              
    D:\Study\DianSai\M0_software_info\CCS Theia\ccs\tools\compiler\ti-cgt-armllvm_4.0.4.LTS\lib\armv6m-ti-none-eabi/c/libc.a
       memcpy16.S.obj                 154    0         0      
       copy_decompress_lzss.c.obj     124    0         0      
       autoinit.c.obj                 60     0         0      
       boot_cortex_m.c.obj            40     0         0      
       copy_zero_init.c.obj           22     0         0      
       copy_decompress_none.c.obj     18     0         0      
       exit.c.obj                     6      0         0      
       pre_init.c.obj                 4      0         0      
    +--+------------------------------+------+---------+---------+
       Total:                         428    0         0      
                                                              
    D:\Study\DianSai\M0_software_info\CCS Theia\ccs\tools\compiler\ti-cgt-armllvm_4.0.4.LTS\lib\armv6m-ti-none-eabi/c/libsysbm.a
       hostexit.c.obj                 4      0         0      
    +--+------------------------------+------+---------+---------+
       Total:                         4      0         0      
                                                              
    D:\Study\DianSai\M0_software_info\CCS Theia\ccs\tools\compiler\ti-cgt-armllvm_4.0.4.LTS\lib\armv6m-ti-none-eabi/libclang_rt.builtins.a
       adddf3.S.obj                   402    0         0      
       divdf3.S.obj                   268    0         0      
       muldf3.S.obj                   228    0         0      
       addsf3.S.obj                   216    0         0      
       mulsf3.S.obj                   140    0         0      
       divsf3.S.obj                   130    0         0      
       comparesf2.S.obj               118    0         0      
       truncdfsf2.S.obj               116    0         0      
       aeabi_fcmp.S.obj               98     0         0      
       aeabi_idivmod.S.obj            86     0         0      
       aeabi_uidivmod.S.obj           64     0         0      
       extendsfdf2.S.obj              64     0         0      
       floatsisf.S.obj                60     0         0      
       muldsi3.S.obj                  58     0         0      
       fixsfsi.S.obj                  56     0         0      
       fixunssfsi.S.obj               50     0         0      
       floatunsisf.S.obj              40     0         0      
       aeabi_memcpy.S.obj             8      0         0      
       aeabi_div0.c.obj               2      0         0      
    +--+------------------------------+------+---------+---------+
       Total:                         2204   0         0      
                                                              
       Stack:                         0      0         512    
       Linker Generated:              0      54        0      
    +--+------------------------------+------+---------+---------+
       Grand Total:                   5518   492       563    


LINKER GENERATED COPY TABLES

__TI_cinit_table @ 00001780 records: 2, size/record: 8, table size: 16
	.data: load addr=00001758, load size=00000012 bytes, run addr=20200000, run size=0000002f bytes, compression=lzss
	.bss: load addr=00001778, load size=00000008 bytes, run addr=20200030, run size=00000004 bytes, compression=zero_init


LINKER GENERATED HANDLER TABLE

__TI_handler_table @ 0000176c records: 3, size/record: 4, table size: 12
	index: 0, handler: __TI_decompress_lzss
	index: 1, handler: __TI_decompress_none
	index: 2, handler: __TI_zero_init


GLOBAL SYMBOLS: SORTED ALPHABETICALLY BY Name 

address   name                            
-------   ----                            
0000044f  ADC0_IRQHandler                 
0000044f  ADC1_IRQHandler                 
0000044f  AES_IRQHandler                  
00001650  C$$EXIT                         
0000044f  CANFD0_IRQHandler               
0000044f  DAC0_IRQHandler                 
00001641  DL_Common_delayCycles           
0000069d  DL_Timer_initFourCCPWMMode      
00001541  DL_Timer_setCaptCompUpdateMethod
000015cd  DL_Timer_setCaptureCompareOutCtl
00001621  DL_Timer_setCaptureCompareValue 
0000155d  DL_Timer_setClockConfig         
00001181  DL_UART_init                    
000015fb  DL_UART_setClockConfig          
0000044f  DMA_IRQHandler                  
0000044f  Default_Handler                 
00001579  GRAPH_SENSOR_Init               
0000044f  GROUP0_IRQHandler               
00000b2d  GROUP1_IRQHandler               
00001651  HOSTexit                        
0000044f  HardFault_Handler               
0000044f  I2C0_IRQHandler                 
0000044f  I2C1_IRQHandler                 
00000451  MEASURE_MOTORS_SPEED            
20200000  Measure_Distance                
20200004  Motor1_Encoder_Value            
20200008  Motor1_Lucheng                  
2020000c  Motor1_Speed                    
20200010  Motor2_Encoder_Value            
20200014  Motor2_Lucheng                  
20200018  Motor2_Speed                    
0000044f  NMI_Handler                     
0000044f  PendSV_Handler                  
0000044f  RTC_IRQHandler                  
00001655  Reset_Handler                   
0000044f  SPI0_IRQHandler                 
0000044f  SPI1_IRQHandler                 
0000044f  SVC_Handler                     
00000c01  SYSCFG_DL_GPIO_init             
00001595  SYSCFG_DL_SYSCTL_init           
00001491  SYSCFG_DL_SYSTICK_init          
00000d45  SYSCFG_DL_TB6612_PWM_init       
00001055  SYSCFG_DL_UART_0_init           
000015b1  SYSCFG_DL_init                  
000011c9  SYSCFG_DL_initPower             
000007a1  SetSpeed                        
00001631  SysTick_Handler                 
000013b5  SysTick_Init                    
0000044f  TIMA0_IRQHandler                
0000044f  TIMA1_IRQHandler                
0000044f  TIMG0_IRQHandler                
0000044f  TIMG12_IRQHandler               
0000044f  TIMG6_IRQHandler                
0000044f  TIMG7_IRQHandler                
0000044f  TIMG8_IRQHandler                
000013ed  UART0_IRQHandler                
0000044f  UART1_IRQHandler                
0000044f  UART2_IRQHandler                
0000044f  UART3_IRQHandler                
00000f61  Uartinit                        
20208000  __STACK_END                     
00000200  __STACK_SIZE                    
00000000  __TI_ATRegion0_region_sz        
00000000  __TI_ATRegion0_src_addr         
00000000  __TI_ATRegion0_trg_addr         
00000000  __TI_ATRegion1_region_sz        
00000000  __TI_ATRegion1_src_addr         
00000000  __TI_ATRegion1_trg_addr         
00000000  __TI_ATRegion2_region_sz        
00000000  __TI_ATRegion2_src_addr         
00000000  __TI_ATRegion2_trg_addr         
00001780  __TI_CINIT_Base                 
00001790  __TI_CINIT_Limit                
00001790  __TI_CINIT_Warm                 
0000176c  __TI_Handler_Table_Base         
00001778  __TI_Handler_Table_Limit        
00001301  __TI_auto_init_nobinit_nopinit  
00000ee5  __TI_decompress_lzss            
0000160d  __TI_decompress_none            
ffffffff  __TI_pprof_out_hndl             
ffffffff  __TI_prof_data_size             
ffffffff  __TI_prof_data_start            
00000000  __TI_static_base__              
000015e5  __TI_zero_init_nomemset         
000002c7  __adddf3                        
00000a5f  __addsf3                        
00000fe1  __aeabi_d2f                     
000002c7  __aeabi_dadd                    
00000591  __aeabi_ddiv                    
0000088d  __aeabi_dmul                    
000002bd  __aeabi_dsub                    
00001249  __aeabi_f2d                     
00001425  __aeabi_f2iz                    
0000145d  __aeabi_f2uiz                   
00000a5f  __aeabi_fadd                    
000010c5  __aeabi_fcmpeq                  
00001101  __aeabi_fcmpge                  
00001115  __aeabi_fcmpgt                  
000010ed  __aeabi_fcmple                  
000010d9  __aeabi_fcmplt                  
00000e61  __aeabi_fdiv                    
00000dd5  __aeabi_fmul                    
00000a55  __aeabi_fsub                    
00001289  __aeabi_i2f                     
00001129  __aeabi_idiv                    
00000d43  __aeabi_idiv0                   
00001129  __aeabi_idivmod                 
00000fd9  __aeabi_memcpy                  
00000fd9  __aeabi_memcpy4                 
00000fd9  __aeabi_memcpy8                 
000014f1  __aeabi_ui2f                    
00001209  __aeabi_uidiv                   
00001209  __aeabi_uidivmod                
ffffffff  __binit__                       
0000133d  __cmpsf2                        
00000591  __divdf3                        
00000e61  __divsf3                        
0000133d  __eqsf2                         
00001249  __extendsfdf2                   
00001425  __fixsfsi                       
0000145d  __fixunssfsi                    
00001289  __floatsisf                     
000014f1  __floatunsisf                   
000012c5  __gesf2                         
000012c5  __gtsf2                         
0000133d  __lesf2                         
0000133d  __ltsf2                         
UNDEFED   __mpu_init                      
0000088d  __muldf3                        
00001379  __muldsi3                       
00000dd5  __mulsf3                        
0000133d  __nesf2                         
20207e00  __stack                         
20200000  __start___llvm_prf_bits         
20200000  __start___llvm_prf_cnts         
20200000  __stop___llvm_prf_bits          
20200000  __stop___llvm_prf_cnts          
000002bd  __subdf3                        
00000a55  __subsf3                        
00000fe1  __truncdfsf2                    
00001519  _c_int00_noargs                 
UNDEFED   _system_post_cinit              
00001659  _system_pre_init                
0000164b  abort                           
ffffffff  binit                           
2020002c  g_dir1                          
2020002d  g_dir2                          
2020001c  g_pwm1                          
20200020  g_pwm2                          
00000000  interruptVectors                
000000c1  main                            
00000ca9  memcpy                          
20200030  tick_ms                         
00000971  uart0_send_speed                
000014c1  uart0_send_string               
2020002e  uart_data                       


GLOBAL SYMBOLS: SORTED BY Symbol Address 

address   name                            
-------   ----                            
00000000  __TI_ATRegion0_region_sz        
00000000  __TI_ATRegion0_src_addr         
00000000  __TI_ATRegion0_trg_addr         
00000000  __TI_ATRegion1_region_sz        
00000000  __TI_ATRegion1_src_addr         
00000000  __TI_ATRegion1_trg_addr         
00000000  __TI_ATRegion2_region_sz        
00000000  __TI_ATRegion2_src_addr         
00000000  __TI_ATRegion2_trg_addr         
00000000  __TI_static_base__              
00000000  interruptVectors                
000000c1  main                            
00000200  __STACK_SIZE                    
000002bd  __aeabi_dsub                    
000002bd  __subdf3                        
000002c7  __adddf3                        
000002c7  __aeabi_dadd                    
0000044f  ADC0_IRQHandler                 
0000044f  ADC1_IRQHandler                 
0000044f  AES_IRQHandler                  
0000044f  CANFD0_IRQHandler               
0000044f  DAC0_IRQHandler                 
0000044f  DMA_IRQHandler                  
0000044f  Default_Handler                 
0000044f  GROUP0_IRQHandler               
0000044f  HardFault_Handler               
0000044f  I2C0_IRQHandler                 
0000044f  I2C1_IRQHandler                 
0000044f  NMI_Handler                     
0000044f  PendSV_Handler                  
0000044f  RTC_IRQHandler                  
0000044f  SPI0_IRQHandler                 
0000044f  SPI1_IRQHandler                 
0000044f  SVC_Handler                     
0000044f  TIMA0_IRQHandler                
0000044f  TIMA1_IRQHandler                
0000044f  TIMG0_IRQHandler                
0000044f  TIMG12_IRQHandler               
0000044f  TIMG6_IRQHandler                
0000044f  TIMG7_IRQHandler                
0000044f  TIMG8_IRQHandler                
0000044f  UART1_IRQHandler                
0000044f  UART2_IRQHandler                
0000044f  UART3_IRQHandler                
00000451  MEASURE_MOTORS_SPEED            
00000591  __aeabi_ddiv                    
00000591  __divdf3                        
0000069d  DL_Timer_initFourCCPWMMode      
000007a1  SetSpeed                        
0000088d  __aeabi_dmul                    
0000088d  __muldf3                        
00000971  uart0_send_speed                
00000a55  __aeabi_fsub                    
00000a55  __subsf3                        
00000a5f  __addsf3                        
00000a5f  __aeabi_fadd                    
00000b2d  GROUP1_IRQHandler               
00000c01  SYSCFG_DL_GPIO_init             
00000ca9  memcpy                          
00000d43  __aeabi_idiv0                   
00000d45  SYSCFG_DL_TB6612_PWM_init       
00000dd5  __aeabi_fmul                    
00000dd5  __mulsf3                        
00000e61  __aeabi_fdiv                    
00000e61  __divsf3                        
00000ee5  __TI_decompress_lzss            
00000f61  Uartinit                        
00000fd9  __aeabi_memcpy                  
00000fd9  __aeabi_memcpy4                 
00000fd9  __aeabi_memcpy8                 
00000fe1  __aeabi_d2f                     
00000fe1  __truncdfsf2                    
00001055  SYSCFG_DL_UART_0_init           
000010c5  __aeabi_fcmpeq                  
000010d9  __aeabi_fcmplt                  
000010ed  __aeabi_fcmple                  
00001101  __aeabi_fcmpge                  
00001115  __aeabi_fcmpgt                  
00001129  __aeabi_idiv                    
00001129  __aeabi_idivmod                 
00001181  DL_UART_init                    
000011c9  SYSCFG_DL_initPower             
00001209  __aeabi_uidiv                   
00001209  __aeabi_uidivmod                
00001249  __aeabi_f2d                     
00001249  __extendsfdf2                   
00001289  __aeabi_i2f                     
00001289  __floatsisf                     
000012c5  __gesf2                         
000012c5  __gtsf2                         
00001301  __TI_auto_init_nobinit_nopinit  
0000133d  __cmpsf2                        
0000133d  __eqsf2                         
0000133d  __lesf2                         
0000133d  __ltsf2                         
0000133d  __nesf2                         
00001379  __muldsi3                       
000013b5  SysTick_Init                    
000013ed  UART0_IRQHandler                
00001425  __aeabi_f2iz                    
00001425  __fixsfsi                       
0000145d  __aeabi_f2uiz                   
0000145d  __fixunssfsi                    
00001491  SYSCFG_DL_SYSTICK_init          
000014c1  uart0_send_string               
000014f1  __aeabi_ui2f                    
000014f1  __floatunsisf                   
00001519  _c_int00_noargs                 
00001541  DL_Timer_setCaptCompUpdateMethod
0000155d  DL_Timer_setClockConfig         
00001579  GRAPH_SENSOR_Init               
00001595  SYSCFG_DL_SYSCTL_init           
000015b1  SYSCFG_DL_init                  
000015cd  DL_Timer_setCaptureCompareOutCtl
000015e5  __TI_zero_init_nomemset         
000015fb  DL_UART_setClockConfig          
0000160d  __TI_decompress_none            
00001621  DL_Timer_setCaptureCompareValue 
00001631  SysTick_Handler                 
00001641  DL_Common_delayCycles           
0000164b  abort                           
00001650  C$$EXIT                         
00001651  HOSTexit                        
00001655  Reset_Handler                   
00001659  _system_pre_init                
0000176c  __TI_Handler_Table_Base         
00001778  __TI_Handler_Table_Limit        
00001780  __TI_CINIT_Base                 
00001790  __TI_CINIT_Limit                
00001790  __TI_CINIT_Warm                 
20200000  Measure_Distance                
20200000  __start___llvm_prf_bits         
20200000  __start___llvm_prf_cnts         
20200000  __stop___llvm_prf_bits          
20200000  __stop___llvm_prf_cnts          
20200004  Motor1_Encoder_Value            
20200008  Motor1_Lucheng                  
2020000c  Motor1_Speed                    
20200010  Motor2_Encoder_Value            
20200014  Motor2_Lucheng                  
20200018  Motor2_Speed                    
2020001c  g_pwm1                          
20200020  g_pwm2                          
2020002c  g_dir1                          
2020002d  g_dir2                          
2020002e  uart_data                       
20200030  tick_ms                         
20207e00  __stack                         
20208000  __STACK_END                     
ffffffff  __TI_pprof_out_hndl             
ffffffff  __TI_prof_data_size             
ffffffff  __TI_prof_data_start            
ffffffff  __binit__                       
ffffffff  binit                           
UNDEFED   __mpu_init                      
UNDEFED   _system_post_cinit              

[156 symbols]
