******************************************************************************
            TI ARM Clang Linker PC v4.0.4                      
******************************************************************************
>> Linked Wed Apr 22 20:25:38 2026

OUTPUT FILE NAME:   <M0G3507_TB6612_TT2.out>
ENTRY POINT SYMBOL: "_c_int00_noargs"  address: 00001489


MEMORY CONFIGURATION

         name            origin    length      used     unused   attr    fill
----------------------  --------  ---------  --------  --------  ----  --------
  FLASH                 00000000   00020000  00001710  0001e8f0  R  X
  SRAM                  20200000   00008000  00000233  00007dcd  RW X
  BCR_CONFIG            41c00000   000000ff  00000000  000000ff  R   
  BSL_CONFIG            41c00100   00000080  00000000  00000080  R   


SEGMENT ALLOCATION MAP

run origin  load origin   length   init length attrs members
----------  ----------- ---------- ----------- ----- -------
00000000    00000000    00001710   00001710    r-x
  00000000    00000000    000000c0   000000c0    r-- .intvecs
  000000c0    000000c0    00001520   00001520    r-x .text
  000015e0    000015e0    000000f8   000000f8    r-- .rodata
  000016d8    000016d8    00000038   00000038    r-- .cinit
20200000    20200000    00000034   00000000    rw-
  20200000    20200000    0000002f   00000000    rw- .data
  20200030    20200030    00000004   00000000    rw- .bss
20207e00    20207e00    00000200   00000000    rw-
  20207e00    20207e00    00000200   00000000    rw- .stack


SECTION ALLOCATION MAP

 output                                  attributes/
section   page    origin      length       input sections
--------  ----  ----------  ----------   ----------------
.intvecs   0    00000000    000000c0     
                  00000000    000000c0     startup_mspm0g350x_ticlang.o (.intvecs)

.text      0    000000c0    00001520     
                  000000c0    00000192     libclang_rt.builtins.a : adddf3.S.obj (.text.adddf3_subdf3)
                  00000252    00000002     startup_mspm0g350x_ticlang.o (.text.Default_Handler)
                  00000254    00000170     empty.o (.text.main)
                  000003c4    00000140     Encoder.o (.text.MEASURE_MOTORS_SPEED)
                  00000504    0000010c     libclang_rt.builtins.a : divdf3.S.obj (.text.__divdf3)
                  00000610    00000104     driverlib.a : dl_timer.o (.text.DL_Timer_initFourCCPWMMode)
                  00000714    000000ec     motor.o (.text.SetSpeed)
                  00000800    000000e4     libclang_rt.builtins.a : muldf3.S.obj (.text.__muldf3)
                  000008e4    000000e4     uart.o (.text.uart0_send_speed)
                  000009c8    000000d8     libclang_rt.builtins.a : addsf3.S.obj (.text)
                  00000aa0    000000d4     Encoder.o (.text.GROUP1_IRQHandler)
                  00000b74    000000a8     ti_msp_dl_config.o (.text.SYSCFG_DL_GPIO_init)
                  00000c1c    0000009a     libc.a : memcpy16.S.obj (.text:memcpy)
                  00000cb6    00000002     libclang_rt.builtins.a : aeabi_div0.c.obj (.text.__aeabi_idiv0)
                  00000cb8    00000090     ti_msp_dl_config.o (.text.SYSCFG_DL_TB6612_PWM_init)
                  00000d48    0000008c     libclang_rt.builtins.a : mulsf3.S.obj (.text.__mulsf3)
                  00000dd4    00000082                            : divsf3.S.obj (.text.__divsf3)
                  00000e56    00000002     --HOLE-- [fill = 0]
                  00000e58    0000007c     libc.a : copy_decompress_lzss.c.obj (.text:decompress:lzss)
                  00000ed4    00000078     uart.o (.text.Uartinit)
                  00000f4c    00000004     libsysbm.a : hostexit.c.obj (.text.HOSTexit)
                  00000f50    00000074     libclang_rt.builtins.a : truncdfsf2.S.obj (.text.__truncdfsf2)
                  00000fc4    00000070     ti_msp_dl_config.o (.text.SYSCFG_DL_UART_0_init)
                  00001034    00000062     libclang_rt.builtins.a : aeabi_fcmp.S.obj (.text.__aeabi_fcmp)
                  00001096    00000002     --HOLE-- [fill = 0]
                  00001098    00000056                            : aeabi_idivmod.S.obj (.text.__aeabi_idivmod)
                  000010ee    00000002     --HOLE-- [fill = 0]
                  000010f0    00000048     driverlib.a : dl_uart.o (.text.DL_UART_init)
                  00001138    00000040     ti_msp_dl_config.o (.text.SYSCFG_DL_initPower)
                  00001178    00000040     libclang_rt.builtins.a : aeabi_uidivmod.S.obj (.text.__aeabi_uidivmod)
                  000011b8    00000040                            : extendsfdf2.S.obj (.text.__extendsfdf2)
                  000011f8    0000003c                            : floatsisf.S.obj (.text.__floatsisf)
                  00001234    0000003c                            : comparesf2.S.obj (.text.__gtsf2)
                  00001270    0000003c     libc.a : autoinit.c.obj (.text:__TI_auto_init_nobinit_nopinit)
                  000012ac    0000003a     libclang_rt.builtins.a : comparesf2.S.obj (.text.__eqsf2)
                  000012e6    00000002     --HOLE-- [fill = 0]
                  000012e8    0000003a                            : muldsi3.S.obj (.text.__muldsi3)
                  00001322    00000002     --HOLE-- [fill = 0]
                  00001324    00000038     clock.o (.text.SysTick_Init)
                  0000135c    00000038     uart.o (.text.UART0_IRQHandler)
                  00001394    00000038     libclang_rt.builtins.a : fixsfsi.S.obj (.text.__fixsfsi)
                  000013cc    00000032                            : fixunssfsi.S.obj (.text.__fixunssfsi)
                  000013fe    00000002     --HOLE-- [fill = 0]
                  00001400    00000030     ti_msp_dl_config.o (.text.SYSCFG_DL_SYSTICK_init)
                  00001430    00000030     uart.o (.text.uart0_send_string)
                  00001460    00000028     libclang_rt.builtins.a : floatunsisf.S.obj (.text.__floatunsisf)
                  00001488    00000028     libc.a : boot_cortex_m.c.obj (.text:_c_int00_noargs)
                  000014b0    0000001c     driverlib.a : dl_timer.o (.text.DL_Timer_setCaptCompUpdateMethod)
                  000014cc    0000001c                 : dl_timer.o (.text.DL_Timer_setClockConfig)
                  000014e8    0000001c     graph.o (.text.GRAPH_SENSOR_Init)
                  00001504    0000001c     ti_msp_dl_config.o (.text.SYSCFG_DL_SYSCTL_init)
                  00001520    0000001c     ti_msp_dl_config.o (.text.SYSCFG_DL_init)
                  0000153c    00000018     driverlib.a : dl_timer.o (.text.DL_Timer_setCaptureCompareOutCtl)
                  00001554    00000016     libc.a : copy_zero_init.c.obj (.text:decompress:ZI:__TI_zero_init_nomemset)
                  0000156a    00000012     driverlib.a : dl_uart.o (.text.DL_UART_setClockConfig)
                  0000157c    00000012     libc.a : copy_decompress_none.c.obj (.text:decompress:none)
                  0000158e    00000002     --HOLE-- [fill = 0]
                  00001590    00000010     driverlib.a : dl_timer.o (.text.DL_Timer_setCaptureCompareValue)
                  000015a0    00000010     clock.o (.text.SysTick_Handler)
                  000015b0    0000000a     driverlib.a : dl_common.o (.text.DL_Common_delayCycles)
                  000015ba    00000002     --HOLE-- [fill = 0]
                  000015bc    00000008     libclang_rt.builtins.a : aeabi_memcpy.S.obj (.text.__aeabi_memcpy)
                  000015c4    00000006     libc.a : exit.c.obj (.text:abort)
                  000015ca    00000004     startup_mspm0g350x_ticlang.o (.text.Reset_Handler)
                  000015ce    00000004     libc.a : pre_init.c.obj (.text._system_pre_init)
                  000015d2    0000000e     --HOLE-- [fill = 0]

.cinit     0    000016d8    00000038     
                  000016d8    00000012     (.cinit..data.load) [load image, compression = lzss]
                  000016ea    00000002     --HOLE-- [fill = 0]
                  000016ec    0000000c     (__TI_handler_table)
                  000016f8    00000008     (.cinit..bss.load) [load image, compression = zero_init]
                  00001700    00000010     (__TI_cinit_table)

.rodata    0    000015e0    000000f8     
                  000015e0    0000001b     empty.o (.rodata.str1.11898133897667081452.1)
                  000015fb    0000001b     empty.o (.rodata.str1.9517790425240694019.1)
                  00001616    00000017     empty.o (.rodata.str1.15706828512682300538.1)
                  0000162d    00000016     empty.o (.rodata.str1.150872071346279890.1)
                  00001643    00000014     empty.o (.rodata.str1.17669528882079347314.1)
                  00001657    00000013     empty.o (.rodata.str1.16704889451495720520.1)
                  0000166a    00000012     empty.o (.rodata.str1.254342170260855183.1)
                  0000167c    00000011     empty.o (.rodata.str1.14685083708502177989.1)
                  0000168d    00000011     empty.o (.rodata.str1.7401042497206923953.1)
                  0000169e    0000000e     uart.o (.rodata.str1.14464947116831474962.1)
                  000016ac    0000000a     ti_msp_dl_config.o (.rodata.gUART_0Config)
                  000016b6    00000002     ti_msp_dl_config.o (.rodata.gUART_0ClockConfig)
                  000016b8    00000008     ti_msp_dl_config.o (.rodata.gTB6612_PWMConfig)
                  000016c0    00000006     empty.o (.rodata.str1.2196762768037919588.1)
                  000016c6    00000005     empty.o (.rodata.str1.17686411042290499047.1)
                  000016cb    00000005     empty.o (.rodata.str1.9410084661655729462.1)
                  000016d0    00000003     ti_msp_dl_config.o (.rodata.gTB6612_PWMClockConfig)
                  000016d3    00000003     empty.o (.rodata.str1.7386103758396746866.1)
                  000016d6    00000002     --HOLE-- [fill = 0]

.init_array 
*          0    00000000    00000000     UNINITIALIZED

.binit     0    00000000    00000000     

.data      0    20200000    0000002f     UNINITIALIZED
                  20200000    00000004     Encoder.o (.data.Measure_Distance)
                  20200004    00000004     Encoder.o (.data.Motor1_Encoder_Value)
                  20200008    00000004     Encoder.o (.data.Motor1_Lucheng)
                  2020000c    00000004     Encoder.o (.data.Motor1_Speed)
                  20200010    00000004     Encoder.o (.data.Motor2_Encoder_Value)
                  20200014    00000004     Encoder.o (.data.Motor2_Lucheng)
                  20200018    00000004     Encoder.o (.data.Motor2_Speed)
                  2020001c    00000004     motor.o (.data.g_pwm1)
                  20200020    00000004     motor.o (.data.g_pwm2)
                  20200024    00000004     empty.o (.data.main.last_measure)
                  20200028    00000004     empty.o (.data.main.last_uart)
                  2020002c    00000001     motor.o (.data.g_dir1)
                  2020002d    00000001     motor.o (.data.g_dir2)
                  2020002e    00000001     uart.o (.data.uart_data)

.bss       0    20200030    00000004     UNINITIALIZED
                  20200030    00000004     (.common:tick_ms)

.stack     0    20207e00    00000200     UNINITIALIZED
                  20207e00    00000004     libc.a : boot_cortex_m.c.obj (.stack)
                  20207e04    000001fc     --HOLE--

__llvm_prf_cnts 
*          0    20200000    00000000     UNINITIALIZED

__llvm_prf_bits 
*          0    20200000    00000000     UNINITIALIZED

MODULE SUMMARY

       Module                         code   ro data   rw data
       ------                         ----   -------   -------
    .\
       ti_msp_dl_config.o             592    23        0      
       empty.o                        368    209       8      
       startup_mspm0g350x_ticlang.o   6      192       0      
    +--+------------------------------+------+---------+---------+
       Total:                         966    424       8      
                                                              
    .\Encoder\
       Encoder.o                      532    0         28     
    +--+------------------------------+------+---------+---------+
       Total:                         532    0         28     
                                                              
    .\GRAPH\
       graph.o                        28     0         0      
    +--+------------------------------+------+---------+---------+
       Total:                         28     0         0      
                                                              
    .\Motor\
       motor.o                        236    0         10     
    +--+------------------------------+------+---------+---------+
       Total:                         236    0         10     
                                                              
    .\Uart\
       uart.o                         452    14        1      
    +--+------------------------------+------+---------+---------+
       Total:                         452    14        1      
                                                              
    .\clock\
       clock.o                        72     0         4      
    +--+------------------------------+------+---------+---------+
       Total:                         72     0         4      
                                                              
    C:/ti/mspm0_sdk_2_10_00_04/source/ti/driverlib/lib/ticlang/m0p/mspm0g1x0x_g3x0x/driverlib.a
       dl_timer.o                     356    0         0      
       dl_uart.o                      90     0         0      
       dl_common.o                    10     0         0      
    +--+------------------------------+------+---------+---------+
       Total:                         456    0         0      
                                                              
    D:\Study\DianSai\M0_software_info\CCS Theia\ccs\tools\compiler\ti-cgt-armllvm_4.0.4.LTS\lib\armv6m-ti-none-eabi/c/libc.a
       memcpy16.S.obj                 154    0         0      
       copy_decompress_lzss.c.obj     124    0         0      
       autoinit.c.obj                 60     0         0      
       boot_cortex_m.c.obj            40     0         0      
       copy_zero_init.c.obj           22     0         0      
       copy_decompress_none.c.obj     18     0         0      
       exit.c.obj                     6      0         0      
       pre_init.c.obj                 4      0         0      
    +--+------------------------------+------+---------+---------+
       Total:                         428    0         0      
                                                              
    D:\Study\DianSai\M0_software_info\CCS Theia\ccs\tools\compiler\ti-cgt-armllvm_4.0.4.LTS\lib\armv6m-ti-none-eabi/c/libsysbm.a
       hostexit.c.obj                 4      0         0      
    +--+------------------------------+------+---------+---------+
       Total:                         4      0         0      
                                                              
    D:\Study\DianSai\M0_software_info\CCS Theia\ccs\tools\compiler\ti-cgt-armllvm_4.0.4.LTS\lib\armv6m-ti-none-eabi/libclang_rt.builtins.a
       adddf3.S.obj                   402    0         0      
       divdf3.S.obj                   268    0         0      
       muldf3.S.obj                   228    0         0      
       addsf3.S.obj                   216    0         0      
       mulsf3.S.obj                   140    0         0      
       divsf3.S.obj                   130    0         0      
       comparesf2.S.obj               118    0         0      
       truncdfsf2.S.obj               116    0         0      
       aeabi_fcmp.S.obj               98     0         0      
       aeabi_idivmod.S.obj            86     0         0      
       aeabi_uidivmod.S.obj           64     0         0      
       extendsfdf2.S.obj              64     0         0      
       floatsisf.S.obj                60     0         0      
       muldsi3.S.obj                  58     0         0      
       fixsfsi.S.obj                  56     0         0      
       fixunssfsi.S.obj               50     0         0      
       floatunsisf.S.obj              40     0         0      
       aeabi_memcpy.S.obj             8      0         0      
       aeabi_div0.c.obj               2      0         0      
    +--+------------------------------+------+---------+---------+
       Total:                         2204   0         0      
                                                              
       Stack:                         0      0         512    
       Linker Generated:              0      54        0      
    +--+------------------------------+------+---------+---------+
       Grand Total:                   5378   492       563    


LINKER GENERATED COPY TABLES

__TI_cinit_table @ 00001700 records: 2, size/record: 8, table size: 16
	.data: load addr=000016d8, load size=00000012 bytes, run addr=20200000, run size=0000002f bytes, compression=lzss
	.bss: load addr=000016f8, load size=00000008 bytes, run addr=20200030, run size=00000004 bytes, compression=zero_init


LINKER GENERATED HANDLER TABLE

__TI_handler_table @ 000016ec records: 3, size/record: 4, table size: 12
	index: 0, handler: __TI_decompress_lzss
	index: 1, handler: __TI_decompress_none
	index: 2, handler: __TI_zero_init


GLOBAL SYMBOLS: SORTED ALPHABETICALLY BY Name 

address   name                            
-------   ----                            
00000253  ADC0_IRQHandler                 
00000253  ADC1_IRQHandler                 
00000253  AES_IRQHandler                  
00000f4c  C$$EXIT                         
00000253  CANFD0_IRQHandler               
00000253  DAC0_IRQHandler                 
000015b1  DL_Common_delayCycles           
00000611  DL_Timer_initFourCCPWMMode      
000014b1  DL_Timer_setCaptCompUpdateMethod
0000153d  DL_Timer_setCaptureCompareOutCtl
00001591  DL_Timer_setCaptureCompareValue 
000014cd  DL_Timer_setClockConfig         
000010f1  DL_UART_init                    
0000156b  DL_UART_setClockConfig          
00000253  DMA_IRQHandler                  
00000253  Default_Handler                 
000014e9  GRAPH_SENSOR_Init               
00000253  GROUP0_IRQHandler               
00000aa1  GROUP1_IRQHandler               
00000f4d  HOSTexit                        
00000253  HardFault_Handler               
00000253  I2C0_IRQHandler                 
00000253  I2C1_IRQHandler                 
000003c5  MEASURE_MOTORS_SPEED            
20200000  Measure_Distance                
20200004  Motor1_Encoder_Value            
20200008  Motor1_Lucheng                  
2020000c  Motor1_Speed                    
20200010  Motor2_Encoder_Value            
20200014  Motor2_Lucheng                  
20200018  Motor2_Speed                    
00000253  NMI_Handler                     
00000253  PendSV_Handler                  
00000253  RTC_IRQHandler                  
000015cb  Reset_Handler                   
00000253  SPI0_IRQHandler                 
00000253  SPI1_IRQHandler                 
00000253  SVC_Handler                     
00000b75  SYSCFG_DL_GPIO_init             
00001505  SYSCFG_DL_SYSCTL_init           
00001401  SYSCFG_DL_SYSTICK_init          
00000cb9  SYSCFG_DL_TB6612_PWM_init       
00000fc5  SYSCFG_DL_UART_0_init           
00001521  SYSCFG_DL_init                  
00001139  SYSCFG_DL_initPower             
00000715  SetSpeed                        
000015a1  SysTick_Handler                 
00001325  SysTick_Init                    
00000253  TIMA0_IRQHandler                
00000253  TIMA1_IRQHandler                
00000253  TIMG0_IRQHandler                
00000253  TIMG12_IRQHandler               
00000253  TIMG6_IRQHandler                
00000253  TIMG7_IRQHandler                
00000253  TIMG8_IRQHandler                
0000135d  UART0_IRQHandler                
00000253  UART1_IRQHandler                
00000253  UART2_IRQHandler                
00000253  UART3_IRQHandler                
00000ed5  Uartinit                        
20208000  __STACK_END                     
00000200  __STACK_SIZE                    
00000000  __TI_ATRegion0_region_sz        
00000000  __TI_ATRegion0_src_addr         
00000000  __TI_ATRegion0_trg_addr         
00000000  __TI_ATRegion1_region_sz        
00000000  __TI_ATRegion1_src_addr         
00000000  __TI_ATRegion1_trg_addr         
00000000  __TI_ATRegion2_region_sz        
00000000  __TI_ATRegion2_src_addr         
00000000  __TI_ATRegion2_trg_addr         
00001700  __TI_CINIT_Base                 
00001710  __TI_CINIT_Limit                
00001710  __TI_CINIT_Warm                 
000016ec  __TI_Handler_Table_Base         
000016f8  __TI_Handler_Table_Limit        
00001271  __TI_auto_init_nobinit_nopinit  
00000e59  __TI_decompress_lzss            
0000157d  __TI_decompress_none            
ffffffff  __TI_pprof_out_hndl             
ffffffff  __TI_prof_data_size             
ffffffff  __TI_prof_data_start            
00000000  __TI_static_base__              
00001555  __TI_zero_init_nomemset         
000000cb  __adddf3                        
000009d3  __addsf3                        
00000f51  __aeabi_d2f                     
000000cb  __aeabi_dadd                    
00000505  __aeabi_ddiv                    
00000801  __aeabi_dmul                    
000000c1  __aeabi_dsub                    
000011b9  __aeabi_f2d                     
00001395  __aeabi_f2iz                    
000013cd  __aeabi_f2uiz                   
000009d3  __aeabi_fadd                    
00001035  __aeabi_fcmpeq                  
00001071  __aeabi_fcmpge                  
00001085  __aeabi_fcmpgt                  
0000105d  __aeabi_fcmple                  
00001049  __aeabi_fcmplt                  
00000dd5  __aeabi_fdiv                    
00000d49  __aeabi_fmul                    
000009c9  __aeabi_fsub                    
000011f9  __aeabi_i2f                     
00001099  __aeabi_idiv                    
00000cb7  __aeabi_idiv0                   
00001099  __aeabi_idivmod                 
000015bd  __aeabi_memcpy                  
000015bd  __aeabi_memcpy4                 
000015bd  __aeabi_memcpy8                 
00001461  __aeabi_ui2f                    
00001179  __aeabi_uidiv                   
00001179  __aeabi_uidivmod                
ffffffff  __binit__                       
000012ad  __cmpsf2                        
00000505  __divdf3                        
00000dd5  __divsf3                        
000012ad  __eqsf2                         
000011b9  __extendsfdf2                   
00001395  __fixsfsi                       
000013cd  __fixunssfsi                    
000011f9  __floatsisf                     
00001461  __floatunsisf                   
00001235  __gesf2                         
00001235  __gtsf2                         
000012ad  __lesf2                         
000012ad  __ltsf2                         
UNDEFED   __mpu_init                      
00000801  __muldf3                        
000012e9  __muldsi3                       
00000d49  __mulsf3                        
000012ad  __nesf2                         
20207e00  __stack                         
20200000  __start___llvm_prf_bits         
20200000  __start___llvm_prf_cnts         
20200000  __stop___llvm_prf_bits          
20200000  __stop___llvm_prf_cnts          
000000c1  __subdf3                        
000009c9  __subsf3                        
00000f51  __truncdfsf2                    
00001489  _c_int00_noargs                 
UNDEFED   _system_post_cinit              
000015cf  _system_pre_init                
000015c5  abort                           
ffffffff  binit                           
2020002c  g_dir1                          
2020002d  g_dir2                          
2020001c  g_pwm1                          
20200020  g_pwm2                          
00000000  interruptVectors                
00000255  main                            
00000c1d  memcpy                          
20200030  tick_ms                         
000008e5  uart0_send_speed                
00001431  uart0_send_string               
2020002e  uart_data                       


GLOBAL SYMBOLS: SORTED BY Symbol Address 

address   name                            
-------   ----                            
00000000  __TI_ATRegion0_region_sz        
00000000  __TI_ATRegion0_src_addr         
00000000  __TI_ATRegion0_trg_addr         
00000000  __TI_ATRegion1_region_sz        
00000000  __TI_ATRegion1_src_addr         
00000000  __TI_ATRegion1_trg_addr         
00000000  __TI_ATRegion2_region_sz        
00000000  __TI_ATRegion2_src_addr         
00000000  __TI_ATRegion2_trg_addr         
00000000  __TI_static_base__              
00000000  interruptVectors                
000000c1  __aeabi_dsub                    
000000c1  __subdf3                        
000000cb  __adddf3                        
000000cb  __aeabi_dadd                    
00000200  __STACK_SIZE                    
00000253  ADC0_IRQHandler                 
00000253  ADC1_IRQHandler                 
00000253  AES_IRQHandler                  
00000253  CANFD0_IRQHandler               
00000253  DAC0_IRQHandler                 
00000253  DMA_IRQHandler                  
00000253  Default_Handler                 
00000253  GROUP0_IRQHandler               
00000253  HardFault_Handler               
00000253  I2C0_IRQHandler                 
00000253  I2C1_IRQHandler                 
00000253  NMI_Handler                     
00000253  PendSV_Handler                  
00000253  RTC_IRQHandler                  
00000253  SPI0_IRQHandler                 
00000253  SPI1_IRQHandler                 
00000253  SVC_Handler                     
00000253  TIMA0_IRQHandler                
00000253  TIMA1_IRQHandler                
00000253  TIMG0_IRQHandler                
00000253  TIMG12_IRQHandler               
00000253  TIMG6_IRQHandler                
00000253  TIMG7_IRQHandler                
00000253  TIMG8_IRQHandler                
00000253  UART1_IRQHandler                
00000253  UART2_IRQHandler                
00000253  UART3_IRQHandler                
00000255  main                            
000003c5  MEASURE_MOTORS_SPEED            
00000505  __aeabi_ddiv                    
00000505  __divdf3                        
00000611  DL_Timer_initFourCCPWMMode      
00000715  SetSpeed                        
00000801  __aeabi_dmul                    
00000801  __muldf3                        
000008e5  uart0_send_speed                
000009c9  __aeabi_fsub                    
000009c9  __subsf3                        
000009d3  __addsf3                        
000009d3  __aeabi_fadd                    
00000aa1  GROUP1_IRQHandler               
00000b75  SYSCFG_DL_GPIO_init             
00000c1d  memcpy                          
00000cb7  __aeabi_idiv0                   
00000cb9  SYSCFG_DL_TB6612_PWM_init       
00000d49  __aeabi_fmul                    
00000d49  __mulsf3                        
00000dd5  __aeabi_fdiv                    
00000dd5  __divsf3                        
00000e59  __TI_decompress_lzss            
00000ed5  Uartinit                        
00000f4c  C$$EXIT                         
00000f4d  HOSTexit                        
00000f51  __aeabi_d2f                     
00000f51  __truncdfsf2                    
00000fc5  SYSCFG_DL_UART_0_init           
00001035  __aeabi_fcmpeq                  
00001049  __aeabi_fcmplt                  
0000105d  __aeabi_fcmple                  
00001071  __aeabi_fcmpge                  
00001085  __aeabi_fcmpgt                  
00001099  __aeabi_idiv                    
00001099  __aeabi_idivmod                 
000010f1  DL_UART_init                    
00001139  SYSCFG_DL_initPower             
00001179  __aeabi_uidiv                   
00001179  __aeabi_uidivmod                
000011b9  __aeabi_f2d                     
000011b9  __extendsfdf2                   
000011f9  __aeabi_i2f                     
000011f9  __floatsisf                     
00001235  __gesf2                         
00001235  __gtsf2                         
00001271  __TI_auto_init_nobinit_nopinit  
000012ad  __cmpsf2                        
000012ad  __eqsf2                         
000012ad  __lesf2                         
000012ad  __ltsf2                         
000012ad  __nesf2                         
000012e9  __muldsi3                       
00001325  SysTick_Init                    
0000135d  UART0_IRQHandler                
00001395  __aeabi_f2iz                    
00001395  __fixsfsi                       
000013cd  __aeabi_f2uiz                   
000013cd  __fixunssfsi                    
00001401  SYSCFG_DL_SYSTICK_init          
00001431  uart0_send_string               
00001461  __aeabi_ui2f                    
00001461  __floatunsisf                   
00001489  _c_int00_noargs                 
000014b1  DL_Timer_setCaptCompUpdateMethod
000014cd  DL_Timer_setClockConfig         
000014e9  GRAPH_SENSOR_Init               
00001505  SYSCFG_DL_SYSCTL_init           
00001521  SYSCFG_DL_init                  
0000153d  DL_Timer_setCaptureCompareOutCtl
00001555  __TI_zero_init_nomemset         
0000156b  DL_UART_setClockConfig          
0000157d  __TI_decompress_none            
00001591  DL_Timer_setCaptureCompareValue 
000015a1  SysTick_Handler                 
000015b1  DL_Common_delayCycles           
000015bd  __aeabi_memcpy                  
000015bd  __aeabi_memcpy4                 
000015bd  __aeabi_memcpy8                 
000015c5  abort                           
000015cb  Reset_Handler                   
000015cf  _system_pre_init                
000016ec  __TI_Handler_Table_Base         
000016f8  __TI_Handler_Table_Limit        
00001700  __TI_CINIT_Base                 
00001710  __TI_CINIT_Limit                
00001710  __TI_CINIT_Warm                 
20200000  Measure_Distance                
20200000  __start___llvm_prf_bits         
20200000  __start___llvm_prf_cnts         
20200000  __stop___llvm_prf_bits          
20200000  __stop___llvm_prf_cnts          
20200004  Motor1_Encoder_Value            
20200008  Motor1_Lucheng                  
2020000c  Motor1_Speed                    
20200010  Motor2_Encoder_Value            
20200014  Motor2_Lucheng                  
20200018  Motor2_Speed                    
2020001c  g_pwm1                          
20200020  g_pwm2                          
2020002c  g_dir1                          
2020002d  g_dir2                          
2020002e  uart_data                       
20200030  tick_ms                         
20207e00  __stack                         
20208000  __STACK_END                     
ffffffff  __TI_pprof_out_hndl             
ffffffff  __TI_prof_data_size             
ffffffff  __TI_prof_data_start            
ffffffff  __binit__                       
ffffffff  binit                           
UNDEFED   __mpu_init                      
UNDEFED   _system_post_cinit              

[156 symbols]
