******************************************************************************
            TI ARM Clang Linker PC v4.0.4                      
******************************************************************************
>> Linked Wed Apr 22 23:52:11 2026

OUTPUT FILE NAME:   <M0G3507_TB6612_TT2.out>
ENTRY POINT SYMBOL: "_c_int00_noargs"  address: 0000168d


MEMORY CONFIGURATION

         name            origin    length      used     unused   attr    fill
----------------------  --------  ---------  --------  --------  ----  --------
  FLASH                 00000000   00020000  00001850  0001e7b0  R  X
  SRAM                  20200000   00008000  00000293  00007d6d  RW X
  BCR_CONFIG            41c00000   000000ff  00000000  000000ff  R   
  BSL_CONFIG            41c00100   00000080  00000000  00000080  R   


SEGMENT ALLOCATION MAP

run origin  load origin   length   init length attrs members
----------  ----------- ---------- ----------- ----- -------
00000000    00000000    00001850   00001850    r-x
  00000000    00000000    000000c0   000000c0    r-- .intvecs
  000000c0    000000c0    00001730   00001730    r-x .text
  000017f0    000017f0    00000028   00000028    r-- .rodata
  00001818    00001818    00000038   00000038    r-- .cinit
20200000    20200000    00000093   00000000    rw-
  20200000    20200000    00000064   00000000    rw- .bss
  20200064    20200064    0000002f   00000000    rw- .data
20207e00    20207e00    00000200   00000000    rw-
  20207e00    20207e00    00000200   00000000    rw- .stack


SECTION ALLOCATION MAP

 output                                  attributes/
section   page    origin      length       input sections
--------  ----  ----------  ----------   ----------------
.intvecs   0    00000000    000000c0     
                  00000000    000000c0     startup_mspm0g350x_ticlang.o (.intvecs)

.text      0    000000c0    00001730     
                  000000c0    000001a8     uart.o (.text.uart0_send_float)
                  00000268    00000192     libclang_rt.builtins.a : adddf3.S.obj (.text.adddf3_subdf3)
                  000003fa    00000002     startup_mspm0g350x_ticlang.o (.text.Default_Handler)
                  000003fc    00000140     Encoder.o (.text.MEASURE_MOTORS_SPEED)
                  0000053c    00000124     empty.o (.text.main)
                  00000660    0000011c     motor.o (.text.SetSpeed)
                  0000077c    0000010c     libclang_rt.builtins.a : divdf3.S.obj (.text.__divdf3)
                  00000888    00000104     driverlib.a : dl_timer.o (.text.DL_Timer_initFourCCPWMMode)
                  0000098c    00000100     motor.o (.text.Motor_Init)
                  00000a8c    000000e4     libclang_rt.builtins.a : muldf3.S.obj (.text.__muldf3)
                  00000b70    000000d8                            : addsf3.S.obj (.text)
                  00000c48    000000d4     Encoder.o (.text.GROUP1_IRQHandler)
                  00000d1c    000000a8     ti_msp_dl_config.o (.text.SYSCFG_DL_GPIO_init)
                  00000dc4    0000009a     libc.a : memcpy16.S.obj (.text:memcpy)
                  00000e5e    00000002     libclang_rt.builtins.a : aeabi_div0.c.obj (.text.__aeabi_idiv0)
                  00000e60    00000090     ti_msp_dl_config.o (.text.SYSCFG_DL_TB6612_PWM_init)
                  00000ef0    0000008c     libclang_rt.builtins.a : mulsf3.S.obj (.text.__mulsf3)
                  00000f7c    00000082                            : divsf3.S.obj (.text.__divsf3)
                  00000ffe    00000002     --HOLE-- [fill = 0]
                  00001000    0000007c     libc.a : copy_decompress_lzss.c.obj (.text:decompress:lzss)
                  0000107c    00000078     uart.o (.text.Uartinit)
                  000010f4    0000000a     driverlib.a : dl_common.o (.text.DL_Common_delayCycles)
                  000010fe    00000002     --HOLE-- [fill = 0]
                  00001100    00000074     libclang_rt.builtins.a : truncdfsf2.S.obj (.text.__truncdfsf2)
                  00001174    00000070     ti_msp_dl_config.o (.text.SYSCFG_DL_UART_0_init)
                  000011e4    00000070     uart.o (.text.uart0_send_vofa)
                  00001254    0000006c     pid.o (.text.PID_Calc_Incremental)
                  000012c0    00000062     libclang_rt.builtins.a : aeabi_fcmp.S.obj (.text.__aeabi_fcmp)
                  00001322    00000002     --HOLE-- [fill = 0]
                  00001324    00000048     driverlib.a : dl_uart.o (.text.DL_UART_init)
                  0000136c    00000040     ti_msp_dl_config.o (.text.SYSCFG_DL_initPower)
                  000013ac    00000040     libclang_rt.builtins.a : aeabi_uidivmod.S.obj (.text.__aeabi_uidivmod)
                  000013ec    00000040                            : extendsfdf2.S.obj (.text.__extendsfdf2)
                  0000142c    0000003c                            : floatsisf.S.obj (.text.__floatsisf)
                  00001468    0000003c                            : comparesf2.S.obj (.text.__gtsf2)
                  000014a4    0000003c     libc.a : autoinit.c.obj (.text:__TI_auto_init_nobinit_nopinit)
                  000014e0    0000003a     libclang_rt.builtins.a : comparesf2.S.obj (.text.__eqsf2)
                  0000151a    00000002     --HOLE-- [fill = 0]
                  0000151c    0000003a                            : muldsi3.S.obj (.text.__muldsi3)
                  00001556    00000002     --HOLE-- [fill = 0]
                  00001558    00000038     clock.o (.text.SysTick_Init)
                  00001590    00000038     uart.o (.text.UART0_IRQHandler)
                  000015c8    00000038     libclang_rt.builtins.a : fixsfsi.S.obj (.text.__fixsfsi)
                  00001600    00000032                            : fixunssfsi.S.obj (.text.__fixunssfsi)
                  00001632    00000002     --HOLE-- [fill = 0]
                  00001634    00000030     ti_msp_dl_config.o (.text.SYSCFG_DL_SYSTICK_init)
                  00001664    00000028     libclang_rt.builtins.a : floatunsisf.S.obj (.text.__floatunsisf)
                  0000168c    00000028     libc.a : boot_cortex_m.c.obj (.text:_c_int00_noargs)
                  000016b4    0000001c     driverlib.a : dl_timer.o (.text.DL_Timer_setCaptCompUpdateMethod)
                  000016d0    0000001c                 : dl_timer.o (.text.DL_Timer_setClockConfig)
                  000016ec    0000001c     graph.o (.text.GRAPH_SENSOR_Init)
                  00001708    0000001c     ti_msp_dl_config.o (.text.SYSCFG_DL_SYSCTL_init)
                  00001724    0000001c     ti_msp_dl_config.o (.text.SYSCFG_DL_init)
                  00001740    00000018     driverlib.a : dl_timer.o (.text.DL_Timer_setCaptureCompareOutCtl)
                  00001758    00000016     pid.o (.text.PID_Init)
                  0000176e    00000016     libc.a : copy_zero_init.c.obj (.text:decompress:ZI:__TI_zero_init_nomemset)
                  00001784    00000012     driverlib.a : dl_uart.o (.text.DL_UART_setClockConfig)
                  00001796    00000012     libc.a : copy_decompress_none.c.obj (.text:decompress:none)
                  000017a8    00000010     driverlib.a : dl_timer.o (.text.DL_Timer_setCaptureCompareValue)
                  000017b8    00000010     clock.o (.text.SysTick_Handler)
                  000017c8    00000008     libclang_rt.builtins.a : aeabi_memcpy.S.obj (.text.__aeabi_memcpy)
                  000017d0    00000006     libc.a : exit.c.obj (.text:abort)
                  000017d6    00000004     libsysbm.a : hostexit.c.obj (.text.HOSTexit)
                  000017da    00000004     startup_mspm0g350x_ticlang.o (.text.Reset_Handler)
                  000017de    00000004     libc.a : pre_init.c.obj (.text._system_pre_init)
                  000017e2    0000000e     --HOLE-- [fill = 0]

.cinit     0    00001818    00000038     
                  00001818    00000012     (.cinit..data.load) [load image, compression = lzss]
                  0000182a    00000002     --HOLE-- [fill = 0]
                  0000182c    0000000c     (__TI_handler_table)
                  00001838    00000008     (.cinit..bss.load) [load image, compression = zero_init]
                  00001840    00000010     (__TI_cinit_table)

.rodata    0    000017f0    00000028     
                  000017f0    0000000e     uart.o (.rodata.str1.14464947116831474962.1)
                  000017fe    0000000a     ti_msp_dl_config.o (.rodata.gUART_0Config)
                  00001808    00000008     ti_msp_dl_config.o (.rodata.gTB6612_PWMConfig)
                  00001810    00000003     ti_msp_dl_config.o (.rodata.gTB6612_PWMClockConfig)
                  00001813    00000002     ti_msp_dl_config.o (.rodata.gUART_0ClockConfig)
                  00001815    00000003     --HOLE-- [fill = 0]

.init_array 
*          0    00000000    00000000     UNINITIALIZED

.binit     0    00000000    00000000     

.bss       0    20200000    00000064     UNINITIALIZED
                  20200000    00000030     (.common:pid_motor1)
                  20200030    00000030     (.common:pid_motor2)
                  20200060    00000004     (.common:tick_ms)

.data      0    20200064    0000002f     UNINITIALIZED
                  20200064    00000004     Encoder.o (.data.Measure_Distance)
                  20200068    00000004     Encoder.o (.data.Motor1_Encoder_Value)
                  2020006c    00000004     Encoder.o (.data.Motor1_Lucheng)
                  20200070    00000004     Encoder.o (.data.Motor1_Speed)
                  20200074    00000004     Encoder.o (.data.Motor2_Encoder_Value)
                  20200078    00000004     Encoder.o (.data.Motor2_Lucheng)
                  2020007c    00000004     Encoder.o (.data.Motor2_Speed)
                  20200080    00000004     motor.o (.data.g_pwm1)
                  20200084    00000004     motor.o (.data.g_pwm2)
                  20200088    00000004     empty.o (.data.main.last_measure)
                  2020008c    00000004     empty.o (.data.main.last_uart)
                  20200090    00000001     motor.o (.data.g_dir1)
                  20200091    00000001     motor.o (.data.g_dir2)
                  20200092    00000001     uart.o (.data.uart_data)

.stack     0    20207e00    00000200     UNINITIALIZED
                  20207e00    00000004     libc.a : boot_cortex_m.c.obj (.stack)
                  20207e04    000001fc     --HOLE--

__llvm_prf_cnts 
*          0    20200000    00000000     UNINITIALIZED

__llvm_prf_bits 
*          0    20200000    00000000     UNINITIALIZED

MODULE SUMMARY

       Module                         code   ro data   rw data
       ------                         ----   -------   -------
    .\
       ti_msp_dl_config.o             592    23        0      
       empty.o                        292    0         8      
       startup_mspm0g350x_ticlang.o   6      192       0      
    +--+------------------------------+------+---------+---------+
       Total:                         890    215       8      
                                                              
    .\Encoder\
       Encoder.o                      532    0         28     
    +--+------------------------------+------+---------+---------+
       Total:                         532    0         28     
                                                              
    .\GRAPH\
       graph.o                        28     0         0      
    +--+------------------------------+------+---------+---------+
       Total:                         28     0         0      
                                                              
    .\Motor\
       motor.o                        540    0         106    
    +--+------------------------------+------+---------+---------+
       Total:                         540    0         106    
                                                              
    .\PID\
       pid.o                          130    0         0      
    +--+------------------------------+------+---------+---------+
       Total:                         130    0         0      
                                                              
    .\Uart\
       uart.o                         712    14        1      
    +--+------------------------------+------+---------+---------+
       Total:                         712    14        1      
                                                              
    .\clock\
       clock.o                        72     0         4      
    +--+------------------------------+------+---------+---------+
       Total:                         72     0         4      
                                                              
    C:/ti/mspm0_sdk_2_10_00_04/source/ti/driverlib/lib/ticlang/m0p/mspm0g1x0x_g3x0x/driverlib.a
       dl_timer.o                     356    0         0      
       dl_uart.o                      90     0         0      
       dl_common.o                    10     0         0      
    +--+------------------------------+------+---------+---------+
       Total:                         456    0         0      
                                                              
    D:\Study\DianSai\M0_software_info\CCS Theia\ccs\tools\compiler\ti-cgt-armllvm_4.0.4.LTS\lib\armv6m-ti-none-eabi/c/libc.a
       memcpy16.S.obj                 154    0         0      
       copy_decompress_lzss.c.obj     124    0         0      
       autoinit.c.obj                 60     0         0      
       boot_cortex_m.c.obj            40     0         0      
       copy_zero_init.c.obj           22     0         0      
       copy_decompress_none.c.obj     18     0         0      
       exit.c.obj                     6      0         0      
       pre_init.c.obj                 4      0         0      
    +--+------------------------------+------+---------+---------+
       Total:                         428    0         0      
                                                              
    D:\Study\DianSai\M0_software_info\CCS Theia\ccs\tools\compiler\ti-cgt-armllvm_4.0.4.LTS\lib\armv6m-ti-none-eabi/c/libsysbm.a
       hostexit.c.obj                 4      0         0      
    +--+------------------------------+------+---------+---------+
       Total:                         4      0         0      
                                                              
    D:\Study\DianSai\M0_software_info\CCS Theia\ccs\tools\compiler\ti-cgt-armllvm_4.0.4.LTS\lib\armv6m-ti-none-eabi/libclang_rt.builtins.a
       adddf3.S.obj                   402    0         0      
       divdf3.S.obj                   268    0         0      
       muldf3.S.obj                   228    0         0      
       addsf3.S.obj                   216    0         0      
       mulsf3.S.obj                   140    0         0      
       divsf3.S.obj                   130    0         0      
       comparesf2.S.obj               118    0         0      
       truncdfsf2.S.obj               116    0         0      
       aeabi_fcmp.S.obj               98     0         0      
       aeabi_uidivmod.S.obj           64     0         0      
       extendsfdf2.S.obj              64     0         0      
       floatsisf.S.obj                60     0         0      
       muldsi3.S.obj                  58     0         0      
       fixsfsi.S.obj                  56     0         0      
       fixunssfsi.S.obj               50     0         0      
       floatunsisf.S.obj              40     0         0      
       aeabi_memcpy.S.obj             8      0         0      
       aeabi_div0.c.obj               2      0         0      
    +--+------------------------------+------+---------+---------+
       Total:                         2118   0         0      
                                                              
       Stack:                         0      0         512    
       Linker Generated:              0      54        0      
    +--+------------------------------+------+---------+---------+
       Grand Total:                   5910   283       659    


LINKER GENERATED COPY TABLES

__TI_cinit_table @ 00001840 records: 2, size/record: 8, table size: 16
	.data: load addr=00001818, load size=00000012 bytes, run addr=20200064, run size=0000002f bytes, compression=lzss
	.bss: load addr=00001838, load size=00000008 bytes, run addr=20200000, run size=00000064 bytes, compression=zero_init


LINKER GENERATED HANDLER TABLE

__TI_handler_table @ 0000182c records: 3, size/record: 4, table size: 12
	index: 0, handler: __TI_decompress_lzss
	index: 1, handler: __TI_decompress_none
	index: 2, handler: __TI_zero_init


GLOBAL SYMBOLS: SORTED ALPHABETICALLY BY Name 

address   name                            
-------   ----                            
000003fb  ADC0_IRQHandler                 
000003fb  ADC1_IRQHandler                 
000003fb  AES_IRQHandler                  
000017d6  C$$EXIT                         
000003fb  CANFD0_IRQHandler               
000003fb  DAC0_IRQHandler                 
000010f5  DL_Common_delayCycles           
00000889  DL_Timer_initFourCCPWMMode      
000016b5  DL_Timer_setCaptCompUpdateMethod
00001741  DL_Timer_setCaptureCompareOutCtl
000017a9  DL_Timer_setCaptureCompareValue 
000016d1  DL_Timer_setClockConfig         
00001325  DL_UART_init                    
00001785  DL_UART_setClockConfig          
000003fb  DMA_IRQHandler                  
000003fb  Default_Handler                 
000016ed  GRAPH_SENSOR_Init               
000003fb  GROUP0_IRQHandler               
00000c49  GROUP1_IRQHandler               
000017d7  HOSTexit                        
000003fb  HardFault_Handler               
000003fb  I2C0_IRQHandler                 
000003fb  I2C1_IRQHandler                 
000003fd  MEASURE_MOTORS_SPEED            
20200064  Measure_Distance                
20200068  Motor1_Encoder_Value            
2020006c  Motor1_Lucheng                  
20200070  Motor1_Speed                    
20200074  Motor2_Encoder_Value            
20200078  Motor2_Lucheng                  
2020007c  Motor2_Speed                    
0000098d  Motor_Init                      
000003fb  NMI_Handler                     
00001255  PID_Calc_Incremental            
00001759  PID_Init                        
000003fb  PendSV_Handler                  
000003fb  RTC_IRQHandler                  
000017db  Reset_Handler                   
000003fb  SPI0_IRQHandler                 
000003fb  SPI1_IRQHandler                 
000003fb  SVC_Handler                     
00000d1d  SYSCFG_DL_GPIO_init             
00001709  SYSCFG_DL_SYSCTL_init           
00001635  SYSCFG_DL_SYSTICK_init          
00000e61  SYSCFG_DL_TB6612_PWM_init       
00001175  SYSCFG_DL_UART_0_init           
00001725  SYSCFG_DL_init                  
0000136d  SYSCFG_DL_initPower             
00000661  SetSpeed                        
000017b9  SysTick_Handler                 
00001559  SysTick_Init                    
000003fb  TIMA0_IRQHandler                
000003fb  TIMA1_IRQHandler                
000003fb  TIMG0_IRQHandler                
000003fb  TIMG12_IRQHandler               
000003fb  TIMG6_IRQHandler                
000003fb  TIMG7_IRQHandler                
000003fb  TIMG8_IRQHandler                
00001591  UART0_IRQHandler                
000003fb  UART1_IRQHandler                
000003fb  UART2_IRQHandler                
000003fb  UART3_IRQHandler                
0000107d  Uartinit                        
20208000  __STACK_END                     
00000200  __STACK_SIZE                    
00000000  __TI_ATRegion0_region_sz        
00000000  __TI_ATRegion0_src_addr         
00000000  __TI_ATRegion0_trg_addr         
00000000  __TI_ATRegion1_region_sz        
00000000  __TI_ATRegion1_src_addr         
00000000  __TI_ATRegion1_trg_addr         
00000000  __TI_ATRegion2_region_sz        
00000000  __TI_ATRegion2_src_addr         
00000000  __TI_ATRegion2_trg_addr         
00001840  __TI_CINIT_Base                 
00001850  __TI_CINIT_Limit                
00001850  __TI_CINIT_Warm                 
0000182c  __TI_Handler_Table_Base         
00001838  __TI_Handler_Table_Limit        
000014a5  __TI_auto_init_nobinit_nopinit  
00001001  __TI_decompress_lzss            
00001797  __TI_decompress_none            
ffffffff  __TI_pprof_out_hndl             
ffffffff  __TI_prof_data_size             
ffffffff  __TI_prof_data_start            
00000000  __TI_static_base__              
0000176f  __TI_zero_init_nomemset         
00000273  __adddf3                        
00000b7b  __addsf3                        
00001101  __aeabi_d2f                     
00000273  __aeabi_dadd                    
0000077d  __aeabi_ddiv                    
00000a8d  __aeabi_dmul                    
00000269  __aeabi_dsub                    
000013ed  __aeabi_f2d                     
000015c9  __aeabi_f2iz                    
00001601  __aeabi_f2uiz                   
00000b7b  __aeabi_fadd                    
000012c1  __aeabi_fcmpeq                  
000012fd  __aeabi_fcmpge                  
00001311  __aeabi_fcmpgt                  
000012e9  __aeabi_fcmple                  
000012d5  __aeabi_fcmplt                  
00000f7d  __aeabi_fdiv                    
00000ef1  __aeabi_fmul                    
00000b71  __aeabi_fsub                    
0000142d  __aeabi_i2f                     
00000e5f  __aeabi_idiv0                   
000017c9  __aeabi_memcpy                  
000017c9  __aeabi_memcpy4                 
000017c9  __aeabi_memcpy8                 
00001665  __aeabi_ui2f                    
000013ad  __aeabi_uidiv                   
000013ad  __aeabi_uidivmod                
ffffffff  __binit__                       
000014e1  __cmpsf2                        
0000077d  __divdf3                        
00000f7d  __divsf3                        
000014e1  __eqsf2                         
000013ed  __extendsfdf2                   
000015c9  __fixsfsi                       
00001601  __fixunssfsi                    
0000142d  __floatsisf                     
00001665  __floatunsisf                   
00001469  __gesf2                         
00001469  __gtsf2                         
000014e1  __lesf2                         
000014e1  __ltsf2                         
UNDEFED   __mpu_init                      
00000a8d  __muldf3                        
0000151d  __muldsi3                       
00000ef1  __mulsf3                        
000014e1  __nesf2                         
20207e00  __stack                         
20200000  __start___llvm_prf_bits         
20200000  __start___llvm_prf_cnts         
20200000  __stop___llvm_prf_bits          
20200000  __stop___llvm_prf_cnts          
00000269  __subdf3                        
00000b71  __subsf3                        
00001101  __truncdfsf2                    
0000168d  _c_int00_noargs                 
UNDEFED   _system_post_cinit              
000017df  _system_pre_init                
000017d1  abort                           
ffffffff  binit                           
20200090  g_dir1                          
20200091  g_dir2                          
20200080  g_pwm1                          
20200084  g_pwm2                          
00000000  interruptVectors                
0000053d  main                            
00000dc5  memcpy                          
20200000  pid_motor1                      
20200030  pid_motor2                      
20200060  tick_ms                         
000000c1  uart0_send_float                
000011e5  uart0_send_vofa                 
20200092  uart_data                       


GLOBAL SYMBOLS: SORTED BY Symbol Address 

address   name                            
-------   ----                            
00000000  __TI_ATRegion0_region_sz        
00000000  __TI_ATRegion0_src_addr         
00000000  __TI_ATRegion0_trg_addr         
00000000  __TI_ATRegion1_region_sz        
00000000  __TI_ATRegion1_src_addr         
00000000  __TI_ATRegion1_trg_addr         
00000000  __TI_ATRegion2_region_sz        
00000000  __TI_ATRegion2_src_addr         
00000000  __TI_ATRegion2_trg_addr         
00000000  __TI_static_base__              
00000000  interruptVectors                
000000c1  uart0_send_float                
00000200  __STACK_SIZE                    
00000269  __aeabi_dsub                    
00000269  __subdf3                        
00000273  __adddf3                        
00000273  __aeabi_dadd                    
000003fb  ADC0_IRQHandler                 
000003fb  ADC1_IRQHandler                 
000003fb  AES_IRQHandler                  
000003fb  CANFD0_IRQHandler               
000003fb  DAC0_IRQHandler                 
000003fb  DMA_IRQHandler                  
000003fb  Default_Handler                 
000003fb  GROUP0_IRQHandler               
000003fb  HardFault_Handler               
000003fb  I2C0_IRQHandler                 
000003fb  I2C1_IRQHandler                 
000003fb  NMI_Handler                     
000003fb  PendSV_Handler                  
000003fb  RTC_IRQHandler                  
000003fb  SPI0_IRQHandler                 
000003fb  SPI1_IRQHandler                 
000003fb  SVC_Handler                     
000003fb  TIMA0_IRQHandler                
000003fb  TIMA1_IRQHandler                
000003fb  TIMG0_IRQHandler                
000003fb  TIMG12_IRQHandler               
000003fb  TIMG6_IRQHandler                
000003fb  TIMG7_IRQHandler                
000003fb  TIMG8_IRQHandler                
000003fb  UART1_IRQHandler                
000003fb  UART2_IRQHandler                
000003fb  UART3_IRQHandler                
000003fd  MEASURE_MOTORS_SPEED            
0000053d  main                            
00000661  SetSpeed                        
0000077d  __aeabi_ddiv                    
0000077d  __divdf3                        
00000889  DL_Timer_initFourCCPWMMode      
0000098d  Motor_Init                      
00000a8d  __aeabi_dmul                    
00000a8d  __muldf3                        
00000b71  __aeabi_fsub                    
00000b71  __subsf3                        
00000b7b  __addsf3                        
00000b7b  __aeabi_fadd                    
00000c49  GROUP1_IRQHandler               
00000d1d  SYSCFG_DL_GPIO_init             
00000dc5  memcpy                          
00000e5f  __aeabi_idiv0                   
00000e61  SYSCFG_DL_TB6612_PWM_init       
00000ef1  __aeabi_fmul                    
00000ef1  __mulsf3                        
00000f7d  __aeabi_fdiv                    
00000f7d  __divsf3                        
00001001  __TI_decompress_lzss            
0000107d  Uartinit                        
000010f5  DL_Common_delayCycles           
00001101  __aeabi_d2f                     
00001101  __truncdfsf2                    
00001175  SYSCFG_DL_UART_0_init           
000011e5  uart0_send_vofa                 
00001255  PID_Calc_Incremental            
000012c1  __aeabi_fcmpeq                  
000012d5  __aeabi_fcmplt                  
000012e9  __aeabi_fcmple                  
000012fd  __aeabi_fcmpge                  
00001311  __aeabi_fcmpgt                  
00001325  DL_UART_init                    
0000136d  SYSCFG_DL_initPower             
000013ad  __aeabi_uidiv                   
000013ad  __aeabi_uidivmod                
000013ed  __aeabi_f2d                     
000013ed  __extendsfdf2                   
0000142d  __aeabi_i2f                     
0000142d  __floatsisf                     
00001469  __gesf2                         
00001469  __gtsf2                         
000014a5  __TI_auto_init_nobinit_nopinit  
000014e1  __cmpsf2                        
000014e1  __eqsf2                         
000014e1  __lesf2                         
000014e1  __ltsf2                         
000014e1  __nesf2                         
0000151d  __muldsi3                       
00001559  SysTick_Init                    
00001591  UART0_IRQHandler                
000015c9  __aeabi_f2iz                    
000015c9  __fixsfsi                       
00001601  __aeabi_f2uiz                   
00001601  __fixunssfsi                    
00001635  SYSCFG_DL_SYSTICK_init          
00001665  __aeabi_ui2f                    
00001665  __floatunsisf                   
0000168d  _c_int00_noargs                 
000016b5  DL_Timer_setCaptCompUpdateMethod
000016d1  DL_Timer_setClockConfig         
000016ed  GRAPH_SENSOR_Init               
00001709  SYSCFG_DL_SYSCTL_init           
00001725  SYSCFG_DL_init                  
00001741  DL_Timer_setCaptureCompareOutCtl
00001759  PID_Init                        
0000176f  __TI_zero_init_nomemset         
00001785  DL_UART_setClockConfig          
00001797  __TI_decompress_none            
000017a9  DL_Timer_setCaptureCompareValue 
000017b9  SysTick_Handler                 
000017c9  __aeabi_memcpy                  
000017c9  __aeabi_memcpy4                 
000017c9  __aeabi_memcpy8                 
000017d1  abort                           
000017d6  C$$EXIT                         
000017d7  HOSTexit                        
000017db  Reset_Handler                   
000017df  _system_pre_init                
0000182c  __TI_Handler_Table_Base         
00001838  __TI_Handler_Table_Limit        
00001840  __TI_CINIT_Base                 
00001850  __TI_CINIT_Limit                
00001850  __TI_CINIT_Warm                 
20200000  __start___llvm_prf_bits         
20200000  __start___llvm_prf_cnts         
20200000  __stop___llvm_prf_bits          
20200000  __stop___llvm_prf_cnts          
20200000  pid_motor1                      
20200030  pid_motor2                      
20200060  tick_ms                         
20200064  Measure_Distance                
20200068  Motor1_Encoder_Value            
2020006c  Motor1_Lucheng                  
20200070  Motor1_Speed                    
20200074  Motor2_Encoder_Value            
20200078  Motor2_Lucheng                  
2020007c  Motor2_Speed                    
20200080  g_pwm1                          
20200084  g_pwm2                          
20200090  g_dir1                          
20200091  g_dir2                          
20200092  uart_data                       
20207e00  __stack                         
20208000  __STACK_END                     
ffffffff  __TI_pprof_out_hndl             
ffffffff  __TI_prof_data_size             
ffffffff  __TI_prof_data_start            
ffffffff  __binit__                       
ffffffff  binit                           
UNDEFED   __mpu_init                      
UNDEFED   _system_post_cinit              

[159 symbols]
