******************************************************************************
            TI ARM Clang Linker PC v4.0.4                      
******************************************************************************
>> Linked Wed Apr 22 09:14:25 2026

OUTPUT FILE NAME:   <M0G3507_TB6612_TT2.out>
ENTRY POINT SYMBOL: "_c_int00_noargs"  address: 00000b0d


MEMORY CONFIGURATION

         name            origin    length      used     unused   attr    fill
----------------------  --------  ---------  --------  --------  ----  --------
  FLASH                 00000000   00020000  00000c80  0001f380  R  X
  SRAM                  20200000   00008000  00000213  00007ded  RW X
  BCR_CONFIG            41c00000   000000ff  00000000  000000ff  R   
  BSL_CONFIG            41c00100   00000080  00000000  00000080  R   


SEGMENT ALLOCATION MAP

run origin  load origin   length   init length attrs members
----------  ----------- ---------- ----------- ----- -------
00000000    00000000    00000c80   00000c80    r-x
  00000000    00000000    000000c0   000000c0    r-- .intvecs
  000000c0    000000c0    00000b70   00000b70    r-x .text
  00000c30    00000c30    00000030   00000030    r-- .rodata
  00000c60    00000c60    00000020   00000020    r-- .cinit
20200000    20200000    00000013   00000000    rw-
  20200000    20200000    00000013   00000000    rw- .data
20207e00    20207e00    00000200   00000000    rw-
  20207e00    20207e00    00000200   00000000    rw- .stack


SECTION ALLOCATION MAP

 output                                  attributes/
section   page    origin      length       input sections
--------  ----  ----------  ----------   ----------------
.intvecs   0    00000000    000000c0     
                  00000000    000000c0     startup_mspm0g350x_ticlang.o (.intvecs)

.text      0    000000c0    00000b70     
                  000000c0    0000013c     uart.o (.text.Uartinit)
                  000001fc    00000104     driverlib.a : dl_timer.o (.text.DL_Timer_initFourCCPWMMode)
                  00000300    000000ec     motor.o (.text.SetSpeed)
                  000003ec    000000e4     Encoder.o (.text.GROUP1_IRQHandler)
                  000004d0    000000c8     empty.o (.text.main)
                  00000598    000000a8     ti_msp_dl_config.o (.text.SYSCFG_DL_GPIO_init)
                  00000640    0000009a     libc.a : memcpy16.S.obj (.text:memcpy)
                  000006da    00000002     startup_mspm0g350x_ticlang.o (.text.Default_Handler)
                  000006dc    00000090     ti_msp_dl_config.o (.text.SYSCFG_DL_TB6612_PWM_init)
                  0000076c    0000008c     libclang_rt.builtins.a : mulsf3.S.obj (.text.__mulsf3)
                  000007f8    00000082                            : divsf3.S.obj (.text.__divsf3)
                  0000087a    00000002     --HOLE-- [fill = 0]
                  0000087c    0000007c     libc.a : copy_decompress_lzss.c.obj (.text:decompress:lzss)
                  000008f8    00000070     ti_msp_dl_config.o (.text.SYSCFG_DL_UART_0_init)
                  00000968    00000048     driverlib.a : dl_uart.o (.text.DL_UART_init)
                  000009b0    00000040     ti_msp_dl_config.o (.text.SYSCFG_DL_initPower)
                  000009f0    0000003c     libc.a : autoinit.c.obj (.text:__TI_auto_init_nobinit_nopinit)
                  00000a2c    0000003a     libclang_rt.builtins.a : muldsi3.S.obj (.text.__muldsi3)
                  00000a66    00000002     --HOLE-- [fill = 0]
                  00000a68    00000038     uart.o (.text.UART0_IRQHandler)
                  00000aa0    00000038     libclang_rt.builtins.a : fixsfsi.S.obj (.text.__fixsfsi)
                  00000ad8    00000032                            : fixunssfsi.S.obj (.text.__fixunssfsi)
                  00000b0a    00000002     --HOLE-- [fill = 0]
                  00000b0c    00000028     libc.a : boot_cortex_m.c.obj (.text:_c_int00_noargs)
                  00000b34    0000001c     driverlib.a : dl_timer.o (.text.DL_Timer_setCaptCompUpdateMethod)
                  00000b50    0000001c                 : dl_timer.o (.text.DL_Timer_setClockConfig)
                  00000b6c    0000001c     graph.o (.text.GRAPH_SENSOR_Init)
                  00000b88    0000001c     ti_msp_dl_config.o (.text.SYSCFG_DL_SYSCTL_init)
                  00000ba4    00000018     driverlib.a : dl_timer.o (.text.DL_Timer_setCaptureCompareOutCtl)
                  00000bbc    00000018     ti_msp_dl_config.o (.text.SYSCFG_DL_init)
                  00000bd4    00000012     driverlib.a : dl_uart.o (.text.DL_UART_setClockConfig)
                  00000be6    00000012     libc.a : copy_decompress_none.c.obj (.text:decompress:none)
                  00000bf8    00000010     driverlib.a : dl_timer.o (.text.DL_Timer_setCaptureCompareValue)
                  00000c08    0000000a                 : dl_common.o (.text.DL_Common_delayCycles)
                  00000c12    00000002     --HOLE-- [fill = 0]
                  00000c14    00000008     libclang_rt.builtins.a : aeabi_memcpy.S.obj (.text.__aeabi_memcpy)
                  00000c1c    00000006     libc.a : exit.c.obj (.text:abort)
                  00000c22    00000004     libsysbm.a : hostexit.c.obj (.text.HOSTexit)
                  00000c26    00000004     startup_mspm0g350x_ticlang.o (.text.Reset_Handler)
                  00000c2a    00000004     libc.a : pre_init.c.obj (.text._system_pre_init)
                  00000c2e    00000002     --HOLE-- [fill = 0]

.cinit     0    00000c60    00000020     
                  00000c60    0000000f     (.cinit..data.load) [load image, compression = lzss]
                  00000c6f    00000001     --HOLE-- [fill = 0]
                  00000c70    00000008     (__TI_handler_table)
                  00000c78    00000008     (__TI_cinit_table)

.rodata    0    00000c30    00000030     
                  00000c30    00000013     uart.o (.rodata.str1.3510367808670815947.1)
                  00000c43    00000001     --HOLE-- [fill = 0]
                  00000c44    0000000a     ti_msp_dl_config.o (.rodata.gUART_0Config)
                  00000c4e    00000002     ti_msp_dl_config.o (.rodata.gUART_0ClockConfig)
                  00000c50    00000008     ti_msp_dl_config.o (.rodata.gTB6612_PWMConfig)
                  00000c58    00000003     ti_msp_dl_config.o (.rodata.gTB6612_PWMClockConfig)
                  00000c5b    00000005     --HOLE-- [fill = 0]

.init_array 
*          0    00000000    00000000     UNINITIALIZED

.binit     0    00000000    00000000     

.data      0    20200000    00000013     UNINITIALIZED
                  20200000    00000004     Encoder.o (.data.Motor1_Encoder_Value)
                  20200004    00000004     Encoder.o (.data.Motor2_Encoder_Value)
                  20200008    00000004     motor.o (.data.g_pwm1)
                  2020000c    00000004     motor.o (.data.g_pwm2)
                  20200010    00000001     motor.o (.data.g_dir1)
                  20200011    00000001     motor.o (.data.g_dir2)
                  20200012    00000001     uart.o (.data.uart_data)

.stack     0    20207e00    00000200     UNINITIALIZED
                  20207e00    00000004     libc.a : boot_cortex_m.c.obj (.stack)
                  20207e04    000001fc     --HOLE--

__llvm_prf_cnts 
*          0    20200000    00000000     UNINITIALIZED

__llvm_prf_bits 
*          0    20200000    00000000     UNINITIALIZED

MODULE SUMMARY

       Module                         code   ro data   rw data
       ------                         ----   -------   -------
    .\
       ti_msp_dl_config.o             540    23        0      
       empty.o                        200    0         0      
       startup_mspm0g350x_ticlang.o   6      192       0      
    +--+------------------------------+------+---------+---------+
       Total:                         746    215       0      
                                                              
    .\Encoder\
       Encoder.o                      228    0         8      
    +--+------------------------------+------+---------+---------+
       Total:                         228    0         8      
                                                              
    .\GRAPH\
       graph.o                        28     0         0      
    +--+------------------------------+------+---------+---------+
       Total:                         28     0         0      
                                                              
    .\Motor\
       motor.o                        236    0         10     
    +--+------------------------------+------+---------+---------+
       Total:                         236    0         10     
                                                              
    .\Uart\
       uart.o                         372    19        1      
    +--+------------------------------+------+---------+---------+
       Total:                         372    19        1      
                                                              
    C:/ti/mspm0_sdk_2_10_00_04/source/ti/driverlib/lib/ticlang/m0p/mspm0g1x0x_g3x0x/driverlib.a
       dl_timer.o                     356    0         0      
       dl_uart.o                      90     0         0      
       dl_common.o                    10     0         0      
    +--+------------------------------+------+---------+---------+
       Total:                         456    0         0      
                                                              
    D:\Study\DianSai\M0_software_info\CCS Theia\ccs\tools\compiler\ti-cgt-armllvm_4.0.4.LTS\lib\armv6m-ti-none-eabi/c/libc.a
       memcpy16.S.obj                 154    0         0      
       copy_decompress_lzss.c.obj     124    0         0      
       autoinit.c.obj                 60     0         0      
       boot_cortex_m.c.obj            40     0         0      
       copy_decompress_none.c.obj     18     0         0      
       exit.c.obj                     6      0         0      
       pre_init.c.obj                 4      0         0      
    +--+------------------------------+------+---------+---------+
       Total:                         406    0         0      
                                                              
    D:\Study\DianSai\M0_software_info\CCS Theia\ccs\tools\compiler\ti-cgt-armllvm_4.0.4.LTS\lib\armv6m-ti-none-eabi/c/libsysbm.a
       hostexit.c.obj                 4      0         0      
    +--+------------------------------+------+---------+---------+
       Total:                         4      0         0      
                                                              
    D:\Study\DianSai\M0_software_info\CCS Theia\ccs\tools\compiler\ti-cgt-armllvm_4.0.4.LTS\lib\armv6m-ti-none-eabi/libclang_rt.builtins.a
       mulsf3.S.obj                   140    0         0      
       divsf3.S.obj                   130    0         0      
       muldsi3.S.obj                  58     0         0      
       fixsfsi.S.obj                  56     0         0      
       fixunssfsi.S.obj               50     0         0      
       aeabi_memcpy.S.obj             8      0         0      
    +--+------------------------------+------+---------+---------+
       Total:                         442    0         0      
                                                              
       Stack:                         0      0         512    
       Linker Generated:              0      31        0      
    +--+------------------------------+------+---------+---------+
       Grand Total:                   2918   265       531    


LINKER GENERATED COPY TABLES

__TI_cinit_table @ 00000c78 records: 1, size/record: 8, table size: 8
	.data: load addr=00000c60, load size=0000000f bytes, run addr=20200000, run size=00000013 bytes, compression=lzss


LINKER GENERATED HANDLER TABLE

__TI_handler_table @ 00000c70 records: 2, size/record: 4, table size: 8
	index: 0, handler: __TI_decompress_lzss
	index: 1, handler: __TI_decompress_none


GLOBAL SYMBOLS: SORTED ALPHABETICALLY BY Name 

address   name                            
-------   ----                            
000006db  ADC0_IRQHandler                 
000006db  ADC1_IRQHandler                 
000006db  AES_IRQHandler                  
00000c22  C$$EXIT                         
000006db  CANFD0_IRQHandler               
000006db  DAC0_IRQHandler                 
00000c09  DL_Common_delayCycles           
000001fd  DL_Timer_initFourCCPWMMode      
00000b35  DL_Timer_setCaptCompUpdateMethod
00000ba5  DL_Timer_setCaptureCompareOutCtl
00000bf9  DL_Timer_setCaptureCompareValue 
00000b51  DL_Timer_setClockConfig         
00000969  DL_UART_init                    
00000bd5  DL_UART_setClockConfig          
000006db  DMA_IRQHandler                  
000006db  Default_Handler                 
00000b6d  GRAPH_SENSOR_Init               
000006db  GROUP0_IRQHandler               
000003ed  GROUP1_IRQHandler               
00000c23  HOSTexit                        
000006db  HardFault_Handler               
000006db  I2C0_IRQHandler                 
000006db  I2C1_IRQHandler                 
20200000  Motor1_Encoder_Value            
20200004  Motor2_Encoder_Value            
000006db  NMI_Handler                     
000006db  PendSV_Handler                  
000006db  RTC_IRQHandler                  
00000c27  Reset_Handler                   
000006db  SPI0_IRQHandler                 
000006db  SPI1_IRQHandler                 
000006db  SVC_Handler                     
00000599  SYSCFG_DL_GPIO_init             
00000b89  SYSCFG_DL_SYSCTL_init           
000006dd  SYSCFG_DL_TB6612_PWM_init       
000008f9  SYSCFG_DL_UART_0_init           
00000bbd  SYSCFG_DL_init                  
000009b1  SYSCFG_DL_initPower             
00000301  SetSpeed                        
000006db  SysTick_Handler                 
000006db  TIMA0_IRQHandler                
000006db  TIMA1_IRQHandler                
000006db  TIMG0_IRQHandler                
000006db  TIMG12_IRQHandler               
000006db  TIMG6_IRQHandler                
000006db  TIMG7_IRQHandler                
000006db  TIMG8_IRQHandler                
00000a69  UART0_IRQHandler                
000006db  UART1_IRQHandler                
000006db  UART2_IRQHandler                
000006db  UART3_IRQHandler                
000000c1  Uartinit                        
20208000  __STACK_END                     
00000200  __STACK_SIZE                    
00000000  __TI_ATRegion0_region_sz        
00000000  __TI_ATRegion0_src_addr         
00000000  __TI_ATRegion0_trg_addr         
00000000  __TI_ATRegion1_region_sz        
00000000  __TI_ATRegion1_src_addr         
00000000  __TI_ATRegion1_trg_addr         
00000000  __TI_ATRegion2_region_sz        
00000000  __TI_ATRegion2_src_addr         
00000000  __TI_ATRegion2_trg_addr         
00000c78  __TI_CINIT_Base                 
00000c80  __TI_CINIT_Limit                
00000c80  __TI_CINIT_Warm                 
00000c70  __TI_Handler_Table_Base         
00000c78  __TI_Handler_Table_Limit        
000009f1  __TI_auto_init_nobinit_nopinit  
0000087d  __TI_decompress_lzss            
00000be7  __TI_decompress_none            
ffffffff  __TI_pprof_out_hndl             
ffffffff  __TI_prof_data_size             
ffffffff  __TI_prof_data_start            
00000000  __TI_static_base__              
00000aa1  __aeabi_f2iz                    
00000ad9  __aeabi_f2uiz                   
000007f9  __aeabi_fdiv                    
0000076d  __aeabi_fmul                    
00000c15  __aeabi_memcpy                  
00000c15  __aeabi_memcpy4                 
00000c15  __aeabi_memcpy8                 
ffffffff  __binit__                       
000007f9  __divsf3                        
00000aa1  __fixsfsi                       
00000ad9  __fixunssfsi                    
UNDEFED   __mpu_init                      
00000a2d  __muldsi3                       
0000076d  __mulsf3                        
20207e00  __stack                         
20200000  __start___llvm_prf_bits         
20200000  __start___llvm_prf_cnts         
20200000  __stop___llvm_prf_bits          
20200000  __stop___llvm_prf_cnts          
00000b0d  _c_int00_noargs                 
UNDEFED   _system_post_cinit              
00000c2b  _system_pre_init                
00000c1d  abort                           
ffffffff  binit                           
20200010  g_dir1                          
20200011  g_dir2                          
20200008  g_pwm1                          
2020000c  g_pwm2                          
00000000  interruptVectors                
000004d1  main                            
00000641  memcpy                          
20200012  uart_data                       


GLOBAL SYMBOLS: SORTED BY Symbol Address 

address   name                            
-------   ----                            
00000000  __TI_ATRegion0_region_sz        
00000000  __TI_ATRegion0_src_addr         
00000000  __TI_ATRegion0_trg_addr         
00000000  __TI_ATRegion1_region_sz        
00000000  __TI_ATRegion1_src_addr         
00000000  __TI_ATRegion1_trg_addr         
00000000  __TI_ATRegion2_region_sz        
00000000  __TI_ATRegion2_src_addr         
00000000  __TI_ATRegion2_trg_addr         
00000000  __TI_static_base__              
00000000  interruptVectors                
000000c1  Uartinit                        
000001fd  DL_Timer_initFourCCPWMMode      
00000200  __STACK_SIZE                    
00000301  SetSpeed                        
000003ed  GROUP1_IRQHandler               
000004d1  main                            
00000599  SYSCFG_DL_GPIO_init             
00000641  memcpy                          
000006db  ADC0_IRQHandler                 
000006db  ADC1_IRQHandler                 
000006db  AES_IRQHandler                  
000006db  CANFD0_IRQHandler               
000006db  DAC0_IRQHandler                 
000006db  DMA_IRQHandler                  
000006db  Default_Handler                 
000006db  GROUP0_IRQHandler               
000006db  HardFault_Handler               
000006db  I2C0_IRQHandler                 
000006db  I2C1_IRQHandler                 
000006db  NMI_Handler                     
000006db  PendSV_Handler                  
000006db  RTC_IRQHandler                  
000006db  SPI0_IRQHandler                 
000006db  SPI1_IRQHandler                 
000006db  SVC_Handler                     
000006db  SysTick_Handler                 
000006db  TIMA0_IRQHandler                
000006db  TIMA1_IRQHandler                
000006db  TIMG0_IRQHandler                
000006db  TIMG12_IRQHandler               
000006db  TIMG6_IRQHandler                
000006db  TIMG7_IRQHandler                
000006db  TIMG8_IRQHandler                
000006db  UART1_IRQHandler                
000006db  UART2_IRQHandler                
000006db  UART3_IRQHandler                
000006dd  SYSCFG_DL_TB6612_PWM_init       
0000076d  __aeabi_fmul                    
0000076d  __mulsf3                        
000007f9  __aeabi_fdiv                    
000007f9  __divsf3                        
0000087d  __TI_decompress_lzss            
000008f9  SYSCFG_DL_UART_0_init           
00000969  DL_UART_init                    
000009b1  SYSCFG_DL_initPower             
000009f1  __TI_auto_init_nobinit_nopinit  
00000a2d  __muldsi3                       
00000a69  UART0_IRQHandler                
00000aa1  __aeabi_f2iz                    
00000aa1  __fixsfsi                       
00000ad9  __aeabi_f2uiz                   
00000ad9  __fixunssfsi                    
00000b0d  _c_int00_noargs                 
00000b35  DL_Timer_setCaptCompUpdateMethod
00000b51  DL_Timer_setClockConfig         
00000b6d  GRAPH_SENSOR_Init               
00000b89  SYSCFG_DL_SYSCTL_init           
00000ba5  DL_Timer_setCaptureCompareOutCtl
00000bbd  SYSCFG_DL_init                  
00000bd5  DL_UART_setClockConfig          
00000be7  __TI_decompress_none            
00000bf9  DL_Timer_setCaptureCompareValue 
00000c09  DL_Common_delayCycles           
00000c15  __aeabi_memcpy                  
00000c15  __aeabi_memcpy4                 
00000c15  __aeabi_memcpy8                 
00000c1d  abort                           
00000c22  C$$EXIT                         
00000c23  HOSTexit                        
00000c27  Reset_Handler                   
00000c2b  _system_pre_init                
00000c70  __TI_Handler_Table_Base         
00000c78  __TI_CINIT_Base                 
00000c78  __TI_Handler_Table_Limit        
00000c80  __TI_CINIT_Limit                
00000c80  __TI_CINIT_Warm                 
20200000  Motor1_Encoder_Value            
20200000  __start___llvm_prf_bits         
20200000  __start___llvm_prf_cnts         
20200000  __stop___llvm_prf_bits          
20200000  __stop___llvm_prf_cnts          
20200004  Motor2_Encoder_Value            
20200008  g_pwm1                          
2020000c  g_pwm2                          
20200010  g_dir1                          
20200011  g_dir2                          
20200012  uart_data                       
20207e00  __stack                         
20208000  __STACK_END                     
ffffffff  __TI_pprof_out_hndl             
ffffffff  __TI_prof_data_size             
ffffffff  __TI_prof_data_start            
ffffffff  __binit__                       
ffffffff  binit                           
UNDEFED   __mpu_init                      
UNDEFED   _system_post_cinit              

[107 symbols]
