******************************************************************************
            TI ARM Clang Linker PC v4.0.4                      
******************************************************************************
>> Linked Wed Apr 22 12:56:50 2026

OUTPUT FILE NAME:   <M0G3507_TB6612_TT2.out>
ENTRY POINT SYMBOL: "_c_int00_noargs"  address: 00000f11


MEMORY CONFIGURATION

         name            origin    length      used     unused   attr    fill
----------------------  --------  ---------  --------  --------  ----  --------
  FLASH                 00000000   00020000  00001128  0001eed8  R  X
  SRAM                  20200000   00008000  00000227  00007dd9  RW X
  BCR_CONFIG            41c00000   000000ff  00000000  000000ff  R   
  BSL_CONFIG            41c00100   00000080  00000000  00000080  R   


SEGMENT ALLOCATION MAP

run origin  load origin   length   init length attrs members
----------  ----------- ---------- ----------- ----- -------
00000000    00000000    00001128   00001128    r-x
  00000000    00000000    000000c0   000000c0    r-- .intvecs
  000000c0    000000c0    00000f78   00000f78    r-x .text
  00001038    00001038    000000c8   000000c8    r-- .rodata
  00001100    00001100    00000028   00000028    r-- .cinit
20200000    20200000    00000027   00000000    rw-
  20200000    20200000    00000027   00000000    rw- .data
20207e00    20207e00    00000200   00000000    rw-
  20207e00    20207e00    00000200   00000000    rw- .stack


SECTION ALLOCATION MAP

 output                                  attributes/
section   page    origin      length       input sections
--------  ----  ----------  ----------   ----------------
.intvecs   0    00000000    000000c0     
                  00000000    000000c0     startup_mspm0g350x_ticlang.o (.intvecs)

.text      0    000000c0    00000f78     
                  000000c0    0000018c     empty.o (.text.main)
                  0000024c    00000130     uart.o (.text.uart0_send_speed)
                  0000037c    00000104     driverlib.a : dl_timer.o (.text.DL_Timer_initFourCCPWMMode)
                  00000480    000000ec     motor.o (.text.SetSpeed)
                  0000056c    000000e4     uart.o (.text.Uartinit)
                  00000650    000000d4     Encoder.o (.text.GROUP1_IRQHandler)
                  00000724    000000a8     ti_msp_dl_config.o (.text.SYSCFG_DL_GPIO_init)
                  000007cc    0000009a     libc.a : memcpy16.S.obj (.text:memcpy)
                  00000866    00000002     startup_mspm0g350x_ticlang.o (.text.Default_Handler)
                  00000868    00000090     ti_msp_dl_config.o (.text.SYSCFG_DL_TB6612_PWM_init)
                  000008f8    0000008c     libclang_rt.builtins.a : mulsf3.S.obj (.text.__mulsf3)
                  00000984    00000082                            : divsf3.S.obj (.text.__divsf3)
                  00000a06    00000002                            : aeabi_div0.c.obj (.text.__aeabi_idiv0)
                  00000a08    0000007c     libc.a : copy_decompress_lzss.c.obj (.text:decompress:lzss)
                  00000a84    00000070     ti_msp_dl_config.o (.text.SYSCFG_DL_UART_0_init)
                  00000af4    00000062     libclang_rt.builtins.a : aeabi_fcmp.S.obj (.text.__aeabi_fcmp)
                  00000b56    00000002     --HOLE-- [fill = 0]
                  00000b58    00000060     uart.o (.text.UART0_IRQHandler)
                  00000bb8    0000005c     uart.o (.text.uart0_send_string)
                  00000c14    00000056     libclang_rt.builtins.a : aeabi_idivmod.S.obj (.text.__aeabi_idivmod)
                  00000c6a    00000002     --HOLE-- [fill = 0]
                  00000c6c    00000048     driverlib.a : dl_uart.o (.text.DL_UART_init)
                  00000cb4    00000040     ti_msp_dl_config.o (.text.SYSCFG_DL_initPower)
                  00000cf4    00000040     libclang_rt.builtins.a : aeabi_uidivmod.S.obj (.text.__aeabi_uidivmod)
                  00000d34    0000003c                            : comparesf2.S.obj (.text.__gtsf2)
                  00000d70    0000003c     libc.a : autoinit.c.obj (.text:__TI_auto_init_nobinit_nopinit)
                  00000dac    0000003a     libclang_rt.builtins.a : comparesf2.S.obj (.text.__eqsf2)
                  00000de6    00000002     --HOLE-- [fill = 0]
                  00000de8    0000003a                            : muldsi3.S.obj (.text.__muldsi3)
                  00000e22    00000002     --HOLE-- [fill = 0]
                  00000e24    00000038                            : fixsfsi.S.obj (.text.__fixsfsi)
                  00000e5c    00000032                            : fixunssfsi.S.obj (.text.__fixunssfsi)
                  00000e8e    00000002     --HOLE-- [fill = 0]
                  00000e90    00000030     ti_msp_dl_config.o (.text.SYSCFG_DL_SYSTICK_init)
                  00000ec0    00000028     empty.o (.text.SysTick_Handler)
                  00000ee8    00000028     libclang_rt.builtins.a : floatunsisf.S.obj (.text.__floatunsisf)
                  00000f10    00000028     libc.a : boot_cortex_m.c.obj (.text:_c_int00_noargs)
                  00000f38    0000001c     driverlib.a : dl_timer.o (.text.DL_Timer_setCaptCompUpdateMethod)
                  00000f54    0000001c                 : dl_timer.o (.text.DL_Timer_setClockConfig)
                  00000f70    0000001c     graph.o (.text.GRAPH_SENSOR_Init)
                  00000f8c    0000001c     ti_msp_dl_config.o (.text.SYSCFG_DL_SYSCTL_init)
                  00000fa8    0000001c     ti_msp_dl_config.o (.text.SYSCFG_DL_init)
                  00000fc4    00000018     driverlib.a : dl_timer.o (.text.DL_Timer_setCaptureCompareOutCtl)
                  00000fdc    00000012                 : dl_uart.o (.text.DL_UART_setClockConfig)
                  00000fee    00000012     libc.a : copy_decompress_none.c.obj (.text:decompress:none)
                  00001000    00000010     driverlib.a : dl_timer.o (.text.DL_Timer_setCaptureCompareValue)
                  00001010    0000000a                 : dl_common.o (.text.DL_Common_delayCycles)
                  0000101a    00000002     --HOLE-- [fill = 0]
                  0000101c    00000008     libclang_rt.builtins.a : aeabi_memcpy.S.obj (.text.__aeabi_memcpy)
                  00001024    00000006     libc.a : exit.c.obj (.text:abort)
                  0000102a    00000004     libsysbm.a : hostexit.c.obj (.text.HOSTexit)
                  0000102e    00000004     startup_mspm0g350x_ticlang.o (.text.Reset_Handler)
                  00001032    00000004     libc.a : pre_init.c.obj (.text._system_pre_init)
                  00001036    00000002     --HOLE-- [fill = 0]

.cinit     0    00001100    00000028     
                  00001100    00000012     (.cinit..data.load) [load image, compression = lzss]
                  00001112    00000002     --HOLE-- [fill = 0]
                  00001114    00000008     (__TI_handler_table)
                  0000111c    00000008     (__TI_cinit_table)
                  00001124    00000004     --HOLE-- [fill = 0]

.rodata    0    00001038    000000c8     
                  00001038    0000001b     empty.o (.rodata.str1.17669528882079347314.1)
                  00001053    00000016     empty.o (.rodata.str1.16704889451495720520.1)
                  00001069    00000014     empty.o (.rodata.str1.14685083708502177989.1)
                  0000107d    00000013     empty.o (.rodata.str1.7401042497206923953.1)
                  00001090    00000012     empty.o (.rodata.str1.9517790425240694019.1)
                  000010a2    00000011     empty.o (.rodata.str1.11898133897667081452.1)
                  000010b3    00000011     empty.o (.rodata.str1.254342170260855183.1)
                  000010c4    0000000e     uart.o (.rodata.str1.14464947116831474962.1)
                  000010d2    0000000a     ti_msp_dl_config.o (.rodata.gUART_0Config)
                  000010dc    00000008     ti_msp_dl_config.o (.rodata.gTB6612_PWMConfig)
                  000010e4    00000006     empty.o (.rodata.str1.150872071346279890.1)
                  000010ea    00000005     empty.o (.rodata.str1.15706828512682300538.1)
                  000010ef    00000005     empty.o (.rodata.str1.2196762768037919588.1)
                  000010f4    00000003     ti_msp_dl_config.o (.rodata.gTB6612_PWMClockConfig)
                  000010f7    00000003     empty.o (.rodata.str1.17686411042290499047.1)
                  000010fa    00000002     ti_msp_dl_config.o (.rodata.gUART_0ClockConfig)
                  000010fc    00000004     --HOLE-- [fill = 0]

.init_array 
*          0    00000000    00000000     UNINITIALIZED

.binit     0    00000000    00000000     

.data      0    20200000    00000027     UNINITIALIZED
                  20200000    00000004     Encoder.o (.data.Motor1_Encoder_Value)
                  20200004    00000004     Encoder.o (.data.Motor1_Speed)
                  20200008    00000004     Encoder.o (.data.Motor2_Encoder_Value)
                  2020000c    00000004     Encoder.o (.data.Motor2_Speed)
                  20200010    00000004     empty.o (.data.g_measure_ticks)
                  20200014    00000004     motor.o (.data.g_pwm1)
                  20200018    00000004     motor.o (.data.g_pwm2)
                  2020001c    00000004     empty.o (.data.g_systick_count)
                  20200020    00000004     empty.o (.data.g_uart_tx_ticks)
                  20200024    00000001     motor.o (.data.g_dir1)
                  20200025    00000001     motor.o (.data.g_dir2)
                  20200026    00000001     uart.o (.data.uart_data)

.stack     0    20207e00    00000200     UNINITIALIZED
                  20207e00    00000004     libc.a : boot_cortex_m.c.obj (.stack)
                  20207e04    000001fc     --HOLE--

__llvm_prf_cnts 
*          0    20200000    00000000     UNINITIALIZED

__llvm_prf_bits 
*          0    20200000    00000000     UNINITIALIZED

MODULE SUMMARY

       Module                         code   ro data   rw data
       ------                         ----   -------   -------
    .\
       ti_msp_dl_config.o             592    23        0      
       empty.o                        436    159       12     
       startup_mspm0g350x_ticlang.o   6      192       0      
    +--+------------------------------+------+---------+---------+
       Total:                         1034   374       12     
                                                              
    .\Encoder\
       Encoder.o                      212    0         16     
    +--+------------------------------+------+---------+---------+
       Total:                         212    0         16     
                                                              
    .\GRAPH\
       graph.o                        28     0         0      
    +--+------------------------------+------+---------+---------+
       Total:                         28     0         0      
                                                              
    .\Motor\
       motor.o                        236    0         10     
    +--+------------------------------+------+---------+---------+
       Total:                         236    0         10     
                                                              
    .\Uart\
       uart.o                         720    14        1      
    +--+------------------------------+------+---------+---------+
       Total:                         720    14        1      
                                                              
    C:/ti/mspm0_sdk_2_10_00_04/source/ti/driverlib/lib/ticlang/m0p/mspm0g1x0x_g3x0x/driverlib.a
       dl_timer.o                     356    0         0      
       dl_uart.o                      90     0         0      
       dl_common.o                    10     0         0      
    +--+------------------------------+------+---------+---------+
       Total:                         456    0         0      
                                                              
    D:\Study\DianSai\M0_software_info\CCS Theia\ccs\tools\compiler\ti-cgt-armllvm_4.0.4.LTS\lib\armv6m-ti-none-eabi/c/libc.a
       memcpy16.S.obj                 154    0         0      
       copy_decompress_lzss.c.obj     124    0         0      
       autoinit.c.obj                 60     0         0      
       boot_cortex_m.c.obj            40     0         0      
       copy_decompress_none.c.obj     18     0         0      
       exit.c.obj                     6      0         0      
       pre_init.c.obj                 4      0         0      
    +--+------------------------------+------+---------+---------+
       Total:                         406    0         0      
                                                              
    D:\Study\DianSai\M0_software_info\CCS Theia\ccs\tools\compiler\ti-cgt-armllvm_4.0.4.LTS\lib\armv6m-ti-none-eabi/c/libsysbm.a
       hostexit.c.obj                 4      0         0      
    +--+------------------------------+------+---------+---------+
       Total:                         4      0         0      
                                                              
    D:\Study\DianSai\M0_software_info\CCS Theia\ccs\tools\compiler\ti-cgt-armllvm_4.0.4.LTS\lib\armv6m-ti-none-eabi/libclang_rt.builtins.a
       mulsf3.S.obj                   140    0         0      
       divsf3.S.obj                   130    0         0      
       comparesf2.S.obj               118    0         0      
       aeabi_fcmp.S.obj               98     0         0      
       aeabi_idivmod.S.obj            86     0         0      
       aeabi_uidivmod.S.obj           64     0         0      
       muldsi3.S.obj                  58     0         0      
       fixsfsi.S.obj                  56     0         0      
       fixunssfsi.S.obj               50     0         0      
       floatunsisf.S.obj              40     0         0      
       aeabi_memcpy.S.obj             8      0         0      
       aeabi_div0.c.obj               2      0         0      
    +--+------------------------------+------+---------+---------+
       Total:                         850    0         0      
                                                              
       Stack:                         0      0         512    
       Linker Generated:              0      34        0      
    +--+------------------------------+------+---------+---------+
       Grand Total:                   3946   422       551    


LINKER GENERATED COPY TABLES

__TI_cinit_table @ 0000111c records: 1, size/record: 8, table size: 8
	.data: load addr=00001100, load size=00000012 bytes, run addr=20200000, run size=00000027 bytes, compression=lzss


LINKER GENERATED HANDLER TABLE

__TI_handler_table @ 00001114 records: 2, size/record: 4, table size: 8
	index: 0, handler: __TI_decompress_lzss
	index: 1, handler: __TI_decompress_none


GLOBAL SYMBOLS: SORTED ALPHABETICALLY BY Name 

address   name                            
-------   ----                            
00000867  ADC0_IRQHandler                 
00000867  ADC1_IRQHandler                 
00000867  AES_IRQHandler                  
0000102a  C$$EXIT                         
00000867  CANFD0_IRQHandler               
00000867  DAC0_IRQHandler                 
00001011  DL_Common_delayCycles           
0000037d  DL_Timer_initFourCCPWMMode      
00000f39  DL_Timer_setCaptCompUpdateMethod
00000fc5  DL_Timer_setCaptureCompareOutCtl
00001001  DL_Timer_setCaptureCompareValue 
00000f55  DL_Timer_setClockConfig         
00000c6d  DL_UART_init                    
00000fdd  DL_UART_setClockConfig          
00000867  DMA_IRQHandler                  
00000867  Default_Handler                 
00000f71  GRAPH_SENSOR_Init               
00000867  GROUP0_IRQHandler               
00000651  GROUP1_IRQHandler               
0000102b  HOSTexit                        
00000867  HardFault_Handler               
00000867  I2C0_IRQHandler                 
00000867  I2C1_IRQHandler                 
20200000  Motor1_Encoder_Value            
20200004  Motor1_Speed                    
20200008  Motor2_Encoder_Value            
2020000c  Motor2_Speed                    
00000867  NMI_Handler                     
00000867  PendSV_Handler                  
00000867  RTC_IRQHandler                  
0000102f  Reset_Handler                   
00000867  SPI0_IRQHandler                 
00000867  SPI1_IRQHandler                 
00000867  SVC_Handler                     
00000725  SYSCFG_DL_GPIO_init             
00000f8d  SYSCFG_DL_SYSCTL_init           
00000e91  SYSCFG_DL_SYSTICK_init          
00000869  SYSCFG_DL_TB6612_PWM_init       
00000a85  SYSCFG_DL_UART_0_init           
00000fa9  SYSCFG_DL_init                  
00000cb5  SYSCFG_DL_initPower             
00000481  SetSpeed                        
00000ec1  SysTick_Handler                 
00000867  TIMA0_IRQHandler                
00000867  TIMA1_IRQHandler                
00000867  TIMG0_IRQHandler                
00000867  TIMG12_IRQHandler               
00000867  TIMG6_IRQHandler                
00000867  TIMG7_IRQHandler                
00000867  TIMG8_IRQHandler                
00000b59  UART0_IRQHandler                
00000867  UART1_IRQHandler                
00000867  UART2_IRQHandler                
00000867  UART3_IRQHandler                
0000056d  Uartinit                        
20208000  __STACK_END                     
00000200  __STACK_SIZE                    
00000000  __TI_ATRegion0_region_sz        
00000000  __TI_ATRegion0_src_addr         
00000000  __TI_ATRegion0_trg_addr         
00000000  __TI_ATRegion1_region_sz        
00000000  __TI_ATRegion1_src_addr         
00000000  __TI_ATRegion1_trg_addr         
00000000  __TI_ATRegion2_region_sz        
00000000  __TI_ATRegion2_src_addr         
00000000  __TI_ATRegion2_trg_addr         
0000111c  __TI_CINIT_Base                 
00001124  __TI_CINIT_Limit                
00001124  __TI_CINIT_Warm                 
00001114  __TI_Handler_Table_Base         
0000111c  __TI_Handler_Table_Limit        
00000d71  __TI_auto_init_nobinit_nopinit  
00000a09  __TI_decompress_lzss            
00000fef  __TI_decompress_none            
ffffffff  __TI_pprof_out_hndl             
ffffffff  __TI_prof_data_size             
ffffffff  __TI_prof_data_start            
00000000  __TI_static_base__              
00000e25  __aeabi_f2iz                    
00000e5d  __aeabi_f2uiz                   
00000af5  __aeabi_fcmpeq                  
00000b31  __aeabi_fcmpge                  
00000b45  __aeabi_fcmpgt                  
00000b1d  __aeabi_fcmple                  
00000b09  __aeabi_fcmplt                  
00000985  __aeabi_fdiv                    
000008f9  __aeabi_fmul                    
00000c15  __aeabi_idiv                    
00000a07  __aeabi_idiv0                   
00000c15  __aeabi_idivmod                 
0000101d  __aeabi_memcpy                  
0000101d  __aeabi_memcpy4                 
0000101d  __aeabi_memcpy8                 
00000ee9  __aeabi_ui2f                    
00000cf5  __aeabi_uidiv                   
00000cf5  __aeabi_uidivmod                
ffffffff  __binit__                       
00000dad  __cmpsf2                        
00000985  __divsf3                        
00000dad  __eqsf2                         
00000e25  __fixsfsi                       
00000e5d  __fixunssfsi                    
00000ee9  __floatunsisf                   
00000d35  __gesf2                         
00000d35  __gtsf2                         
00000dad  __lesf2                         
00000dad  __ltsf2                         
UNDEFED   __mpu_init                      
00000de9  __muldsi3                       
000008f9  __mulsf3                        
00000dad  __nesf2                         
20207e00  __stack                         
20200000  __start___llvm_prf_bits         
20200000  __start___llvm_prf_cnts         
20200000  __stop___llvm_prf_bits          
20200000  __stop___llvm_prf_cnts          
00000f11  _c_int00_noargs                 
UNDEFED   _system_post_cinit              
00001033  _system_pre_init                
00001025  abort                           
ffffffff  binit                           
20200024  g_dir1                          
20200025  g_dir2                          
20200010  g_measure_ticks                 
20200014  g_pwm1                          
20200018  g_pwm2                          
2020001c  g_systick_count                 
20200020  g_uart_tx_ticks                 
00000000  interruptVectors                
000000c1  main                            
000007cd  memcpy                          
0000024d  uart0_send_speed                
00000bb9  uart0_send_string               
20200026  uart_data                       


GLOBAL SYMBOLS: SORTED BY Symbol Address 

address   name                            
-------   ----                            
00000000  __TI_ATRegion0_region_sz        
00000000  __TI_ATRegion0_src_addr         
00000000  __TI_ATRegion0_trg_addr         
00000000  __TI_ATRegion1_region_sz        
00000000  __TI_ATRegion1_src_addr         
00000000  __TI_ATRegion1_trg_addr         
00000000  __TI_ATRegion2_region_sz        
00000000  __TI_ATRegion2_src_addr         
00000000  __TI_ATRegion2_trg_addr         
00000000  __TI_static_base__              
00000000  interruptVectors                
000000c1  main                            
00000200  __STACK_SIZE                    
0000024d  uart0_send_speed                
0000037d  DL_Timer_initFourCCPWMMode      
00000481  SetSpeed                        
0000056d  Uartinit                        
00000651  GROUP1_IRQHandler               
00000725  SYSCFG_DL_GPIO_init             
000007cd  memcpy                          
00000867  ADC0_IRQHandler                 
00000867  ADC1_IRQHandler                 
00000867  AES_IRQHandler                  
00000867  CANFD0_IRQHandler               
00000867  DAC0_IRQHandler                 
00000867  DMA_IRQHandler                  
00000867  Default_Handler                 
00000867  GROUP0_IRQHandler               
00000867  HardFault_Handler               
00000867  I2C0_IRQHandler                 
00000867  I2C1_IRQHandler                 
00000867  NMI_Handler                     
00000867  PendSV_Handler                  
00000867  RTC_IRQHandler                  
00000867  SPI0_IRQHandler                 
00000867  SPI1_IRQHandler                 
00000867  SVC_Handler                     
00000867  TIMA0_IRQHandler                
00000867  TIMA1_IRQHandler                
00000867  TIMG0_IRQHandler                
00000867  TIMG12_IRQHandler               
00000867  TIMG6_IRQHandler                
00000867  TIMG7_IRQHandler                
00000867  TIMG8_IRQHandler                
00000867  UART1_IRQHandler                
00000867  UART2_IRQHandler                
00000867  UART3_IRQHandler                
00000869  SYSCFG_DL_TB6612_PWM_init       
000008f9  __aeabi_fmul                    
000008f9  __mulsf3                        
00000985  __aeabi_fdiv                    
00000985  __divsf3                        
00000a07  __aeabi_idiv0                   
00000a09  __TI_decompress_lzss            
00000a85  SYSCFG_DL_UART_0_init           
00000af5  __aeabi_fcmpeq                  
00000b09  __aeabi_fcmplt                  
00000b1d  __aeabi_fcmple                  
00000b31  __aeabi_fcmpge                  
00000b45  __aeabi_fcmpgt                  
00000b59  UART0_IRQHandler                
00000bb9  uart0_send_string               
00000c15  __aeabi_idiv                    
00000c15  __aeabi_idivmod                 
00000c6d  DL_UART_init                    
00000cb5  SYSCFG_DL_initPower             
00000cf5  __aeabi_uidiv                   
00000cf5  __aeabi_uidivmod                
00000d35  __gesf2                         
00000d35  __gtsf2                         
00000d71  __TI_auto_init_nobinit_nopinit  
00000dad  __cmpsf2                        
00000dad  __eqsf2                         
00000dad  __lesf2                         
00000dad  __ltsf2                         
00000dad  __nesf2                         
00000de9  __muldsi3                       
00000e25  __aeabi_f2iz                    
00000e25  __fixsfsi                       
00000e5d  __aeabi_f2uiz                   
00000e5d  __fixunssfsi                    
00000e91  SYSCFG_DL_SYSTICK_init          
00000ec1  SysTick_Handler                 
00000ee9  __aeabi_ui2f                    
00000ee9  __floatunsisf                   
00000f11  _c_int00_noargs                 
00000f39  DL_Timer_setCaptCompUpdateMethod
00000f55  DL_Timer_setClockConfig         
00000f71  GRAPH_SENSOR_Init               
00000f8d  SYSCFG_DL_SYSCTL_init           
00000fa9  SYSCFG_DL_init                  
00000fc5  DL_Timer_setCaptureCompareOutCtl
00000fdd  DL_UART_setClockConfig          
00000fef  __TI_decompress_none            
00001001  DL_Timer_setCaptureCompareValue 
00001011  DL_Common_delayCycles           
0000101d  __aeabi_memcpy                  
0000101d  __aeabi_memcpy4                 
0000101d  __aeabi_memcpy8                 
00001025  abort                           
0000102a  C$$EXIT                         
0000102b  HOSTexit                        
0000102f  Reset_Handler                   
00001033  _system_pre_init                
00001114  __TI_Handler_Table_Base         
0000111c  __TI_CINIT_Base                 
0000111c  __TI_Handler_Table_Limit        
00001124  __TI_CINIT_Limit                
00001124  __TI_CINIT_Warm                 
20200000  Motor1_Encoder_Value            
20200000  __start___llvm_prf_bits         
20200000  __start___llvm_prf_cnts         
20200000  __stop___llvm_prf_bits          
20200000  __stop___llvm_prf_cnts          
20200004  Motor1_Speed                    
20200008  Motor2_Encoder_Value            
2020000c  Motor2_Speed                    
20200010  g_measure_ticks                 
20200014  g_pwm1                          
20200018  g_pwm2                          
2020001c  g_systick_count                 
20200020  g_uart_tx_ticks                 
20200024  g_dir1                          
20200025  g_dir2                          
20200026  uart_data                       
20207e00  __stack                         
20208000  __STACK_END                     
ffffffff  __TI_pprof_out_hndl             
ffffffff  __TI_prof_data_size             
ffffffff  __TI_prof_data_start            
ffffffff  __binit__                       
ffffffff  binit                           
UNDEFED   __mpu_init                      
UNDEFED   _system_post_cinit              

[134 symbols]
