******************************************************************************
            TI ARM Clang Linker PC v4.0.4                      
******************************************************************************
>> Linked Tue Apr 21 00:28:44 2026

OUTPUT FILE NAME:   <M0G3507_TB6612_TT2.out>
ENTRY POINT SYMBOL: "_c_int00_noargs"  address: 0000081d


MEMORY CONFIGURATION

         name            origin    length      used     unused   attr    fill
----------------------  --------  ---------  --------  --------  ----  --------
  FLASH                 00000000   00020000  00000940  0001f6c0  R  X
  SRAM                  20200000   00008000  0000020a  00007df6  RW X
  BCR_CONFIG            41c00000   000000ff  00000000  000000ff  R   
  BSL_CONFIG            41c00100   00000080  00000000  00000080  R   


SEGMENT ALLOCATION MAP

run origin  load origin   length   init length attrs members
----------  ----------- ---------- ----------- ----- -------
00000000    00000000    00000940   00000940    r-x
  00000000    00000000    000000c0   000000c0    r-- .intvecs
  000000c0    000000c0    00000850   00000850    r-x .text
  00000910    00000910    00000010   00000010    r-- .rodata
  00000920    00000920    00000020   00000020    r-- .cinit
20200000    20200000    0000000a   00000000    rw-
  20200000    20200000    0000000a   00000000    rw- .data
20207e00    20207e00    00000200   00000000    rw-
  20207e00    20207e00    00000200   00000000    rw- .stack


SECTION ALLOCATION MAP

 output                                  attributes/
section   page    origin      length       input sections
--------  ----  ----------  ----------   ----------------
.intvecs   0    00000000    000000c0     
                  00000000    000000c0     startup_mspm0g350x_ticlang.o (.intvecs)

.text      0    000000c0    00000850     
                  000000c0    00000110     empty.o (.text.main)
                  000001d0    00000104     driverlib.a : dl_timer.o (.text.DL_Timer_initFourCCPWMMode)
                  000002d4    000000ec     motor.o (.text.SetSpeed)
                  000003c0    0000009a     libc.a : memcpy16.S.obj (.text:memcpy)
                  0000045a    00000002     startup_mspm0g350x_ticlang.o (.text.Default_Handler)
                  0000045c    00000090     ti_msp_dl_config.o (.text.SYSCFG_DL_TB6612_PWM_init)
                  000004ec    0000008c     libclang_rt.builtins.a : mulsf3.S.obj (.text.__mulsf3)
                  00000578    00000082                            : divsf3.S.obj (.text.__divsf3)
                  000005fa    00000002     --HOLE-- [fill = 0]
                  000005fc    0000007c     libc.a : copy_decompress_lzss.c.obj (.text:decompress:lzss)
                  00000678    0000005c     ti_msp_dl_config.o (.text.SYSCFG_DL_GPIO_init)
                  000006d4    0000003c     libc.a : autoinit.c.obj (.text:__TI_auto_init_nobinit_nopinit)
                  00000710    0000003a     libclang_rt.builtins.a : muldsi3.S.obj (.text.__muldsi3)
                  0000074a    00000002     --HOLE-- [fill = 0]
                  0000074c    00000038                            : fixsfsi.S.obj (.text.__fixsfsi)
                  00000784    00000034     ti_msp_dl_config.o (.text.SYSCFG_DL_initPower)
                  000007b8    00000032     libclang_rt.builtins.a : fixunssfsi.S.obj (.text.__fixunssfsi)
                  000007ea    00000002     --HOLE-- [fill = 0]
                  000007ec    00000030     ti_msp_dl_config.o (.text.SYSCFG_DL_SYSCTL_init)
                  0000081c    00000028     libc.a : boot_cortex_m.c.obj (.text:_c_int00_noargs)
                  00000844    0000001c     driverlib.a : dl_timer.o (.text.DL_Timer_setCaptCompUpdateMethod)
                  00000860    0000001c                 : dl_timer.o (.text.DL_Timer_setClockConfig)
                  0000087c    0000001c     graph.o (.text.GRAPH_SENSOR_Init)
                  00000898    00000018     driverlib.a : dl_timer.o (.text.DL_Timer_setCaptureCompareOutCtl)
                  000008b0    00000014     ti_msp_dl_config.o (.text.SYSCFG_DL_init)
                  000008c4    00000012     libc.a : copy_decompress_none.c.obj (.text:decompress:none)
                  000008d6    00000002     --HOLE-- [fill = 0]
                  000008d8    00000010     driverlib.a : dl_timer.o (.text.DL_Timer_setCaptureCompareValue)
                  000008e8    0000000a                 : dl_common.o (.text.DL_Common_delayCycles)
                  000008f2    00000002     --HOLE-- [fill = 0]
                  000008f4    00000008     libclang_rt.builtins.a : aeabi_memcpy.S.obj (.text.__aeabi_memcpy)
                  000008fc    00000006     libc.a : exit.c.obj (.text:abort)
                  00000902    00000004     libsysbm.a : hostexit.c.obj (.text.HOSTexit)
                  00000906    00000004     startup_mspm0g350x_ticlang.o (.text.Reset_Handler)
                  0000090a    00000004     libc.a : pre_init.c.obj (.text._system_pre_init)
                  0000090e    00000002     --HOLE-- [fill = 0]

.cinit     0    00000920    00000020     
                  00000920    0000000c     (.cinit..data.load) [load image, compression = lzss]
                  0000092c    00000008     (__TI_handler_table)
                  00000934    00000008     (__TI_cinit_table)
                  0000093c    00000004     --HOLE-- [fill = 0]

.rodata    0    00000910    00000010     
                  00000910    00000008     ti_msp_dl_config.o (.rodata.gTB6612_PWMConfig)
                  00000918    00000003     ti_msp_dl_config.o (.rodata.gTB6612_PWMClockConfig)
                  0000091b    00000005     --HOLE-- [fill = 0]

.init_array 
*          0    00000000    00000000     UNINITIALIZED

.binit     0    00000000    00000000     

.data      0    20200000    0000000a     UNINITIALIZED
                  20200000    00000004     motor.o (.data.g_pwm1)
                  20200004    00000004     motor.o (.data.g_pwm2)
                  20200008    00000001     motor.o (.data.g_dir1)
                  20200009    00000001     motor.o (.data.g_dir2)

.stack     0    20207e00    00000200     UNINITIALIZED
                  20207e00    00000004     libc.a : boot_cortex_m.c.obj (.stack)
                  20207e04    000001fc     --HOLE--

__llvm_prf_cnts 
*          0    20200000    00000000     UNINITIALIZED

__llvm_prf_bits 
*          0    20200000    00000000     UNINITIALIZED

MODULE SUMMARY

       Module                         code   ro data   rw data
       ------                         ----   -------   -------
    .\
       ti_msp_dl_config.o             356    11        0      
       empty.o                        272    0         0      
       startup_mspm0g350x_ticlang.o   6      192       0      
    +--+------------------------------+------+---------+---------+
       Total:                         634    203       0      
                                                              
    .\GRAPH\
       graph.o                        28     0         0      
    +--+------------------------------+------+---------+---------+
       Total:                         28     0         0      
                                                              
    .\Motor\
       motor.o                        236    0         10     
    +--+------------------------------+------+---------+---------+
       Total:                         236    0         10     
                                                              
    C:/ti/mspm0_sdk_2_10_00_04/source/ti/driverlib/lib/ticlang/m0p/mspm0g1x0x_g3x0x/driverlib.a
       dl_timer.o                     356    0         0      
       dl_common.o                    10     0         0      
    +--+------------------------------+------+---------+---------+
       Total:                         366    0         0      
                                                              
    D:\Study\DianSai\M0_software_info\CCS Theia\ccs\tools\compiler\ti-cgt-armllvm_4.0.4.LTS\lib\armv6m-ti-none-eabi/c/libc.a
       memcpy16.S.obj                 154    0         0      
       copy_decompress_lzss.c.obj     124    0         0      
       autoinit.c.obj                 60     0         0      
       boot_cortex_m.c.obj            40     0         0      
       copy_decompress_none.c.obj     18     0         0      
       exit.c.obj                     6      0         0      
       pre_init.c.obj                 4      0         0      
    +--+------------------------------+------+---------+---------+
       Total:                         406    0         0      
                                                              
    D:\Study\DianSai\M0_software_info\CCS Theia\ccs\tools\compiler\ti-cgt-armllvm_4.0.4.LTS\lib\armv6m-ti-none-eabi/c/libsysbm.a
       hostexit.c.obj                 4      0         0      
    +--+------------------------------+------+---------+---------+
       Total:                         4      0         0      
                                                              
    D:\Study\DianSai\M0_software_info\CCS Theia\ccs\tools\compiler\ti-cgt-armllvm_4.0.4.LTS\lib\armv6m-ti-none-eabi/libclang_rt.builtins.a
       mulsf3.S.obj                   140    0         0      
       divsf3.S.obj                   130    0         0      
       muldsi3.S.obj                  58     0         0      
       fixsfsi.S.obj                  56     0         0      
       fixunssfsi.S.obj               50     0         0      
       aeabi_memcpy.S.obj             8      0         0      
    +--+------------------------------+------+---------+---------+
       Total:                         442    0         0      
                                                              
       Stack:                         0      0         512    
       Linker Generated:              0      28        0      
    +--+------------------------------+------+---------+---------+
       Grand Total:                   2116   231       522    


LINKER GENERATED COPY TABLES

__TI_cinit_table @ 00000934 records: 1, size/record: 8, table size: 8
	.data: load addr=00000920, load size=0000000c bytes, run addr=20200000, run size=0000000a bytes, compression=lzss


LINKER GENERATED HANDLER TABLE

__TI_handler_table @ 0000092c records: 2, size/record: 4, table size: 8
	index: 0, handler: __TI_decompress_lzss
	index: 1, handler: __TI_decompress_none


GLOBAL SYMBOLS: SORTED ALPHABETICALLY BY Name 

address   name                            
-------   ----                            
0000045b  ADC0_IRQHandler                 
0000045b  ADC1_IRQHandler                 
0000045b  AES_IRQHandler                  
00000902  C$$EXIT                         
0000045b  CANFD0_IRQHandler               
0000045b  DAC0_IRQHandler                 
000008e9  DL_Common_delayCycles           
000001d1  DL_Timer_initFourCCPWMMode      
00000845  DL_Timer_setCaptCompUpdateMethod
00000899  DL_Timer_setCaptureCompareOutCtl
000008d9  DL_Timer_setCaptureCompareValue 
00000861  DL_Timer_setClockConfig         
0000045b  DMA_IRQHandler                  
0000045b  Default_Handler                 
0000087d  GRAPH_SENSOR_Init               
0000045b  GROUP0_IRQHandler               
0000045b  GROUP1_IRQHandler               
00000903  HOSTexit                        
0000045b  HardFault_Handler               
0000045b  I2C0_IRQHandler                 
0000045b  I2C1_IRQHandler                 
0000045b  NMI_Handler                     
0000045b  PendSV_Handler                  
0000045b  RTC_IRQHandler                  
00000907  Reset_Handler                   
0000045b  SPI0_IRQHandler                 
0000045b  SPI1_IRQHandler                 
0000045b  SVC_Handler                     
00000679  SYSCFG_DL_GPIO_init             
000007ed  SYSCFG_DL_SYSCTL_init           
0000045d  SYSCFG_DL_TB6612_PWM_init       
000008b1  SYSCFG_DL_init                  
00000785  SYSCFG_DL_initPower             
000002d5  SetSpeed                        
0000045b  SysTick_Handler                 
0000045b  TIMA0_IRQHandler                
0000045b  TIMA1_IRQHandler                
0000045b  TIMG0_IRQHandler                
0000045b  TIMG12_IRQHandler               
0000045b  TIMG6_IRQHandler                
0000045b  TIMG7_IRQHandler                
0000045b  TIMG8_IRQHandler                
0000045b  UART0_IRQHandler                
0000045b  UART1_IRQHandler                
0000045b  UART2_IRQHandler                
0000045b  UART3_IRQHandler                
20208000  __STACK_END                     
00000200  __STACK_SIZE                    
00000000  __TI_ATRegion0_region_sz        
00000000  __TI_ATRegion0_src_addr         
00000000  __TI_ATRegion0_trg_addr         
00000000  __TI_ATRegion1_region_sz        
00000000  __TI_ATRegion1_src_addr         
00000000  __TI_ATRegion1_trg_addr         
00000000  __TI_ATRegion2_region_sz        
00000000  __TI_ATRegion2_src_addr         
00000000  __TI_ATRegion2_trg_addr         
00000934  __TI_CINIT_Base                 
0000093c  __TI_CINIT_Limit                
0000093c  __TI_CINIT_Warm                 
0000092c  __TI_Handler_Table_Base         
00000934  __TI_Handler_Table_Limit        
000006d5  __TI_auto_init_nobinit_nopinit  
000005fd  __TI_decompress_lzss            
000008c5  __TI_decompress_none            
ffffffff  __TI_pprof_out_hndl             
ffffffff  __TI_prof_data_size             
ffffffff  __TI_prof_data_start            
00000000  __TI_static_base__              
0000074d  __aeabi_f2iz                    
000007b9  __aeabi_f2uiz                   
00000579  __aeabi_fdiv                    
000004ed  __aeabi_fmul                    
000008f5  __aeabi_memcpy                  
000008f5  __aeabi_memcpy4                 
000008f5  __aeabi_memcpy8                 
ffffffff  __binit__                       
00000579  __divsf3                        
0000074d  __fixsfsi                       
000007b9  __fixunssfsi                    
UNDEFED   __mpu_init                      
00000711  __muldsi3                       
000004ed  __mulsf3                        
20207e00  __stack                         
20200000  __start___llvm_prf_bits         
20200000  __start___llvm_prf_cnts         
20200000  __stop___llvm_prf_bits          
20200000  __stop___llvm_prf_cnts          
0000081d  _c_int00_noargs                 
UNDEFED   _system_post_cinit              
0000090b  _system_pre_init                
000008fd  abort                           
ffffffff  binit                           
20200008  g_dir1                          
20200009  g_dir2                          
20200000  g_pwm1                          
20200004  g_pwm2                          
00000000  interruptVectors                
000000c1  main                            
000003c1  memcpy                          


GLOBAL SYMBOLS: SORTED BY Symbol Address 

address   name                            
-------   ----                            
00000000  __TI_ATRegion0_region_sz        
00000000  __TI_ATRegion0_src_addr         
00000000  __TI_ATRegion0_trg_addr         
00000000  __TI_ATRegion1_region_sz        
00000000  __TI_ATRegion1_src_addr         
00000000  __TI_ATRegion1_trg_addr         
00000000  __TI_ATRegion2_region_sz        
00000000  __TI_ATRegion2_src_addr         
00000000  __TI_ATRegion2_trg_addr         
00000000  __TI_static_base__              
00000000  interruptVectors                
000000c1  main                            
000001d1  DL_Timer_initFourCCPWMMode      
00000200  __STACK_SIZE                    
000002d5  SetSpeed                        
000003c1  memcpy                          
0000045b  ADC0_IRQHandler                 
0000045b  ADC1_IRQHandler                 
0000045b  AES_IRQHandler                  
0000045b  CANFD0_IRQHandler               
0000045b  DAC0_IRQHandler                 
0000045b  DMA_IRQHandler                  
0000045b  Default_Handler                 
0000045b  GROUP0_IRQHandler               
0000045b  GROUP1_IRQHandler               
0000045b  HardFault_Handler               
0000045b  I2C0_IRQHandler                 
0000045b  I2C1_IRQHandler                 
0000045b  NMI_Handler                     
0000045b  PendSV_Handler                  
0000045b  RTC_IRQHandler                  
0000045b  SPI0_IRQHandler                 
0000045b  SPI1_IRQHandler                 
0000045b  SVC_Handler                     
0000045b  SysTick_Handler                 
0000045b  TIMA0_IRQHandler                
0000045b  TIMA1_IRQHandler                
0000045b  TIMG0_IRQHandler                
0000045b  TIMG12_IRQHandler               
0000045b  TIMG6_IRQHandler                
0000045b  TIMG7_IRQHandler                
0000045b  TIMG8_IRQHandler                
0000045b  UART0_IRQHandler                
0000045b  UART1_IRQHandler                
0000045b  UART2_IRQHandler                
0000045b  UART3_IRQHandler                
0000045d  SYSCFG_DL_TB6612_PWM_init       
000004ed  __aeabi_fmul                    
000004ed  __mulsf3                        
00000579  __aeabi_fdiv                    
00000579  __divsf3                        
000005fd  __TI_decompress_lzss            
00000679  SYSCFG_DL_GPIO_init             
000006d5  __TI_auto_init_nobinit_nopinit  
00000711  __muldsi3                       
0000074d  __aeabi_f2iz                    
0000074d  __fixsfsi                       
00000785  SYSCFG_DL_initPower             
000007b9  __aeabi_f2uiz                   
000007b9  __fixunssfsi                    
000007ed  SYSCFG_DL_SYSCTL_init           
0000081d  _c_int00_noargs                 
00000845  DL_Timer_setCaptCompUpdateMethod
00000861  DL_Timer_setClockConfig         
0000087d  GRAPH_SENSOR_Init               
00000899  DL_Timer_setCaptureCompareOutCtl
000008b1  SYSCFG_DL_init                  
000008c5  __TI_decompress_none            
000008d9  DL_Timer_setCaptureCompareValue 
000008e9  DL_Common_delayCycles           
000008f5  __aeabi_memcpy                  
000008f5  __aeabi_memcpy4                 
000008f5  __aeabi_memcpy8                 
000008fd  abort                           
00000902  C$$EXIT                         
00000903  HOSTexit                        
00000907  Reset_Handler                   
0000090b  _system_pre_init                
0000092c  __TI_Handler_Table_Base         
00000934  __TI_CINIT_Base                 
00000934  __TI_Handler_Table_Limit        
0000093c  __TI_CINIT_Limit                
0000093c  __TI_CINIT_Warm                 
20200000  __start___llvm_prf_bits         
20200000  __start___llvm_prf_cnts         
20200000  __stop___llvm_prf_bits          
20200000  __stop___llvm_prf_cnts          
20200000  g_pwm1                          
20200004  g_pwm2                          
20200008  g_dir1                          
20200009  g_dir2                          
20207e00  __stack                         
20208000  __STACK_END                     
ffffffff  __TI_pprof_out_hndl             
ffffffff  __TI_prof_data_size             
ffffffff  __TI_prof_data_start            
ffffffff  __binit__                       
ffffffff  binit                           
UNDEFED   __mpu_init                      
UNDEFED   _system_post_cinit              

[100 symbols]
