******************************************************************************
            TI ARM Clang Linker PC v4.0.4                      
******************************************************************************
>> Linked Mon Apr 20 22:01:20 2026

OUTPUT FILE NAME:   <M0G3507_TB6612_TT2.out>
ENTRY POINT SYMBOL: "_c_int00_noargs"  address: 00000559


MEMORY CONFIGURATION

         name            origin    length      used     unused   attr    fill
----------------------  --------  ---------  --------  --------  ----  --------
  FLASH                 00000000   00020000  00000660  0001f9a0  R  X
  SRAM                  20200000   00008000  0000020a  00007df6  RW X
  BCR_CONFIG            41c00000   000000ff  00000000  000000ff  R   
  BSL_CONFIG            41c00100   00000080  00000000  00000080  R   


SEGMENT ALLOCATION MAP

run origin  load origin   length   init length attrs members
----------  ----------- ---------- ----------- ----- -------
00000000    00000000    00000660   00000660    r-x
  00000000    00000000    000000c0   000000c0    r-- .intvecs
  000000c0    000000c0    00000570   00000570    r-x .text
  00000630    00000630    00000010   00000010    r-- .rodata
  00000640    00000640    00000020   00000020    r-- .cinit
20200000    20200000    0000000a   00000000    rw-
  20200000    20200000    0000000a   00000000    rw- .data
20207e00    20207e00    00000200   00000000    rw-
  20207e00    20207e00    00000200   00000000    rw- .stack


SECTION ALLOCATION MAP

 output                                  attributes/
section   page    origin      length       input sections
--------  ----  ----------  ----------   ----------------
.intvecs   0    00000000    000000c0     
                  00000000    000000c0     startup_mspm0g350x_ticlang.o (.intvecs)

.text      0    000000c0    00000570     
                  000000c0    00000104     driverlib.a : dl_timer.o (.text.DL_Timer_initFourCCPWMMode)
                  000001c4    0000009a     libc.a : memcpy16.S.obj (.text:memcpy)
                  0000025e    00000002     startup_mspm0g350x_ticlang.o (.text.Default_Handler)
                  00000260    00000090     ti_msp_dl_config.o (.text.SYSCFG_DL_TB6612_PWM_init)
                  000002f0    0000007c     libc.a : copy_decompress_lzss.c.obj (.text:decompress:lzss)
                  0000036c    00000074     empty.o (.text.main)
                  000003e0    00000050     motor.o (.text.TT_Moto1)
                  00000430    00000050     motor.o (.text.TT_Moto2)
                  00000480    0000003c     libc.a : autoinit.c.obj (.text:__TI_auto_init_nobinit_nopinit)
                  000004bc    00000038     ti_msp_dl_config.o (.text.SYSCFG_DL_GPIO_init)
                  000004f4    00000034     ti_msp_dl_config.o (.text.SYSCFG_DL_initPower)
                  00000528    00000030     ti_msp_dl_config.o (.text.SYSCFG_DL_SYSCTL_init)
                  00000558    00000028     libc.a : boot_cortex_m.c.obj (.text:_c_int00_noargs)
                  00000580    0000001c     driverlib.a : dl_timer.o (.text.DL_Timer_setCaptCompUpdateMethod)
                  0000059c    0000001c                 : dl_timer.o (.text.DL_Timer_setClockConfig)
                  000005b8    00000018                 : dl_timer.o (.text.DL_Timer_setCaptureCompareOutCtl)
                  000005d0    00000014     ti_msp_dl_config.o (.text.SYSCFG_DL_init)
                  000005e4    00000012     libc.a : copy_decompress_none.c.obj (.text:decompress:none)
                  000005f6    00000002     --HOLE-- [fill = 0]
                  000005f8    00000010     driverlib.a : dl_timer.o (.text.DL_Timer_setCaptureCompareValue)
                  00000608    0000000a                 : dl_common.o (.text.DL_Common_delayCycles)
                  00000612    00000002     --HOLE-- [fill = 0]
                  00000614    00000008     libclang_rt.builtins.a : aeabi_memcpy.S.obj (.text.__aeabi_memcpy)
                  0000061c    00000006     libc.a : exit.c.obj (.text:abort)
                  00000622    00000004     libsysbm.a : hostexit.c.obj (.text.HOSTexit)
                  00000626    00000004     startup_mspm0g350x_ticlang.o (.text.Reset_Handler)
                  0000062a    00000004     libc.a : pre_init.c.obj (.text._system_pre_init)
                  0000062e    00000002     --HOLE-- [fill = 0]

.cinit     0    00000640    00000020     
                  00000640    0000000c     (.cinit..data.load) [load image, compression = lzss]
                  0000064c    00000008     (__TI_handler_table)
                  00000654    00000008     (__TI_cinit_table)
                  0000065c    00000004     --HOLE-- [fill = 0]

.rodata    0    00000630    00000010     
                  00000630    00000008     ti_msp_dl_config.o (.rodata.gTB6612_PWMConfig)
                  00000638    00000003     ti_msp_dl_config.o (.rodata.gTB6612_PWMClockConfig)
                  0000063b    00000005     --HOLE-- [fill = 0]

.init_array 
*          0    00000000    00000000     UNINITIALIZED

.binit     0    00000000    00000000     

.data      0    20200000    0000000a     UNINITIALIZED
                  20200000    00000004     motor.o (.data.g_pwm1)
                  20200004    00000004     motor.o (.data.g_pwm2)
                  20200008    00000001     motor.o (.data.g_dir1)
                  20200009    00000001     motor.o (.data.g_dir2)

.stack     0    20207e00    00000200     UNINITIALIZED
                  20207e00    00000004     libc.a : boot_cortex_m.c.obj (.stack)
                  20207e04    000001fc     --HOLE--

__llvm_prf_cnts 
*          0    20200000    00000000     UNINITIALIZED

__llvm_prf_bits 
*          0    20200000    00000000     UNINITIALIZED

MODULE SUMMARY

       Module                         code   ro data   rw data
       ------                         ----   -------   -------
    .\
       ti_msp_dl_config.o             320    11        0      
       startup_mspm0g350x_ticlang.o   6      192       0      
       empty.o                        116    0         0      
    +--+------------------------------+------+---------+---------+
       Total:                         442    203       0      
                                                              
    .\Motor\
       motor.o                        160    0         10     
    +--+------------------------------+------+---------+---------+
       Total:                         160    0         10     
                                                              
    C:/ti/mspm0_sdk_2_10_00_04/source/ti/driverlib/lib/ticlang/m0p/mspm0g1x0x_g3x0x/driverlib.a
       dl_timer.o                     356    0         0      
       dl_common.o                    10     0         0      
    +--+------------------------------+------+---------+---------+
       Total:                         366    0         0      
                                                              
    D:\Study\DianSai\M0_software_info\CCS Theia\ccs\tools\compiler\ti-cgt-armllvm_4.0.4.LTS\lib\armv6m-ti-none-eabi/c/libc.a
       memcpy16.S.obj                 154    0         0      
       copy_decompress_lzss.c.obj     124    0         0      
       autoinit.c.obj                 60     0         0      
       boot_cortex_m.c.obj            40     0         0      
       copy_decompress_none.c.obj     18     0         0      
       exit.c.obj                     6      0         0      
       pre_init.c.obj                 4      0         0      
    +--+------------------------------+------+---------+---------+
       Total:                         406    0         0      
                                                              
    D:\Study\DianSai\M0_software_info\CCS Theia\ccs\tools\compiler\ti-cgt-armllvm_4.0.4.LTS\lib\armv6m-ti-none-eabi/c/libsysbm.a
       hostexit.c.obj                 4      0         0      
    +--+------------------------------+------+---------+---------+
       Total:                         4      0         0      
                                                              
    D:\Study\DianSai\M0_software_info\CCS Theia\ccs\tools\compiler\ti-cgt-armllvm_4.0.4.LTS\lib\armv6m-ti-none-eabi/libclang_rt.builtins.a
       aeabi_memcpy.S.obj             8      0         0      
    +--+------------------------------+------+---------+---------+
       Total:                         8      0         0      
                                                              
       Stack:                         0      0         512    
       Linker Generated:              0      28        0      
    +--+------------------------------+------+---------+---------+
       Grand Total:                   1386   231       522    


LINKER GENERATED COPY TABLES

__TI_cinit_table @ 00000654 records: 1, size/record: 8, table size: 8
	.data: load addr=00000640, load size=0000000c bytes, run addr=20200000, run size=0000000a bytes, compression=lzss


LINKER GENERATED HANDLER TABLE

__TI_handler_table @ 0000064c records: 2, size/record: 4, table size: 8
	index: 0, handler: __TI_decompress_lzss
	index: 1, handler: __TI_decompress_none


GLOBAL SYMBOLS: SORTED ALPHABETICALLY BY Name 

address   name                            
-------   ----                            
0000025f  ADC0_IRQHandler                 
0000025f  ADC1_IRQHandler                 
0000025f  AES_IRQHandler                  
00000622  C$$EXIT                         
0000025f  CANFD0_IRQHandler               
0000025f  DAC0_IRQHandler                 
00000609  DL_Common_delayCycles           
000000c1  DL_Timer_initFourCCPWMMode      
00000581  DL_Timer_setCaptCompUpdateMethod
000005b9  DL_Timer_setCaptureCompareOutCtl
000005f9  DL_Timer_setCaptureCompareValue 
0000059d  DL_Timer_setClockConfig         
0000025f  DMA_IRQHandler                  
0000025f  Default_Handler                 
0000025f  GROUP0_IRQHandler               
0000025f  GROUP1_IRQHandler               
00000623  HOSTexit                        
0000025f  HardFault_Handler               
0000025f  I2C0_IRQHandler                 
0000025f  I2C1_IRQHandler                 
0000025f  NMI_Handler                     
0000025f  PendSV_Handler                  
0000025f  RTC_IRQHandler                  
00000627  Reset_Handler                   
0000025f  SPI0_IRQHandler                 
0000025f  SPI1_IRQHandler                 
0000025f  SVC_Handler                     
000004bd  SYSCFG_DL_GPIO_init             
00000529  SYSCFG_DL_SYSCTL_init           
00000261  SYSCFG_DL_TB6612_PWM_init       
000005d1  SYSCFG_DL_init                  
000004f5  SYSCFG_DL_initPower             
0000025f  SysTick_Handler                 
0000025f  TIMA0_IRQHandler                
0000025f  TIMA1_IRQHandler                
0000025f  TIMG0_IRQHandler                
0000025f  TIMG12_IRQHandler               
0000025f  TIMG6_IRQHandler                
0000025f  TIMG7_IRQHandler                
0000025f  TIMG8_IRQHandler                
000003e1  TT_Moto1                        
00000431  TT_Moto2                        
0000025f  UART0_IRQHandler                
0000025f  UART1_IRQHandler                
0000025f  UART2_IRQHandler                
0000025f  UART3_IRQHandler                
20208000  __STACK_END                     
00000200  __STACK_SIZE                    
00000000  __TI_ATRegion0_region_sz        
00000000  __TI_ATRegion0_src_addr         
00000000  __TI_ATRegion0_trg_addr         
00000000  __TI_ATRegion1_region_sz        
00000000  __TI_ATRegion1_src_addr         
00000000  __TI_ATRegion1_trg_addr         
00000000  __TI_ATRegion2_region_sz        
00000000  __TI_ATRegion2_src_addr         
00000000  __TI_ATRegion2_trg_addr         
00000654  __TI_CINIT_Base                 
0000065c  __TI_CINIT_Limit                
0000065c  __TI_CINIT_Warm                 
0000064c  __TI_Handler_Table_Base         
00000654  __TI_Handler_Table_Limit        
00000481  __TI_auto_init_nobinit_nopinit  
000002f1  __TI_decompress_lzss            
000005e5  __TI_decompress_none            
ffffffff  __TI_pprof_out_hndl             
ffffffff  __TI_prof_data_size             
ffffffff  __TI_prof_data_start            
00000000  __TI_static_base__              
00000615  __aeabi_memcpy                  
00000615  __aeabi_memcpy4                 
00000615  __aeabi_memcpy8                 
ffffffff  __binit__                       
UNDEFED   __mpu_init                      
20207e00  __stack                         
20200000  __start___llvm_prf_bits         
20200000  __start___llvm_prf_cnts         
20200000  __stop___llvm_prf_bits          
20200000  __stop___llvm_prf_cnts          
00000559  _c_int00_noargs                 
UNDEFED   _system_post_cinit              
0000062b  _system_pre_init                
0000061d  abort                           
ffffffff  binit                           
20200008  g_dir1                          
20200009  g_dir2                          
20200000  g_pwm1                          
20200004  g_pwm2                          
00000000  interruptVectors                
0000036d  main                            
000001c5  memcpy                          


GLOBAL SYMBOLS: SORTED BY Symbol Address 

address   name                            
-------   ----                            
00000000  __TI_ATRegion0_region_sz        
00000000  __TI_ATRegion0_src_addr         
00000000  __TI_ATRegion0_trg_addr         
00000000  __TI_ATRegion1_region_sz        
00000000  __TI_ATRegion1_src_addr         
00000000  __TI_ATRegion1_trg_addr         
00000000  __TI_ATRegion2_region_sz        
00000000  __TI_ATRegion2_src_addr         
00000000  __TI_ATRegion2_trg_addr         
00000000  __TI_static_base__              
00000000  interruptVectors                
000000c1  DL_Timer_initFourCCPWMMode      
000001c5  memcpy                          
00000200  __STACK_SIZE                    
0000025f  ADC0_IRQHandler                 
0000025f  ADC1_IRQHandler                 
0000025f  AES_IRQHandler                  
0000025f  CANFD0_IRQHandler               
0000025f  DAC0_IRQHandler                 
0000025f  DMA_IRQHandler                  
0000025f  Default_Handler                 
0000025f  GROUP0_IRQHandler               
0000025f  GROUP1_IRQHandler               
0000025f  HardFault_Handler               
0000025f  I2C0_IRQHandler                 
0000025f  I2C1_IRQHandler                 
0000025f  NMI_Handler                     
0000025f  PendSV_Handler                  
0000025f  RTC_IRQHandler                  
0000025f  SPI0_IRQHandler                 
0000025f  SPI1_IRQHandler                 
0000025f  SVC_Handler                     
0000025f  SysTick_Handler                 
0000025f  TIMA0_IRQHandler                
0000025f  TIMA1_IRQHandler                
0000025f  TIMG0_IRQHandler                
0000025f  TIMG12_IRQHandler               
0000025f  TIMG6_IRQHandler                
0000025f  TIMG7_IRQHandler                
0000025f  TIMG8_IRQHandler                
0000025f  UART0_IRQHandler                
0000025f  UART1_IRQHandler                
0000025f  UART2_IRQHandler                
0000025f  UART3_IRQHandler                
00000261  SYSCFG_DL_TB6612_PWM_init       
000002f1  __TI_decompress_lzss            
0000036d  main                            
000003e1  TT_Moto1                        
00000431  TT_Moto2                        
00000481  __TI_auto_init_nobinit_nopinit  
000004bd  SYSCFG_DL_GPIO_init             
000004f5  SYSCFG_DL_initPower             
00000529  SYSCFG_DL_SYSCTL_init           
00000559  _c_int00_noargs                 
00000581  DL_Timer_setCaptCompUpdateMethod
0000059d  DL_Timer_setClockConfig         
000005b9  DL_Timer_setCaptureCompareOutCtl
000005d1  SYSCFG_DL_init                  
000005e5  __TI_decompress_none            
000005f9  DL_Timer_setCaptureCompareValue 
00000609  DL_Common_delayCycles           
00000615  __aeabi_memcpy                  
00000615  __aeabi_memcpy4                 
00000615  __aeabi_memcpy8                 
0000061d  abort                           
00000622  C$$EXIT                         
00000623  HOSTexit                        
00000627  Reset_Handler                   
0000062b  _system_pre_init                
0000064c  __TI_Handler_Table_Base         
00000654  __TI_CINIT_Base                 
00000654  __TI_Handler_Table_Limit        
0000065c  __TI_CINIT_Limit                
0000065c  __TI_CINIT_Warm                 
20200000  __start___llvm_prf_bits         
20200000  __start___llvm_prf_cnts         
20200000  __stop___llvm_prf_bits          
20200000  __stop___llvm_prf_cnts          
20200000  g_pwm1                          
20200004  g_pwm2                          
20200008  g_dir1                          
20200009  g_dir2                          
20207e00  __stack                         
20208000  __STACK_END                     
ffffffff  __TI_pprof_out_hndl             
ffffffff  __TI_prof_data_size             
ffffffff  __TI_prof_data_start            
ffffffff  __binit__                       
ffffffff  binit                           
UNDEFED   __mpu_init                      
UNDEFED   _system_post_cinit              

[91 symbols]
