******************************************************************************
            TI ARM Clang Linker PC v4.0.4                      
******************************************************************************
>> Linked Wed Apr 22 13:08:25 2026

OUTPUT FILE NAME:   <M0G3507_TB6612_TT2.out>
ENTRY POINT SYMBOL: "_c_int00_noargs"  address: 00000f25


MEMORY CONFIGURATION

         name            origin    length      used     unused   attr    fill
----------------------  --------  ---------  --------  --------  ----  --------
  FLASH                 00000000   00020000  00001178  0001ee88  R  X
  SRAM                  20200000   00008000  0000021f  00007de1  RW X
  BCR_CONFIG            41c00000   000000ff  00000000  000000ff  R   
  BSL_CONFIG            41c00100   00000080  00000000  00000080  R   


SEGMENT ALLOCATION MAP

run origin  load origin   length   init length attrs members
----------  ----------- ---------- ----------- ----- -------
00000000    00000000    00001178   00001178    r-x
  00000000    00000000    000000c0   000000c0    r-- .intvecs
  000000c0    000000c0    00000fb8   00000fb8    r-x .text
  00001078    00001078    000000c8   000000c8    r-- .rodata
  00001140    00001140    00000038   00000038    r-- .cinit
20200000    20200000    00000020   00000000    rw-
  20200000    20200000    0000001b   00000000    rw- .data
  2020001c    2020001c    00000004   00000000    rw- .bss
20207e00    20207e00    00000200   00000000    rw-
  20207e00    20207e00    00000200   00000000    rw- .stack


SECTION ALLOCATION MAP

 output                                  attributes/
section   page    origin      length       input sections
--------  ----  ----------  ----------   ----------------
.intvecs   0    00000000    000000c0     
                  00000000    000000c0     startup_mspm0g350x_ticlang.o (.intvecs)

.text      0    000000c0    00000fb8     
                  000000c0    00000190     empty.o (.text.main)
                  00000250    00000130     uart.o (.text.uart0_send_speed)
                  00000380    00000104     driverlib.a : dl_timer.o (.text.DL_Timer_initFourCCPWMMode)
                  00000484    000000ec     motor.o (.text.SetSpeed)
                  00000570    000000e4     uart.o (.text.Uartinit)
                  00000654    000000d4     Encoder.o (.text.GROUP1_IRQHandler)
                  00000728    000000a8     ti_msp_dl_config.o (.text.SYSCFG_DL_GPIO_init)
                  000007d0    0000009a     libc.a : memcpy16.S.obj (.text:memcpy)
                  0000086a    00000002     startup_mspm0g350x_ticlang.o (.text.Default_Handler)
                  0000086c    00000090     ti_msp_dl_config.o (.text.SYSCFG_DL_TB6612_PWM_init)
                  000008fc    0000008c     libclang_rt.builtins.a : mulsf3.S.obj (.text.__mulsf3)
                  00000988    00000082                            : divsf3.S.obj (.text.__divsf3)
                  00000a0a    00000002                            : aeabi_div0.c.obj (.text.__aeabi_idiv0)
                  00000a0c    0000007c     libc.a : copy_decompress_lzss.c.obj (.text:decompress:lzss)
                  00000a88    00000070     ti_msp_dl_config.o (.text.SYSCFG_DL_UART_0_init)
                  00000af8    00000062     libclang_rt.builtins.a : aeabi_fcmp.S.obj (.text.__aeabi_fcmp)
                  00000b5a    00000002     --HOLE-- [fill = 0]
                  00000b5c    00000060     uart.o (.text.UART0_IRQHandler)
                  00000bbc    0000005c     uart.o (.text.uart0_send_string)
                  00000c18    00000056     libclang_rt.builtins.a : aeabi_idivmod.S.obj (.text.__aeabi_idivmod)
                  00000c6e    00000002     --HOLE-- [fill = 0]
                  00000c70    00000048     driverlib.a : dl_uart.o (.text.DL_UART_init)
                  00000cb8    00000040     ti_msp_dl_config.o (.text.SYSCFG_DL_initPower)
                  00000cf8    00000040     libclang_rt.builtins.a : aeabi_uidivmod.S.obj (.text.__aeabi_uidivmod)
                  00000d38    0000003c                            : comparesf2.S.obj (.text.__gtsf2)
                  00000d74    0000003c     libc.a : autoinit.c.obj (.text:__TI_auto_init_nobinit_nopinit)
                  00000db0    0000003a     libclang_rt.builtins.a : comparesf2.S.obj (.text.__eqsf2)
                  00000dea    00000002     --HOLE-- [fill = 0]
                  00000dec    0000003a                            : muldsi3.S.obj (.text.__muldsi3)
                  00000e26    00000002     --HOLE-- [fill = 0]
                  00000e28    00000038     clock.o (.text.SysTick_Init)
                  00000e60    00000038     libclang_rt.builtins.a : fixsfsi.S.obj (.text.__fixsfsi)
                  00000e98    00000032                            : fixunssfsi.S.obj (.text.__fixunssfsi)
                  00000eca    00000002     --HOLE-- [fill = 0]
                  00000ecc    00000030     ti_msp_dl_config.o (.text.SYSCFG_DL_SYSTICK_init)
                  00000efc    00000028     libclang_rt.builtins.a : floatunsisf.S.obj (.text.__floatunsisf)
                  00000f24    00000028     libc.a : boot_cortex_m.c.obj (.text:_c_int00_noargs)
                  00000f4c    0000001c     driverlib.a : dl_timer.o (.text.DL_Timer_setCaptCompUpdateMethod)
                  00000f68    0000001c                 : dl_timer.o (.text.DL_Timer_setClockConfig)
                  00000f84    0000001c     graph.o (.text.GRAPH_SENSOR_Init)
                  00000fa0    0000001c     ti_msp_dl_config.o (.text.SYSCFG_DL_SYSCTL_init)
                  00000fbc    0000001c     ti_msp_dl_config.o (.text.SYSCFG_DL_init)
                  00000fd8    00000018     driverlib.a : dl_timer.o (.text.DL_Timer_setCaptureCompareOutCtl)
                  00000ff0    00000016     libc.a : copy_zero_init.c.obj (.text:decompress:ZI:__TI_zero_init_nomemset)
                  00001006    00000012     driverlib.a : dl_uart.o (.text.DL_UART_setClockConfig)
                  00001018    00000012     libc.a : copy_decompress_none.c.obj (.text:decompress:none)
                  0000102a    00000002     --HOLE-- [fill = 0]
                  0000102c    00000010     driverlib.a : dl_timer.o (.text.DL_Timer_setCaptureCompareValue)
                  0000103c    00000010     clock.o (.text.SysTick_Handler)
                  0000104c    0000000a     driverlib.a : dl_common.o (.text.DL_Common_delayCycles)
                  00001056    00000002     --HOLE-- [fill = 0]
                  00001058    00000008     libclang_rt.builtins.a : aeabi_memcpy.S.obj (.text.__aeabi_memcpy)
                  00001060    00000006     libc.a : exit.c.obj (.text:abort)
                  00001066    00000004     libsysbm.a : hostexit.c.obj (.text.HOSTexit)
                  0000106a    00000004     startup_mspm0g350x_ticlang.o (.text.Reset_Handler)
                  0000106e    00000004     libc.a : pre_init.c.obj (.text._system_pre_init)
                  00001072    00000006     --HOLE-- [fill = 0]

.cinit     0    00001140    00000038     
                  00001140    0000000f     (.cinit..data.load) [load image, compression = lzss]
                  0000114f    00000001     --HOLE-- [fill = 0]
                  00001150    0000000c     (__TI_handler_table)
                  0000115c    00000008     (.cinit..bss.load) [load image, compression = zero_init]
                  00001164    00000010     (__TI_cinit_table)
                  00001174    00000004     --HOLE-- [fill = 0]

.rodata    0    00001078    000000c8     
                  00001078    0000001b     empty.o (.rodata.str1.17669528882079347314.1)
                  00001093    00000016     empty.o (.rodata.str1.16704889451495720520.1)
                  000010a9    00000014     empty.o (.rodata.str1.14685083708502177989.1)
                  000010bd    00000013     empty.o (.rodata.str1.7401042497206923953.1)
                  000010d0    00000012     empty.o (.rodata.str1.9517790425240694019.1)
                  000010e2    00000011     empty.o (.rodata.str1.11898133897667081452.1)
                  000010f3    00000011     empty.o (.rodata.str1.254342170260855183.1)
                  00001104    0000000e     uart.o (.rodata.str1.14464947116831474962.1)
                  00001112    0000000a     ti_msp_dl_config.o (.rodata.gUART_0Config)
                  0000111c    00000008     ti_msp_dl_config.o (.rodata.gTB6612_PWMConfig)
                  00001124    00000006     empty.o (.rodata.str1.150872071346279890.1)
                  0000112a    00000005     empty.o (.rodata.str1.15706828512682300538.1)
                  0000112f    00000005     empty.o (.rodata.str1.2196762768037919588.1)
                  00001134    00000003     ti_msp_dl_config.o (.rodata.gTB6612_PWMClockConfig)
                  00001137    00000003     empty.o (.rodata.str1.17686411042290499047.1)
                  0000113a    00000002     ti_msp_dl_config.o (.rodata.gUART_0ClockConfig)
                  0000113c    00000004     --HOLE-- [fill = 0]

.init_array 
*          0    00000000    00000000     UNINITIALIZED

.binit     0    00000000    00000000     

.data      0    20200000    0000001b     UNINITIALIZED
                  20200000    00000004     Encoder.o (.data.Motor1_Encoder_Value)
                  20200004    00000004     Encoder.o (.data.Motor1_Speed)
                  20200008    00000004     Encoder.o (.data.Motor2_Encoder_Value)
                  2020000c    00000004     Encoder.o (.data.Motor2_Speed)
                  20200010    00000004     motor.o (.data.g_pwm1)
                  20200014    00000004     motor.o (.data.g_pwm2)
                  20200018    00000001     motor.o (.data.g_dir1)
                  20200019    00000001     motor.o (.data.g_dir2)
                  2020001a    00000001     uart.o (.data.uart_data)

.bss       0    2020001c    00000004     UNINITIALIZED
                  2020001c    00000004     (.common:tick_ms)

.stack     0    20207e00    00000200     UNINITIALIZED
                  20207e00    00000004     libc.a : boot_cortex_m.c.obj (.stack)
                  20207e04    000001fc     --HOLE--

__llvm_prf_cnts 
*          0    20200000    00000000     UNINITIALIZED

__llvm_prf_bits 
*          0    20200000    00000000     UNINITIALIZED

MODULE SUMMARY

       Module                         code   ro data   rw data
       ------                         ----   -------   -------
    .\
       ti_msp_dl_config.o             592    23        0      
       empty.o                        400    159       0      
       startup_mspm0g350x_ticlang.o   6      192       0      
    +--+------------------------------+------+---------+---------+
       Total:                         998    374       0      
                                                              
    .\Encoder\
       Encoder.o                      212    0         16     
    +--+------------------------------+------+---------+---------+
       Total:                         212    0         16     
                                                              
    .\GRAPH\
       graph.o                        28     0         0      
    +--+------------------------------+------+---------+---------+
       Total:                         28     0         0      
                                                              
    .\Motor\
       motor.o                        236    0         10     
    +--+------------------------------+------+---------+---------+
       Total:                         236    0         10     
                                                              
    .\Uart\
       uart.o                         720    14        1      
    +--+------------------------------+------+---------+---------+
       Total:                         720    14        1      
                                                              
    .\clock\
       clock.o                        72     0         4      
    +--+------------------------------+------+---------+---------+
       Total:                         72     0         4      
                                                              
    C:/ti/mspm0_sdk_2_10_00_04/source/ti/driverlib/lib/ticlang/m0p/mspm0g1x0x_g3x0x/driverlib.a
       dl_timer.o                     356    0         0      
       dl_uart.o                      90     0         0      
       dl_common.o                    10     0         0      
    +--+------------------------------+------+---------+---------+
       Total:                         456    0         0      
                                                              
    D:\Study\DianSai\M0_software_info\CCS Theia\ccs\tools\compiler\ti-cgt-armllvm_4.0.4.LTS\lib\armv6m-ti-none-eabi/c/libc.a
       memcpy16.S.obj                 154    0         0      
       copy_decompress_lzss.c.obj     124    0         0      
       autoinit.c.obj                 60     0         0      
       boot_cortex_m.c.obj            40     0         0      
       copy_zero_init.c.obj           22     0         0      
       copy_decompress_none.c.obj     18     0         0      
       exit.c.obj                     6      0         0      
       pre_init.c.obj                 4      0         0      
    +--+------------------------------+------+---------+---------+
       Total:                         428    0         0      
                                                              
    D:\Study\DianSai\M0_software_info\CCS Theia\ccs\tools\compiler\ti-cgt-armllvm_4.0.4.LTS\lib\armv6m-ti-none-eabi/c/libsysbm.a
       hostexit.c.obj                 4      0         0      
    +--+------------------------------+------+---------+---------+
       Total:                         4      0         0      
                                                              
    D:\Study\DianSai\M0_software_info\CCS Theia\ccs\tools\compiler\ti-cgt-armllvm_4.0.4.LTS\lib\armv6m-ti-none-eabi/libclang_rt.builtins.a
       mulsf3.S.obj                   140    0         0      
       divsf3.S.obj                   130    0         0      
       comparesf2.S.obj               118    0         0      
       aeabi_fcmp.S.obj               98     0         0      
       aeabi_idivmod.S.obj            86     0         0      
       aeabi_uidivmod.S.obj           64     0         0      
       muldsi3.S.obj                  58     0         0      
       fixsfsi.S.obj                  56     0         0      
       fixunssfsi.S.obj               50     0         0      
       floatunsisf.S.obj              40     0         0      
       aeabi_memcpy.S.obj             8      0         0      
       aeabi_div0.c.obj               2      0         0      
    +--+------------------------------+------+---------+---------+
       Total:                         850    0         0      
                                                              
       Stack:                         0      0         512    
       Linker Generated:              0      51        0      
    +--+------------------------------+------+---------+---------+
       Grand Total:                   4004   439       543    


LINKER GENERATED COPY TABLES

__TI_cinit_table @ 00001164 records: 2, size/record: 8, table size: 16
	.data: load addr=00001140, load size=0000000f bytes, run addr=20200000, run size=0000001b bytes, compression=lzss
	.bss: load addr=0000115c, load size=00000008 bytes, run addr=2020001c, run size=00000004 bytes, compression=zero_init


LINKER GENERATED HANDLER TABLE

__TI_handler_table @ 00001150 records: 3, size/record: 4, table size: 12
	index: 0, handler: __TI_decompress_lzss
	index: 1, handler: __TI_decompress_none
	index: 2, handler: __TI_zero_init


GLOBAL SYMBOLS: SORTED ALPHABETICALLY BY Name 

address   name                            
-------   ----                            
0000086b  ADC0_IRQHandler                 
0000086b  ADC1_IRQHandler                 
0000086b  AES_IRQHandler                  
00001066  C$$EXIT                         
0000086b  CANFD0_IRQHandler               
0000086b  DAC0_IRQHandler                 
0000104d  DL_Common_delayCycles           
00000381  DL_Timer_initFourCCPWMMode      
00000f4d  DL_Timer_setCaptCompUpdateMethod
00000fd9  DL_Timer_setCaptureCompareOutCtl
0000102d  DL_Timer_setCaptureCompareValue 
00000f69  DL_Timer_setClockConfig         
00000c71  DL_UART_init                    
00001007  DL_UART_setClockConfig          
0000086b  DMA_IRQHandler                  
0000086b  Default_Handler                 
00000f85  GRAPH_SENSOR_Init               
0000086b  GROUP0_IRQHandler               
00000655  GROUP1_IRQHandler               
00001067  HOSTexit                        
0000086b  HardFault_Handler               
0000086b  I2C0_IRQHandler                 
0000086b  I2C1_IRQHandler                 
20200000  Motor1_Encoder_Value            
20200004  Motor1_Speed                    
20200008  Motor2_Encoder_Value            
2020000c  Motor2_Speed                    
0000086b  NMI_Handler                     
0000086b  PendSV_Handler                  
0000086b  RTC_IRQHandler                  
0000106b  Reset_Handler                   
0000086b  SPI0_IRQHandler                 
0000086b  SPI1_IRQHandler                 
0000086b  SVC_Handler                     
00000729  SYSCFG_DL_GPIO_init             
00000fa1  SYSCFG_DL_SYSCTL_init           
00000ecd  SYSCFG_DL_SYSTICK_init          
0000086d  SYSCFG_DL_TB6612_PWM_init       
00000a89  SYSCFG_DL_UART_0_init           
00000fbd  SYSCFG_DL_init                  
00000cb9  SYSCFG_DL_initPower             
00000485  SetSpeed                        
0000103d  SysTick_Handler                 
00000e29  SysTick_Init                    
0000086b  TIMA0_IRQHandler                
0000086b  TIMA1_IRQHandler                
0000086b  TIMG0_IRQHandler                
0000086b  TIMG12_IRQHandler               
0000086b  TIMG6_IRQHandler                
0000086b  TIMG7_IRQHandler                
0000086b  TIMG8_IRQHandler                
00000b5d  UART0_IRQHandler                
0000086b  UART1_IRQHandler                
0000086b  UART2_IRQHandler                
0000086b  UART3_IRQHandler                
00000571  Uartinit                        
20208000  __STACK_END                     
00000200  __STACK_SIZE                    
00000000  __TI_ATRegion0_region_sz        
00000000  __TI_ATRegion0_src_addr         
00000000  __TI_ATRegion0_trg_addr         
00000000  __TI_ATRegion1_region_sz        
00000000  __TI_ATRegion1_src_addr         
00000000  __TI_ATRegion1_trg_addr         
00000000  __TI_ATRegion2_region_sz        
00000000  __TI_ATRegion2_src_addr         
00000000  __TI_ATRegion2_trg_addr         
00001164  __TI_CINIT_Base                 
00001174  __TI_CINIT_Limit                
00001174  __TI_CINIT_Warm                 
00001150  __TI_Handler_Table_Base         
0000115c  __TI_Handler_Table_Limit        
00000d75  __TI_auto_init_nobinit_nopinit  
00000a0d  __TI_decompress_lzss            
00001019  __TI_decompress_none            
ffffffff  __TI_pprof_out_hndl             
ffffffff  __TI_prof_data_size             
ffffffff  __TI_prof_data_start            
00000000  __TI_static_base__              
00000ff1  __TI_zero_init_nomemset         
00000e61  __aeabi_f2iz                    
00000e99  __aeabi_f2uiz                   
00000af9  __aeabi_fcmpeq                  
00000b35  __aeabi_fcmpge                  
00000b49  __aeabi_fcmpgt                  
00000b21  __aeabi_fcmple                  
00000b0d  __aeabi_fcmplt                  
00000989  __aeabi_fdiv                    
000008fd  __aeabi_fmul                    
00000c19  __aeabi_idiv                    
00000a0b  __aeabi_idiv0                   
00000c19  __aeabi_idivmod                 
00001059  __aeabi_memcpy                  
00001059  __aeabi_memcpy4                 
00001059  __aeabi_memcpy8                 
00000efd  __aeabi_ui2f                    
00000cf9  __aeabi_uidiv                   
00000cf9  __aeabi_uidivmod                
ffffffff  __binit__                       
00000db1  __cmpsf2                        
00000989  __divsf3                        
00000db1  __eqsf2                         
00000e61  __fixsfsi                       
00000e99  __fixunssfsi                    
00000efd  __floatunsisf                   
00000d39  __gesf2                         
00000d39  __gtsf2                         
00000db1  __lesf2                         
00000db1  __ltsf2                         
UNDEFED   __mpu_init                      
00000ded  __muldsi3                       
000008fd  __mulsf3                        
00000db1  __nesf2                         
20207e00  __stack                         
20200000  __start___llvm_prf_bits         
20200000  __start___llvm_prf_cnts         
20200000  __stop___llvm_prf_bits          
20200000  __stop___llvm_prf_cnts          
00000f25  _c_int00_noargs                 
UNDEFED   _system_post_cinit              
0000106f  _system_pre_init                
00001061  abort                           
ffffffff  binit                           
20200018  g_dir1                          
20200019  g_dir2                          
20200010  g_pwm1                          
20200014  g_pwm2                          
00000000  interruptVectors                
000000c1  main                            
000007d1  memcpy                          
2020001c  tick_ms                         
00000251  uart0_send_speed                
00000bbd  uart0_send_string               
2020001a  uart_data                       


GLOBAL SYMBOLS: SORTED BY Symbol Address 

address   name                            
-------   ----                            
00000000  __TI_ATRegion0_region_sz        
00000000  __TI_ATRegion0_src_addr         
00000000  __TI_ATRegion0_trg_addr         
00000000  __TI_ATRegion1_region_sz        
00000000  __TI_ATRegion1_src_addr         
00000000  __TI_ATRegion1_trg_addr         
00000000  __TI_ATRegion2_region_sz        
00000000  __TI_ATRegion2_src_addr         
00000000  __TI_ATRegion2_trg_addr         
00000000  __TI_static_base__              
00000000  interruptVectors                
000000c1  main                            
00000200  __STACK_SIZE                    
00000251  uart0_send_speed                
00000381  DL_Timer_initFourCCPWMMode      
00000485  SetSpeed                        
00000571  Uartinit                        
00000655  GROUP1_IRQHandler               
00000729  SYSCFG_DL_GPIO_init             
000007d1  memcpy                          
0000086b  ADC0_IRQHandler                 
0000086b  ADC1_IRQHandler                 
0000086b  AES_IRQHandler                  
0000086b  CANFD0_IRQHandler               
0000086b  DAC0_IRQHandler                 
0000086b  DMA_IRQHandler                  
0000086b  Default_Handler                 
0000086b  GROUP0_IRQHandler               
0000086b  HardFault_Handler               
0000086b  I2C0_IRQHandler                 
0000086b  I2C1_IRQHandler                 
0000086b  NMI_Handler                     
0000086b  PendSV_Handler                  
0000086b  RTC_IRQHandler                  
0000086b  SPI0_IRQHandler                 
0000086b  SPI1_IRQHandler                 
0000086b  SVC_Handler                     
0000086b  TIMA0_IRQHandler                
0000086b  TIMA1_IRQHandler                
0000086b  TIMG0_IRQHandler                
0000086b  TIMG12_IRQHandler               
0000086b  TIMG6_IRQHandler                
0000086b  TIMG7_IRQHandler                
0000086b  TIMG8_IRQHandler                
0000086b  UART1_IRQHandler                
0000086b  UART2_IRQHandler                
0000086b  UART3_IRQHandler                
0000086d  SYSCFG_DL_TB6612_PWM_init       
000008fd  __aeabi_fmul                    
000008fd  __mulsf3                        
00000989  __aeabi_fdiv                    
00000989  __divsf3                        
00000a0b  __aeabi_idiv0                   
00000a0d  __TI_decompress_lzss            
00000a89  SYSCFG_DL_UART_0_init           
00000af9  __aeabi_fcmpeq                  
00000b0d  __aeabi_fcmplt                  
00000b21  __aeabi_fcmple                  
00000b35  __aeabi_fcmpge                  
00000b49  __aeabi_fcmpgt                  
00000b5d  UART0_IRQHandler                
00000bbd  uart0_send_string               
00000c19  __aeabi_idiv                    
00000c19  __aeabi_idivmod                 
00000c71  DL_UART_init                    
00000cb9  SYSCFG_DL_initPower             
00000cf9  __aeabi_uidiv                   
00000cf9  __aeabi_uidivmod                
00000d39  __gesf2                         
00000d39  __gtsf2                         
00000d75  __TI_auto_init_nobinit_nopinit  
00000db1  __cmpsf2                        
00000db1  __eqsf2                         
00000db1  __lesf2                         
00000db1  __ltsf2                         
00000db1  __nesf2                         
00000ded  __muldsi3                       
00000e29  SysTick_Init                    
00000e61  __aeabi_f2iz                    
00000e61  __fixsfsi                       
00000e99  __aeabi_f2uiz                   
00000e99  __fixunssfsi                    
00000ecd  SYSCFG_DL_SYSTICK_init          
00000efd  __aeabi_ui2f                    
00000efd  __floatunsisf                   
00000f25  _c_int00_noargs                 
00000f4d  DL_Timer_setCaptCompUpdateMethod
00000f69  DL_Timer_setClockConfig         
00000f85  GRAPH_SENSOR_Init               
00000fa1  SYSCFG_DL_SYSCTL_init           
00000fbd  SYSCFG_DL_init                  
00000fd9  DL_Timer_setCaptureCompareOutCtl
00000ff1  __TI_zero_init_nomemset         
00001007  DL_UART_setClockConfig          
00001019  __TI_decompress_none            
0000102d  DL_Timer_setCaptureCompareValue 
0000103d  SysTick_Handler                 
0000104d  DL_Common_delayCycles           
00001059  __aeabi_memcpy                  
00001059  __aeabi_memcpy4                 
00001059  __aeabi_memcpy8                 
00001061  abort                           
00001066  C$$EXIT                         
00001067  HOSTexit                        
0000106b  Reset_Handler                   
0000106f  _system_pre_init                
00001150  __TI_Handler_Table_Base         
0000115c  __TI_Handler_Table_Limit        
00001164  __TI_CINIT_Base                 
00001174  __TI_CINIT_Limit                
00001174  __TI_CINIT_Warm                 
20200000  Motor1_Encoder_Value            
20200000  __start___llvm_prf_bits         
20200000  __start___llvm_prf_cnts         
20200000  __stop___llvm_prf_bits          
20200000  __stop___llvm_prf_cnts          
20200004  Motor1_Speed                    
20200008  Motor2_Encoder_Value            
2020000c  Motor2_Speed                    
20200010  g_pwm1                          
20200014  g_pwm2                          
20200018  g_dir1                          
20200019  g_dir2                          
2020001a  uart_data                       
2020001c  tick_ms                         
20207e00  __stack                         
20208000  __STACK_END                     
ffffffff  __TI_pprof_out_hndl             
ffffffff  __TI_prof_data_size             
ffffffff  __TI_prof_data_start            
ffffffff  __binit__                       
ffffffff  binit                           
UNDEFED   __mpu_init                      
UNDEFED   _system_post_cinit              

[134 symbols]
