******************************************************************************
            TI ARM Clang Linker PC v4.0.4                      
******************************************************************************
>> Linked Wed Apr 22 11:30:11 2026

OUTPUT FILE NAME:   <M0G3507_TB6612_TT2.out>
ENTRY POINT SYMBOL: "_c_int00_noargs"  address: 000016c5


MEMORY CONFIGURATION

         name            origin    length      used     unused   attr    fill
----------------------  --------  ---------  --------  --------  ----  --------
  FLASH                 00000000   00020000  000018e8  0001e718  R  X
  SRAM                  20200000   00008000  00000233  00007dcd  RW X
  BCR_CONFIG            41c00000   000000ff  00000000  000000ff  R   
  BSL_CONFIG            41c00100   00000080  00000000  00000080  R   


SEGMENT ALLOCATION MAP

run origin  load origin   length   init length attrs members
----------  ----------- ---------- ----------- ----- -------
00000000    00000000    000018e8   000018e8    r-x
  00000000    00000000    000000c0   000000c0    r-- .intvecs
  000000c0    000000c0    00001730   00001730    r-x .text
  000017f0    000017f0    000000d0   000000d0    r-- .rodata
  000018c0    000018c0    00000028   00000028    r-- .cinit
20200000    20200000    00000033   00000000    rw-
  20200000    20200000    00000033   00000000    rw- .data
20207e00    20207e00    00000200   00000000    rw-
  20207e00    20207e00    00000200   00000000    rw- .stack


SECTION ALLOCATION MAP

 output                                  attributes/
section   page    origin      length       input sections
--------  ----  ----------  ----------   ----------------
.intvecs   0    00000000    000000c0     
                  00000000    000000c0     startup_mspm0g350x_ticlang.o (.intvecs)

.text      0    000000c0    00001730     
                  000000c0    000001dc     empty.o (.text.main)
                  0000029c    000001c4     uart.o (.text.uart0_send_speed)
                  00000460    00000192     libclang_rt.builtins.a : adddf3.S.obj (.text.adddf3_subdf3)
                  000005f2    00000002     startup_mspm0g350x_ticlang.o (.text.Default_Handler)
                  000005f4    00000180     uart.o (.text.Uartinit)
                  00000774    00000140     Encoder.o (.text.MEASURE_MOTORS_SPEED)
                  000008b4    0000010c     libclang_rt.builtins.a : divdf3.S.obj (.text.__divdf3)
                  000009c0    00000104     driverlib.a : dl_timer.o (.text.DL_Timer_initFourCCPWMMode)
                  00000ac4    000000f0     uart.o (.text.uart0_send_string)
                  00000bb4    000000ec     motor.o (.text.SetSpeed)
                  00000ca0    000000e4     libclang_rt.builtins.a : muldf3.S.obj (.text.__muldf3)
                  00000d84    000000d8                            : addsf3.S.obj (.text)
                  00000e5c    000000a8     ti_msp_dl_config.o (.text.SYSCFG_DL_GPIO_init)
                  00000f04    0000009a     libc.a : memcpy16.S.obj (.text:memcpy)
                  00000f9e    00000002     libclang_rt.builtins.a : aeabi_div0.c.obj (.text.__aeabi_idiv0)
                  00000fa0    00000090     ti_msp_dl_config.o (.text.SYSCFG_DL_TB6612_PWM_init)
                  00001030    0000008c     libclang_rt.builtins.a : mulsf3.S.obj (.text.__mulsf3)
                  000010bc    00000082                            : divsf3.S.obj (.text.__divsf3)
                  0000113e    00000002     --HOLE-- [fill = 0]
                  00001140    0000007c     libc.a : copy_decompress_lzss.c.obj (.text:decompress:lzss)
                  000011bc    00000004     libsysbm.a : hostexit.c.obj (.text.HOSTexit)
                  000011c0    00000074     libclang_rt.builtins.a : truncdfsf2.S.obj (.text.__truncdfsf2)
                  00001234    00000070     ti_msp_dl_config.o (.text.SYSCFG_DL_UART_0_init)
                  000012a4    00000062     libclang_rt.builtins.a : aeabi_fcmp.S.obj (.text.__aeabi_fcmp)
                  00001306    00000002     --HOLE-- [fill = 0]
                  00001308    00000056                            : aeabi_idivmod.S.obj (.text.__aeabi_idivmod)
                  0000135e    00000002     --HOLE-- [fill = 0]
                  00001360    00000048     driverlib.a : dl_uart.o (.text.DL_UART_init)
                  000013a8    00000040     ti_msp_dl_config.o (.text.SYSCFG_DL_initPower)
                  000013e8    00000040     libclang_rt.builtins.a : aeabi_uidivmod.S.obj (.text.__aeabi_uidivmod)
                  00001428    00000040                            : extendsfdf2.S.obj (.text.__extendsfdf2)
                  00001468    0000003c                            : floatsisf.S.obj (.text.__floatsisf)
                  000014a4    0000003c                            : comparesf2.S.obj (.text.__gtsf2)
                  000014e0    0000003c     libc.a : autoinit.c.obj (.text:__TI_auto_init_nobinit_nopinit)
                  0000151c    0000003a     libclang_rt.builtins.a : comparesf2.S.obj (.text.__eqsf2)
                  00001556    00000002     --HOLE-- [fill = 0]
                  00001558    0000003a                            : muldsi3.S.obj (.text.__muldsi3)
                  00001592    00000002     --HOLE-- [fill = 0]
                  00001594    00000038     uart.o (.text.UART0_IRQHandler)
                  000015cc    00000038     libclang_rt.builtins.a : fixsfsi.S.obj (.text.__fixsfsi)
                  00001604    00000034     empty.o (.text.SysTick_Handler)
                  00001638    00000032     libclang_rt.builtins.a : fixunssfsi.S.obj (.text.__fixunssfsi)
                  0000166a    00000002     --HOLE-- [fill = 0]
                  0000166c    00000030     ti_msp_dl_config.o (.text.SYSCFG_DL_SYSTICK_init)
                  0000169c    00000028     libclang_rt.builtins.a : floatunsisf.S.obj (.text.__floatunsisf)
                  000016c4    00000028     libc.a : boot_cortex_m.c.obj (.text:_c_int00_noargs)
                  000016ec    0000001c     driverlib.a : dl_timer.o (.text.DL_Timer_setCaptCompUpdateMethod)
                  00001708    0000001c                 : dl_timer.o (.text.DL_Timer_setClockConfig)
                  00001724    0000001c     graph.o (.text.GRAPH_SENSOR_Init)
                  00001740    0000001c     ti_msp_dl_config.o (.text.SYSCFG_DL_SYSCTL_init)
                  0000175c    0000001c     ti_msp_dl_config.o (.text.SYSCFG_DL_init)
                  00001778    00000018     driverlib.a : dl_timer.o (.text.DL_Timer_setCaptureCompareOutCtl)
                  00001790    00000012                 : dl_uart.o (.text.DL_UART_setClockConfig)
                  000017a2    00000012     libc.a : copy_decompress_none.c.obj (.text:decompress:none)
                  000017b4    00000010     driverlib.a : dl_timer.o (.text.DL_Timer_setCaptureCompareValue)
                  000017c4    0000000a                 : dl_common.o (.text.DL_Common_delayCycles)
                  000017ce    00000002     --HOLE-- [fill = 0]
                  000017d0    00000008     libclang_rt.builtins.a : aeabi_memcpy.S.obj (.text.__aeabi_memcpy)
                  000017d8    00000006     libc.a : exit.c.obj (.text:abort)
                  000017de    00000004     startup_mspm0g350x_ticlang.o (.text.Reset_Handler)
                  000017e2    00000004     libc.a : pre_init.c.obj (.text._system_pre_init)
                  000017e6    0000000a     --HOLE-- [fill = 0]

.cinit     0    000018c0    00000028     
                  000018c0    00000012     (.cinit..data.load) [load image, compression = lzss]
                  000018d2    00000002     --HOLE-- [fill = 0]
                  000018d4    00000008     (__TI_handler_table)
                  000018dc    00000008     (__TI_cinit_table)
                  000018e4    00000004     --HOLE-- [fill = 0]

.rodata    0    000017f0    000000d0     
                  000017f0    0000001b     empty.o (.rodata.str1.17669528882079347314.1)
                  0000180b    00000016     empty.o (.rodata.str1.16704889451495720520.1)
                  00001821    00000014     empty.o (.rodata.str1.14685083708502177989.1)
                  00001835    00000013     uart.o (.rodata.str1.3510367808670815947.1)
                  00001848    00000013     empty.o (.rodata.str1.7401042497206923953.1)
                  0000185b    00000012     empty.o (.rodata.str1.9517790425240694019.1)
                  0000186d    00000011     empty.o (.rodata.str1.11898133897667081452.1)
                  0000187e    00000011     empty.o (.rodata.str1.254342170260855183.1)
                  0000188f    00000001     --HOLE-- [fill = 0]
                  00001890    0000000a     ti_msp_dl_config.o (.rodata.gUART_0Config)
                  0000189a    00000002     ti_msp_dl_config.o (.rodata.gUART_0ClockConfig)
                  0000189c    00000008     ti_msp_dl_config.o (.rodata.gTB6612_PWMConfig)
                  000018a4    00000006     empty.o (.rodata.str1.150872071346279890.1)
                  000018aa    00000005     empty.o (.rodata.str1.15706828512682300538.1)
                  000018af    00000005     empty.o (.rodata.str1.2196762768037919588.1)
                  000018b4    00000003     ti_msp_dl_config.o (.rodata.gTB6612_PWMClockConfig)
                  000018b7    00000003     empty.o (.rodata.str1.17686411042290499047.1)
                  000018ba    00000006     --HOLE-- [fill = 0]

.init_array 
*          0    00000000    00000000     UNINITIALIZED

.binit     0    00000000    00000000     

.data      0    20200000    00000033     UNINITIALIZED
                  20200000    00000004     Encoder.o (.data.Measure_Distance)
                  20200004    00000004     Encoder.o (.data.Motor1_Encoder_Value)
                  20200008    00000004     Encoder.o (.data.Motor1_Lucheng)
                  2020000c    00000004     Encoder.o (.data.Motor1_Speed)
                  20200010    00000004     Encoder.o (.data.Motor2_Encoder_Value)
                  20200014    00000004     Encoder.o (.data.Motor2_Lucheng)
                  20200018    00000004     Encoder.o (.data.Motor2_Speed)
                  2020001c    00000004     empty.o (.data.g_measure_ticks)
                  20200020    00000004     motor.o (.data.g_pwm1)
                  20200024    00000004     motor.o (.data.g_pwm2)
                  20200028    00000004     empty.o (.data.g_systick_count)
                  2020002c    00000004     empty.o (.data.g_uart_tx_ticks)
                  20200030    00000001     motor.o (.data.g_dir1)
                  20200031    00000001     motor.o (.data.g_dir2)
                  20200032    00000001     uart.o (.data.uart_data)

.stack     0    20207e00    00000200     UNINITIALIZED
                  20207e00    00000004     libc.a : boot_cortex_m.c.obj (.stack)
                  20207e04    000001fc     --HOLE--

__llvm_prf_cnts 
*          0    20200000    00000000     UNINITIALIZED

__llvm_prf_bits 
*          0    20200000    00000000     UNINITIALIZED

MODULE SUMMARY

       Module                         code   ro data   rw data
       ------                         ----   -------   -------
    .\
       empty.o                        528    159       12     
       ti_msp_dl_config.o             592    23        0      
       startup_mspm0g350x_ticlang.o   6      192       0      
    +--+------------------------------+------+---------+---------+
       Total:                         1126   374       12     
                                                              
    .\Encoder\
       Encoder.o                      320    0         28     
    +--+------------------------------+------+---------+---------+
       Total:                         320    0         28     
                                                              
    .\GRAPH\
       graph.o                        28     0         0      
    +--+------------------------------+------+---------+---------+
       Total:                         28     0         0      
                                                              
    .\Motor\
       motor.o                        236    0         10     
    +--+------------------------------+------+---------+---------+
       Total:                         236    0         10     
                                                              
    .\Uart\
       uart.o                         1132   19        1      
    +--+------------------------------+------+---------+---------+
       Total:                         1132   19        1      
                                                              
    C:/ti/mspm0_sdk_2_10_00_04/source/ti/driverlib/lib/ticlang/m0p/mspm0g1x0x_g3x0x/driverlib.a
       dl_timer.o                     356    0         0      
       dl_uart.o                      90     0         0      
       dl_common.o                    10     0         0      
    +--+------------------------------+------+---------+---------+
       Total:                         456    0         0      
                                                              
    D:\Study\DianSai\M0_software_info\CCS Theia\ccs\tools\compiler\ti-cgt-armllvm_4.0.4.LTS\lib\armv6m-ti-none-eabi/c/libc.a
       memcpy16.S.obj                 154    0         0      
       copy_decompress_lzss.c.obj     124    0         0      
       autoinit.c.obj                 60     0         0      
       boot_cortex_m.c.obj            40     0         0      
       copy_decompress_none.c.obj     18     0         0      
       exit.c.obj                     6      0         0      
       pre_init.c.obj                 4      0         0      
    +--+------------------------------+------+---------+---------+
       Total:                         406    0         0      
                                                              
    D:\Study\DianSai\M0_software_info\CCS Theia\ccs\tools\compiler\ti-cgt-armllvm_4.0.4.LTS\lib\armv6m-ti-none-eabi/c/libsysbm.a
       hostexit.c.obj                 4      0         0      
    +--+------------------------------+------+---------+---------+
       Total:                         4      0         0      
                                                              
    D:\Study\DianSai\M0_software_info\CCS Theia\ccs\tools\compiler\ti-cgt-armllvm_4.0.4.LTS\lib\armv6m-ti-none-eabi/libclang_rt.builtins.a
       adddf3.S.obj                   402    0         0      
       divdf3.S.obj                   268    0         0      
       muldf3.S.obj                   228    0         0      
       addsf3.S.obj                   216    0         0      
       mulsf3.S.obj                   140    0         0      
       divsf3.S.obj                   130    0         0      
       comparesf2.S.obj               118    0         0      
       truncdfsf2.S.obj               116    0         0      
       aeabi_fcmp.S.obj               98     0         0      
       aeabi_idivmod.S.obj            86     0         0      
       aeabi_uidivmod.S.obj           64     0         0      
       extendsfdf2.S.obj              64     0         0      
       floatsisf.S.obj                60     0         0      
       muldsi3.S.obj                  58     0         0      
       fixsfsi.S.obj                  56     0         0      
       fixunssfsi.S.obj               50     0         0      
       floatunsisf.S.obj              40     0         0      
       aeabi_memcpy.S.obj             8      0         0      
       aeabi_div0.c.obj               2      0         0      
    +--+------------------------------+------+---------+---------+
       Total:                         2204   0         0      
                                                              
       Stack:                         0      0         512    
       Linker Generated:              0      34        0      
    +--+------------------------------+------+---------+---------+
       Grand Total:                   5912   427       563    


LINKER GENERATED COPY TABLES

__TI_cinit_table @ 000018dc records: 1, size/record: 8, table size: 8
	.data: load addr=000018c0, load size=00000012 bytes, run addr=20200000, run size=00000033 bytes, compression=lzss


LINKER GENERATED HANDLER TABLE

__TI_handler_table @ 000018d4 records: 2, size/record: 4, table size: 8
	index: 0, handler: __TI_decompress_lzss
	index: 1, handler: __TI_decompress_none


GLOBAL SYMBOLS: SORTED ALPHABETICALLY BY Name 

address   name                            
-------   ----                            
000005f3  ADC0_IRQHandler                 
000005f3  ADC1_IRQHandler                 
000005f3  AES_IRQHandler                  
000011bc  C$$EXIT                         
000005f3  CANFD0_IRQHandler               
000005f3  DAC0_IRQHandler                 
000017c5  DL_Common_delayCycles           
000009c1  DL_Timer_initFourCCPWMMode      
000016ed  DL_Timer_setCaptCompUpdateMethod
00001779  DL_Timer_setCaptureCompareOutCtl
000017b5  DL_Timer_setCaptureCompareValue 
00001709  DL_Timer_setClockConfig         
00001361  DL_UART_init                    
00001791  DL_UART_setClockConfig          
000005f3  DMA_IRQHandler                  
000005f3  Default_Handler                 
00001725  GRAPH_SENSOR_Init               
000005f3  GROUP0_IRQHandler               
000005f3  GROUP1_IRQHandler               
000011bd  HOSTexit                        
000005f3  HardFault_Handler               
000005f3  I2C0_IRQHandler                 
000005f3  I2C1_IRQHandler                 
00000775  MEASURE_MOTORS_SPEED            
20200000  Measure_Distance                
20200004  Motor1_Encoder_Value            
20200008  Motor1_Lucheng                  
2020000c  Motor1_Speed                    
20200010  Motor2_Encoder_Value            
20200014  Motor2_Lucheng                  
20200018  Motor2_Speed                    
000005f3  NMI_Handler                     
000005f3  PendSV_Handler                  
000005f3  RTC_IRQHandler                  
000017df  Reset_Handler                   
000005f3  SPI0_IRQHandler                 
000005f3  SPI1_IRQHandler                 
000005f3  SVC_Handler                     
00000e5d  SYSCFG_DL_GPIO_init             
00001741  SYSCFG_DL_SYSCTL_init           
0000166d  SYSCFG_DL_SYSTICK_init          
00000fa1  SYSCFG_DL_TB6612_PWM_init       
00001235  SYSCFG_DL_UART_0_init           
0000175d  SYSCFG_DL_init                  
000013a9  SYSCFG_DL_initPower             
00000bb5  SetSpeed                        
00001605  SysTick_Handler                 
000005f3  TIMA0_IRQHandler                
000005f3  TIMA1_IRQHandler                
000005f3  TIMG0_IRQHandler                
000005f3  TIMG12_IRQHandler               
000005f3  TIMG6_IRQHandler                
000005f3  TIMG7_IRQHandler                
000005f3  TIMG8_IRQHandler                
00001595  UART0_IRQHandler                
000005f3  UART1_IRQHandler                
000005f3  UART2_IRQHandler                
000005f3  UART3_IRQHandler                
000005f5  Uartinit                        
20208000  __STACK_END                     
00000200  __STACK_SIZE                    
00000000  __TI_ATRegion0_region_sz        
00000000  __TI_ATRegion0_src_addr         
00000000  __TI_ATRegion0_trg_addr         
00000000  __TI_ATRegion1_region_sz        
00000000  __TI_ATRegion1_src_addr         
00000000  __TI_ATRegion1_trg_addr         
00000000  __TI_ATRegion2_region_sz        
00000000  __TI_ATRegion2_src_addr         
00000000  __TI_ATRegion2_trg_addr         
000018dc  __TI_CINIT_Base                 
000018e4  __TI_CINIT_Limit                
000018e4  __TI_CINIT_Warm                 
000018d4  __TI_Handler_Table_Base         
000018dc  __TI_Handler_Table_Limit        
000014e1  __TI_auto_init_nobinit_nopinit  
00001141  __TI_decompress_lzss            
000017a3  __TI_decompress_none            
ffffffff  __TI_pprof_out_hndl             
ffffffff  __TI_prof_data_size             
ffffffff  __TI_prof_data_start            
00000000  __TI_static_base__              
0000046b  __adddf3                        
00000d8f  __addsf3                        
000011c1  __aeabi_d2f                     
0000046b  __aeabi_dadd                    
000008b5  __aeabi_ddiv                    
00000ca1  __aeabi_dmul                    
00000461  __aeabi_dsub                    
00001429  __aeabi_f2d                     
000015cd  __aeabi_f2iz                    
00001639  __aeabi_f2uiz                   
00000d8f  __aeabi_fadd                    
000012a5  __aeabi_fcmpeq                  
000012e1  __aeabi_fcmpge                  
000012f5  __aeabi_fcmpgt                  
000012cd  __aeabi_fcmple                  
000012b9  __aeabi_fcmplt                  
000010bd  __aeabi_fdiv                    
00001031  __aeabi_fmul                    
00000d85  __aeabi_fsub                    
00001469  __aeabi_i2f                     
00001309  __aeabi_idiv                    
00000f9f  __aeabi_idiv0                   
00001309  __aeabi_idivmod                 
000017d1  __aeabi_memcpy                  
000017d1  __aeabi_memcpy4                 
000017d1  __aeabi_memcpy8                 
0000169d  __aeabi_ui2f                    
000013e9  __aeabi_uidiv                   
000013e9  __aeabi_uidivmod                
ffffffff  __binit__                       
0000151d  __cmpsf2                        
000008b5  __divdf3                        
000010bd  __divsf3                        
0000151d  __eqsf2                         
00001429  __extendsfdf2                   
000015cd  __fixsfsi                       
00001639  __fixunssfsi                    
00001469  __floatsisf                     
0000169d  __floatunsisf                   
000014a5  __gesf2                         
000014a5  __gtsf2                         
0000151d  __lesf2                         
0000151d  __ltsf2                         
UNDEFED   __mpu_init                      
00000ca1  __muldf3                        
00001559  __muldsi3                       
00001031  __mulsf3                        
0000151d  __nesf2                         
20207e00  __stack                         
20200000  __start___llvm_prf_bits         
20200000  __start___llvm_prf_cnts         
20200000  __stop___llvm_prf_bits          
20200000  __stop___llvm_prf_cnts          
00000461  __subdf3                        
00000d85  __subsf3                        
000011c1  __truncdfsf2                    
000016c5  _c_int00_noargs                 
UNDEFED   _system_post_cinit              
000017e3  _system_pre_init                
000017d9  abort                           
ffffffff  binit                           
20200030  g_dir1                          
20200031  g_dir2                          
2020001c  g_measure_ticks                 
20200020  g_pwm1                          
20200024  g_pwm2                          
20200028  g_systick_count                 
2020002c  g_uart_tx_ticks                 
00000000  interruptVectors                
000000c1  main                            
00000f05  memcpy                          
0000029d  uart0_send_speed                
00000ac5  uart0_send_string               
20200032  uart_data                       


GLOBAL SYMBOLS: SORTED BY Symbol Address 

address   name                            
-------   ----                            
00000000  __TI_ATRegion0_region_sz        
00000000  __TI_ATRegion0_src_addr         
00000000  __TI_ATRegion0_trg_addr         
00000000  __TI_ATRegion1_region_sz        
00000000  __TI_ATRegion1_src_addr         
00000000  __TI_ATRegion1_trg_addr         
00000000  __TI_ATRegion2_region_sz        
00000000  __TI_ATRegion2_src_addr         
00000000  __TI_ATRegion2_trg_addr         
00000000  __TI_static_base__              
00000000  interruptVectors                
000000c1  main                            
00000200  __STACK_SIZE                    
0000029d  uart0_send_speed                
00000461  __aeabi_dsub                    
00000461  __subdf3                        
0000046b  __adddf3                        
0000046b  __aeabi_dadd                    
000005f3  ADC0_IRQHandler                 
000005f3  ADC1_IRQHandler                 
000005f3  AES_IRQHandler                  
000005f3  CANFD0_IRQHandler               
000005f3  DAC0_IRQHandler                 
000005f3  DMA_IRQHandler                  
000005f3  Default_Handler                 
000005f3  GROUP0_IRQHandler               
000005f3  GROUP1_IRQHandler               
000005f3  HardFault_Handler               
000005f3  I2C0_IRQHandler                 
000005f3  I2C1_IRQHandler                 
000005f3  NMI_Handler                     
000005f3  PendSV_Handler                  
000005f3  RTC_IRQHandler                  
000005f3  SPI0_IRQHandler                 
000005f3  SPI1_IRQHandler                 
000005f3  SVC_Handler                     
000005f3  TIMA0_IRQHandler                
000005f3  TIMA1_IRQHandler                
000005f3  TIMG0_IRQHandler                
000005f3  TIMG12_IRQHandler               
000005f3  TIMG6_IRQHandler                
000005f3  TIMG7_IRQHandler                
000005f3  TIMG8_IRQHandler                
000005f3  UART1_IRQHandler                
000005f3  UART2_IRQHandler                
000005f3  UART3_IRQHandler                
000005f5  Uartinit                        
00000775  MEASURE_MOTORS_SPEED            
000008b5  __aeabi_ddiv                    
000008b5  __divdf3                        
000009c1  DL_Timer_initFourCCPWMMode      
00000ac5  uart0_send_string               
00000bb5  SetSpeed                        
00000ca1  __aeabi_dmul                    
00000ca1  __muldf3                        
00000d85  __aeabi_fsub                    
00000d85  __subsf3                        
00000d8f  __addsf3                        
00000d8f  __aeabi_fadd                    
00000e5d  SYSCFG_DL_GPIO_init             
00000f05  memcpy                          
00000f9f  __aeabi_idiv0                   
00000fa1  SYSCFG_DL_TB6612_PWM_init       
00001031  __aeabi_fmul                    
00001031  __mulsf3                        
000010bd  __aeabi_fdiv                    
000010bd  __divsf3                        
00001141  __TI_decompress_lzss            
000011bc  C$$EXIT                         
000011bd  HOSTexit                        
000011c1  __aeabi_d2f                     
000011c1  __truncdfsf2                    
00001235  SYSCFG_DL_UART_0_init           
000012a5  __aeabi_fcmpeq                  
000012b9  __aeabi_fcmplt                  
000012cd  __aeabi_fcmple                  
000012e1  __aeabi_fcmpge                  
000012f5  __aeabi_fcmpgt                  
00001309  __aeabi_idiv                    
00001309  __aeabi_idivmod                 
00001361  DL_UART_init                    
000013a9  SYSCFG_DL_initPower             
000013e9  __aeabi_uidiv                   
000013e9  __aeabi_uidivmod                
00001429  __aeabi_f2d                     
00001429  __extendsfdf2                   
00001469  __aeabi_i2f                     
00001469  __floatsisf                     
000014a5  __gesf2                         
000014a5  __gtsf2                         
000014e1  __TI_auto_init_nobinit_nopinit  
0000151d  __cmpsf2                        
0000151d  __eqsf2                         
0000151d  __lesf2                         
0000151d  __ltsf2                         
0000151d  __nesf2                         
00001559  __muldsi3                       
00001595  UART0_IRQHandler                
000015cd  __aeabi_f2iz                    
000015cd  __fixsfsi                       
00001605  SysTick_Handler                 
00001639  __aeabi_f2uiz                   
00001639  __fixunssfsi                    
0000166d  SYSCFG_DL_SYSTICK_init          
0000169d  __aeabi_ui2f                    
0000169d  __floatunsisf                   
000016c5  _c_int00_noargs                 
000016ed  DL_Timer_setCaptCompUpdateMethod
00001709  DL_Timer_setClockConfig         
00001725  GRAPH_SENSOR_Init               
00001741  SYSCFG_DL_SYSCTL_init           
0000175d  SYSCFG_DL_init                  
00001779  DL_Timer_setCaptureCompareOutCtl
00001791  DL_UART_setClockConfig          
000017a3  __TI_decompress_none            
000017b5  DL_Timer_setCaptureCompareValue 
000017c5  DL_Common_delayCycles           
000017d1  __aeabi_memcpy                  
000017d1  __aeabi_memcpy4                 
000017d1  __aeabi_memcpy8                 
000017d9  abort                           
000017df  Reset_Handler                   
000017e3  _system_pre_init                
000018d4  __TI_Handler_Table_Base         
000018dc  __TI_CINIT_Base                 
000018dc  __TI_Handler_Table_Limit        
000018e4  __TI_CINIT_Limit                
000018e4  __TI_CINIT_Warm                 
20200000  Measure_Distance                
20200000  __start___llvm_prf_bits         
20200000  __start___llvm_prf_cnts         
20200000  __stop___llvm_prf_bits          
20200000  __stop___llvm_prf_cnts          
20200004  Motor1_Encoder_Value            
20200008  Motor1_Lucheng                  
2020000c  Motor1_Speed                    
20200010  Motor2_Encoder_Value            
20200014  Motor2_Lucheng                  
20200018  Motor2_Speed                    
2020001c  g_measure_ticks                 
20200020  g_pwm1                          
20200024  g_pwm2                          
20200028  g_systick_count                 
2020002c  g_uart_tx_ticks                 
20200030  g_dir1                          
20200031  g_dir2                          
20200032  uart_data                       
20207e00  __stack                         
20208000  __STACK_END                     
ffffffff  __TI_pprof_out_hndl             
ffffffff  __TI_prof_data_size             
ffffffff  __TI_prof_data_start            
ffffffff  __binit__                       
ffffffff  binit                           
UNDEFED   __mpu_init                      
UNDEFED   _system_post_cinit              

[156 symbols]
